Archive member included to satisfy reference by file (symbol)

/home/haron/Desktop/sip-example/build/sip_uploader/lib/liboutpost_sip.a(coordinator_packet_receiver.o)
                              /home/haron/Desktop/sip-example/build/sip_uploader/sip-uploader/main.o (vtable for outpost::sip::CoordinatorPacketReceiver)
/home/haron/Desktop/sip-example/build/sip_uploader/lib/liboutpost_sip.a(coordinator.o)
                              /home/haron/Desktop/sip-example/build/sip_uploader/sip-uploader/main.o (outpost::sip::Coordinator::Coordinator(outpost::sip::PacketTransport&))
/home/haron/Desktop/sip-example/build/sip_uploader/lib/liboutpost_sip.a(packet_transport_wrapper.o)
                              /home/haron/Desktop/sip-example/build/sip_uploader/sip-uploader/main.o (outpost::sip::PacketTransportWrapper::PacketTransportWrapper(outpost::transport::FrameTransport&))
/home/haron/Desktop/sip-example/build/sip_uploader/lib/liboutpost_sip.a(packet_writer.o)
                              /home/haron/Desktop/sip-example/build/sip_uploader/lib/liboutpost_sip.a(coordinator.o) (outpost::sip::PacketWriter::PacketWriter(outpost::Slice<unsigned char>))
/home/haron/Desktop/sip-example/build/sip_uploader/lib/liboutpost_sip.a(packet_reader.o)
                              /home/haron/Desktop/sip-example/build/sip_uploader/lib/liboutpost_sip.a(coordinator_packet_receiver.o) (outpost::sip::PacketReader::PacketReader(outpost::Slice<unsigned char const>))
/home/haron/Desktop/sip-example/build/sip_uploader/lib/liboutpost_hal_posix.a(serial_port.o)
                              /home/haron/Desktop/sip-example/build/sip_uploader/sip-uploader/main.o (outpost::posix::SerialPort::SerialPort())
/home/haron/Desktop/sip-example/build/sip_uploader/lib/liboutpost_transport.a(frame_transport_serial.o)
                              /home/haron/Desktop/sip-example/build/sip_uploader/sip-uploader/main.o (outpost::transport::FrameTransportTxSerial::transmit(outpost::Slice<unsigned char const> const&))
/home/haron/Desktop/sip-example/build/sip_uploader/lib/liboutpost_transport.a(frame_encoder_hdlc.o)
                              /home/haron/Desktop/sip-example/build/sip_uploader/sip-uploader/main.o (outpost::transport::FrameEncoderHdlc::~FrameEncoderHdlc())
/home/haron/Desktop/sip-example/build/sip_uploader/lib/liboutpost_transport.a(buffered_frame_decoder_hdlc.o)
                              /home/haron/Desktop/sip-example/build/sip_uploader/sip-uploader/main.o (outpost::transport::BufferedFrameDecoderHdlc::~BufferedFrameDecoderHdlc())
/home/haron/Desktop/sip-example/build/sip_uploader/lib/liboutpost_coding.a(hdlc.o)
                              /home/haron/Desktop/sip-example/build/sip_uploader/lib/liboutpost_transport.a(frame_encoder_hdlc.o) (outpost::coding::HdlcStuffing::encode(outpost::Slice<unsigned char const> const&, outpost::Slice<unsigned char>&))
/home/haron/Desktop/sip-example/build/sip_uploader/lib/libserial.a(serial.o)
                              /home/haron/Desktop/sip-example/build/sip_uploader/lib/liboutpost_hal_posix.a(serial_port.o) (serial::Serial::~Serial())
/home/haron/Desktop/sip-example/build/sip_uploader/lib/libserial.a(unix.o)
                              /home/haron/Desktop/sip-example/build/sip_uploader/lib/libserial.a(serial.o) (serial::Serial::SerialImpl::isOpen() const)
/home/haron/Desktop/sip-example/build/sip_uploader/lib/liboutpost_rtos_posix_base.a(thread.o)
                              /home/haron/Desktop/sip-example/build/sip_uploader/lib/liboutpost_sip.a(coordinator_packet_receiver.o) (outpost::posix::Thread::Thread(unsigned char, unsigned long, char const*, outpost::posix::Thread::FloatingPointSupport, unsigned char))
/home/haron/Desktop/sip-example/build/sip_uploader/lib/liboutpost_rtos_posix_base.a(failure_handler.o)
                              /home/haron/Desktop/sip-example/build/sip_uploader/lib/liboutpost_rtos_posix_base.a(thread.o) (outpost::rtos::FailureHandler::fatal(outpost::rtos::FailureCode))
/home/haron/Desktop/sip-example/build/sip_uploader/lib/liboutpost_rtos_posix_base.a(clock.o)
                              /home/haron/Desktop/sip-example/build/sip_uploader/sip-uploader/main.o (vtable for outpost::posix::SystemClock)
/home/haron/Desktop/sip-example/build/sip_uploader/lib/liboutpost_rtos_posix_base.a(mutex.o)
                              /home/haron/Desktop/sip-example/build/sip_uploader/lib/liboutpost_transport.a(frame_transport_serial.o) (outpost::posix::Mutex::Mutex())
/home/haron/Desktop/sip-example/build/sip_uploader/lib/liboutpost_rtos_posix_base.a(queue_raw.o)
                              /home/haron/Desktop/sip-example/build/sip_uploader/lib/liboutpost_sip.a(coordinator.o) (outpost::posix::QueueRaw::QueueRaw(unsigned long, unsigned long))
/home/haron/Desktop/sip-example/build/sip_uploader/lib/liboutpost_rtos_posix_base.a(time.o)
[...]
Memory Configuration

Name             Origin             Length             Attributes
*default*        0x0000000000000000 0xffffffffffffffff

Linker script and memory map

LOAD /usr/lib/gcc/x86_64-pc-linux-gnu/14.2.1/../../../../lib/Scrt1.o
LOAD /usr/lib/gcc/x86_64-pc-linux-gnu/14.2.1/../../../../lib/crti.o
LOAD /usr/lib/gcc/x86_64-pc-linux-gnu/14.2.1/crtbeginS.o
LOAD /home/haron/Desktop/sip-example/build/sip_uploader/sip-uploader/main.o
LOAD /home/haron/Desktop/sip-example/build/sip_uploader/lib/liboutpost_sip.a
LOAD /home/haron/Desktop/sip-example/build/sip_uploader/lib/liboutpost_hal_posix.a
LOAD /home/haron/Desktop/sip-example/build/sip_uploader/lib/liboutpost_coding.a
LOAD /home/haron/Desktop/sip-example/build/sip_uploader/lib/liboutpost_utils.a
LOAD /home/haron/Desktop/sip-example/build/sip_uploader/lib/liboutpost_transport.a
LOAD /home/haron/Desktop/sip-example/build/sip_uploader/lib/liboutpost_coding.a
LOAD /home/haron/Desktop/sip-example/build/sip_uploader/lib/libserial.a
LOAD /home/haron/Desktop/sip-example/build/sip_uploader/lib/liboutpost_rtos.a
LOAD /home/haron/Desktop/sip-example/build/sip_uploader/lib/liboutpost_rtos_posix_base.a
LOAD /home/haron/Desktop/sip-example/build/sip_uploader/lib/liboutpost_hal.a
LOAD /home/haron/Desktop/sip-example/build/sip_uploader/lib/liboutpost_utils.a
LOAD /usr/lib/gcc/x86_64-pc-linux-gnu/14.2.1/../../../../lib/libpthread.a
LOAD /usr/lib/gcc/x86_64-pc-linux-gnu/14.2.1/../../../../lib/libpthread.a
LOAD /usr/lib/gcc/x86_64-pc-linux-gnu/14.2.1/../../../../lib/librt.a
LOAD /home/haron/Desktop/sip-example/build/sip_uploader/lib/liboutpost_base.a
LOAD /home/haron/Desktop/sip-example/build/sip_uploader/lib/liboutpost_swb.a
LOAD /home/haron/Desktop/sip-example/build/sip_uploader/lib/liboutpost_container.a
LOAD /usr/lib/gcc/x86_64-pc-linux-gnu/14.2.1/../../../../lib/libpthread.a
LOAD /home/haron/Desktop/sip-example/build/sip_uploader/lib/liboutpost_rtos_posix_base.a
LOAD /home/haron/Desktop/sip-example/build/sip_uploader/lib/liboutpost_rtos.a
LOAD /home/haron/Desktop/sip-example/build/sip_uploader/lib/liboutpost_traits.a
LOAD /home/haron/Desktop/sip-example/build/sip_uploader/lib/liboutpost_storage.a
LOAD /home/haron/Desktop/sip-example/build/sip_uploader/lib/liboutpost_utils.a
LOAD /usr/lib/gcc/x86_64-pc-linux-gnu/14.2.1/../../../../lib/libpthread.a
LOAD /usr/lib/gcc/x86_64-pc-linux-gnu/14.2.1/../../../../lib/librt.a
LOAD /home/haron/Desktop/sip-example/build/sip_uploader/lib/liboutpost_time.a
LOAD /home/haron/Desktop/sip-example/build/sip_uploader/lib/liboutpost_rtos_posix_base.a
LOAD /usr/lib/gcc/x86_64-pc-linux-gnu/14.2.1/../../../../lib/libpthread.a
LOAD /home/haron/Desktop/sip-example/build/sip_uploader/lib/liboutpost_base.a
LOAD /home/haron/Desktop/sip-example/build/sip_uploader/lib/liboutpost_support.a
LOAD /home/haron/Desktop/sip-example/build/sip_uploader/lib/liboutpost_smpc.a
LOAD /usr/lib/gcc/x86_64-pc-linux-gnu/14.2.1/../../../../lib/libpthread.a
LOAD /home/haron/Desktop/sip-example/build/sip_uploader/lib/liboutpost_rtos_posix_base.a
LOAD /home/haron/Desktop/sip-example/build/sip_uploader/lib/liboutpost_container.a
LOAD /home/haron/Desktop/sip-example/build/sip_uploader/lib/liboutpost_rtos.a
LOAD /home/haron/Desktop/sip-example/build/sip_uploader/lib/liboutpost_utils.a
LOAD /usr/lib/gcc/x86_64-pc-linux-gnu/14.2.1/../../../../lib/libstdc++.so
LOAD /usr/lib/gcc/x86_64-pc-linux-gnu/14.2.1/../../../../lib/libm.so
START GROUP
LOAD /usr/lib/libm.so.6
LOAD /usr/lib/libmvec.so.1
END GROUP
LOAD /usr/lib/gcc/x86_64-pc-linux-gnu/14.2.1/../../../../lib/libgcc_s.so
START GROUP
LOAD /usr/lib/gcc/x86_64-pc-linux-gnu/14.2.1/../../../../lib/libgcc_s.so.1
LOAD /usr/lib/gcc/x86_64-pc-linux-gnu/14.2.1/libgcc.a
END GROUP
LOAD /usr/lib/gcc/x86_64-pc-linux-gnu/14.2.1/libgcc.a
LOAD /usr/lib/gcc/x86_64-pc-linux-gnu/14.2.1/../../../../lib/libc.so
START GROUP
LOAD /usr/lib/libc.so.6
LOAD /usr/lib/libc_nonshared.a
LOAD /usr/lib/ld-linux-x86-64.so.2
END GROUP
LOAD /usr/lib/gcc/x86_64-pc-linux-gnu/14.2.1/../../../../lib/libgcc_s.so
START GROUP
LOAD /usr/lib/gcc/x86_64-pc-linux-gnu/14.2.1/../../../../lib/libgcc_s.so.1
LOAD /usr/lib/gcc/x86_64-pc-linux-gnu/14.2.1/libgcc.a
END GROUP
LOAD /usr/lib/gcc/x86_64-pc-linux-gnu/14.2.1/libgcc.a
LOAD /usr/lib/gcc/x86_64-pc-linux-gnu/14.2.1/crtendS.o
LOAD /usr/lib/gcc/x86_64-pc-linux-gnu/14.2.1/../../../../lib/crtn.o
                [!provide]                        PROVIDE (__executable_start = SEGMENT_START ("text-segment", 0x0))
                0x0000000000000318                . = (SEGMENT_START ("text-segment", 0x0) + SIZEOF_HEADERS)

.interp         0x0000000000000318       0x1c
 *(.interp)
 .interp        0x0000000000000318       0x1c /usr/lib/gcc/x86_64-pc-linux-gnu/14.2.1/../../../../lib/Scrt1.o

.note.gnu.property
                0x0000000000000338       0x40
 .note.gnu.property
                0x0000000000000338       0x40 /usr/lib/gcc/x86_64-pc-linux-gnu/14.2.1/../../../../lib/Scrt1.o

.note.ABI-tag   0x0000000000000378       0x20
 .note.ABI-tag  0x0000000000000378       0x20 /usr/lib/gcc/x86_64-pc-linux-gnu/14.2.1/../../../../lib/Scrt1.o

.note.gnu.build-id
                0x0000000000000398       0x24
 .note.gnu.build-id
                0x0000000000000398       0x24 /usr/lib/gcc/x86_64-pc-linux-gnu/14.2.1/../../../../lib/Scrt1.o

.hash
 *(.hash)

.gnu.hash       0x00000000000003c0       0xa8
 *(.gnu.hash)
 .gnu.hash      0x00000000000003c0       0xa8 /usr/lib/gcc/x86_64-pc-linux-gnu/14.2.1/../../../../lib/Scrt1.o

.dynsym         0x0000000000000468      0xdf8
 *(.dynsym)
 .dynsym        0x0000000000000468      0xdf8 /usr/lib/gcc/x86_64-pc-linux-gnu/14.2.1/../../../../lib/Scrt1.o

.dynstr         0x0000000000001260     0x12cc
 *(.dynstr)
 .dynstr        0x0000000000001260     0x12cc /usr/lib/gcc/x86_64-pc-linux-gnu/14.2.1/../../../../lib/Scrt1.o

.gnu.version    0x000000000000252c      0x12a
 *(.gnu.version)
 .gnu.version   0x000000000000252c      0x12a /usr/lib/gcc/x86_64-pc-linux-gnu/14.2.1/../../../../lib/Scrt1.o

.gnu.version_d  0x0000000000002658        0x0
 *(.gnu.version_d)
 .gnu.version_d
                0x0000000000002658        0x0 /usr/lib/gcc/x86_64-pc-linux-gnu/14.2.1/../../../../lib/Scrt1.o

.gnu.version_r  0x0000000000002658      0x140
 *(.gnu.version_r)
 .gnu.version_r
                0x0000000000002658      0x140 /usr/lib/gcc/x86_64-pc-linux-gnu/14.2.1/../../../../lib/Scrt1.o

.rela.dyn       0x0000000000002798     0x27c0
 *(.rela.init)
 *(.rela.text .rela.text.* .rela.gnu.linkonce.t.*)
 .rela.text._ZN7outpost3sip25CoordinatorPacketReceiverD2Ev
                0x0000000000002798        0x0 /usr/lib/gcc/x86_64-pc-linux-gnu/14.2.1/../../../../lib/Scrt1.o
 .rela.text._ZN7outpost9transport20FrameTransportSerialD1Ev
                0x0000000000002798        0x0 /usr/lib/gcc/x86_64-pc-linux-gnu/14.2.1/../../../../lib/Scrt1.o
 .rela.text._ZNSt23_Sp_counted_ptr_inplaceIN4popl5ValueIcEESaIvELN9__gnu_cxx12_Lock_policyE2EE14_M_get_deleterERKSt9type_info
                0x0000000000002798        0x0 /usr/lib/gcc/x86_64-pc-linux-gnu/14.2.1/../../../../lib/Scrt1.o
 .rela.text._ZN4popl5ValueIcE16update_referenceEv
                0x0000000000002798        0x0 /usr/lib/gcc/x86_64-pc-linux-gnu/14.2.1/../../../../lib/Scrt1.o
 .rela.text._ZN4popl5ValueIjE16update_referenceEv
                0x0000000000002798        0x0 /usr/lib/gcc/x86_64-pc-linux-gnu/14.2.1/../../../../lib/Scrt1.o
 .rela.text._ZN4popl5ValueINSt7__cxx1112basic_stringIcSt11char_traitsIcESaIcEEEE16update_referenceEv
                0x0000000000002798        0x0 /usr/lib/gcc/x86_64-pc-linux-gnu/14.2.1/../../../../lib/Scrt1.o
 .rela.text._ZN4popl5ValueIbE16update_referenceEv
                0x0000000000002798        0x0 /usr/lib/gcc/x86_64-pc-linux-gnu/14.2.1/../../../../lib/Scrt1.o
 .rela.text._ZNSt23_Sp_counted_ptr_inplaceIN4popl6SwitchESaIvELN9__gnu_cxx12_Lock_policyE2EE14_M_get_deleterERKSt9type_info
                0x0000000000002798        0x0 /usr/lib/gcc/x86_64-pc-linux-gnu/14.2.1/../../../../lib/Scrt1.o
 .rela.text._ZNSt23_Sp_counted_ptr_inplaceIN4popl5ValueINSt7__cxx1112basic_stringIcSt11char_traitsIcESaIcEEEEESaIvELN9__gnu_cxx12_Lock_policyE2EE14_M_get_deleterERKSt9type_info
                0x0000000000002798        0x0 /usr/lib/gcc/x86_64-pc-linux-gnu/14.2.1/../../../../lib/Scrt1.o
 .rela.text._ZNSt23_Sp_counted_ptr_inplaceIN4popl5ValueIjEESaIvELN9__gnu_cxx12_Lock_policyE2EE14_M_get_deleterERKSt9type_info
                0x0000000000002798        0x0 /usr/lib/gcc/x86_64-pc-linux-gnu/14.2.1/../../../../lib/Scrt1.o
 .rela.text._ZN7outpost9transport20FrameTransportSerialD0Ev
                0x0000000000002798        0x0 /usr/lib/gcc/x86_64-pc-linux-gnu/14.2.1/../../../../lib/Scrt1.o
 .rela.text._ZN4popl27BashCompletionOptionPrinterD2Ev
                0x0000000000002798        0x0 /usr/lib/gcc/x86_64-pc-linux-gnu/14.2.1/../../../../lib/Scrt1.o
 .rela.text._ZN4popl14invalid_optionD2Ev
                0x0000000000002798        0x0 /usr/lib/gcc/x86_64-pc-linux-gnu/14.2.1/../../../../lib/Scrt1.o
 .rela.text._ZN4popl27BashCompletionOptionPrinterD0Ev
                0x0000000000002798        0x0 /usr/lib/gcc/x86_64-pc-linux-gnu/14.2.1/../../../../lib/Scrt1.o
 .rela.text._ZN4popl14invalid_optionD0Ev
                0x0000000000002798        0x0 /usr/lib/gcc/x86_64-pc-linux-gnu/14.2.1/../../../../lib/Scrt1.o
 .rela.text._ZN4popl5ValueIjE5clearEv
                0x0000000000002798        0x0 /usr/lib/gcc/x86_64-pc-linux-gnu/14.2.1/../../../../lib/Scrt1.o
 .rela.text._ZN4popl5ValueIcE5clearEv
                0x0000000000002798        0x0 /usr/lib/gcc/x86_64-pc-linux-gnu/14.2.1/../../../../lib/Scrt1.o
 .rela.text._ZN4popl5ValueIcED2Ev
                0x0000000000002798        0x0 /usr/lib/gcc/x86_64-pc-linux-gnu/14.2.1/../../../../lib/Scrt1.o
 .rela.text._ZN4popl5ValueIjED2Ev
                0x0000000000002798        0x0 /usr/lib/gcc/x86_64-pc-linux-gnu/14.2.1/../../../../lib/Scrt1.o
 .rela.text._ZN4popl5ValueINSt7__cxx1112basic_stringIcSt11char_traitsIcESaIcEEEE5clearEv
                0x0000000000002798        0x0 /usr/lib/gcc/x86_64-pc-linux-gnu/14.2.1/../../../../lib/Scrt1.o
 .rela.text._ZN4popl5ValueIcED0Ev
                0x0000000000002798        0x0 /usr/lib/gcc/x86_64-pc-linux-gnu/14.2.1/../../../../lib/Scrt1.o
 .rela.text._ZN4popl5ValueIbED2Ev
                0x0000000000002798        0x0 /usr/lib/gcc/x86_64-pc-linux-gnu/14.2.1/../../../../lib/Scrt1.o
 .rela.text._ZN4popl5ValueIjED0Ev
                0x0000000000002798        0x0 /usr/lib/gcc/x86_64-pc-linux-gnu/14.2.1/../../../../lib/Scrt1.o
 .rela.text._ZN4popl6SwitchD2Ev
                0x0000000000002798        0x0 /usr/lib/gcc/x86_64-pc-linux-gnu/14.2.1/../../../../lib/Scrt1.o
 .rela.text._ZN4popl5ValueIbED0Ev
                0x0000000000002798        0x0 /usr/lib/gcc/x86_64-pc-linux-gnu/14.2.1/../../../../lib/Scrt1.o
 .rela.text._ZN4popl6SwitchD0Ev
                0x0000000000002798        0x0 /usr/lib/gcc/x86_64-pc-linux-gnu/14.2.1/../../../../lib/Scrt1.o
 .rela.text._ZN4popl5ValueIbE5clearEv
                0x0000000000002798        0x0 /usr/lib/gcc/x86_64-pc-linux-gnu/14.2.1/../../../../lib/Scrt1.o
 .rela.text._ZN4popl5ValueINSt7__cxx1112basic_stringIcSt11char_traitsIcESaIcEEEED2Ev
                0x0000000000002798        0x0 /usr/lib/gcc/x86_64-pc-linux-gnu/14.2.1/../../../../lib/Scrt1.o
 .rela.text._ZN4popl5ValueINSt7__cxx1112basic_stringIcSt11char_traitsIcESaIcEEEED0Ev
                0x0000000000002798        0x0 /usr/lib/gcc/x86_64-pc-linux-gnu/14.2.1/../../../../lib/Scrt1.o
 .rela.text._ZN4popl6OptionC2ERKNSt7__cxx1112basic_stringIcSt11char_traitsIcESaIcEEES8_S6_
                0x0000000000002798        0x0 /usr/lib/gcc/x86_64-pc-linux-gnu/14.2.1/../../../../lib/Scrt1.o
 .rela.text._ZNSt16_Sp_counted_baseILN9__gnu_cxx12_Lock_policyE2EE24_M_release_last_use_coldEv
                0x0000000000002798        0x0 /usr/lib/gcc/x86_64-pc-linux-gnu/14.2.1/../../../../lib/Scrt1.o
 .rela.text._ZNSt16_Sp_counted_baseILN9__gnu_cxx12_Lock_policyE2EE10_M_releaseEv
                0x0000000000002798        0x0 /usr/lib/gcc/x86_64-pc-linux-gnu/14.2.1/../../../../lib/Scrt1.o
 .rela.text._ZN4popl12OptionParserD2Ev
                0x0000000000002798        0x0 /usr/lib/gcc/x86_64-pc-linux-gnu/14.2.1/../../../../lib/Scrt1.o
 .rela.text._ZN4popl12OptionParserD0Ev
                0x0000000000002798        0x0 /usr/lib/gcc/x86_64-pc-linux-gnu/14.2.1/../../../../lib/Scrt1.o
 .rela.text._ZNSt7__cxx1115basic_stringbufIcSt11char_traitsIcESaIcEED2Ev
                0x0000000000002798        0x0 /usr/lib/gcc/x86_64-pc-linux-gnu/14.2.1/../../../../lib/Scrt1.o
 .rela.text._ZNSt7__cxx1115basic_stringbufIcSt11char_traitsIcESaIcEED0Ev
                0x0000000000002798        0x0 /usr/lib/gcc/x86_64-pc-linux-gnu/14.2.1/../../../../lib/Scrt1.o
 .rela.text._ZNK4popl27BashCompletionOptionPrinter5printB5cxx11ERKNS_9AttributeE
                0x0000000000002798        0x0 /usr/lib/gcc/x86_64-pc-linux-gnu/14.2.1/../../../../lib/Scrt1.o
 .rela.text._ZNK4popl18GroffOptionPrinter5printB5cxx11ERKNS_9AttributeE
                0x0000000000002798        0x0 /usr/lib/gcc/x86_64-pc-linux-gnu/14.2.1/../../../../lib/Scrt1.o
 .rela.text._ZNK4popl20ConsoleOptionPrinter9to_stringB5cxx11ESt10shared_ptrINS_6OptionEE.isra.0
                0x0000000000002798        0x0 /usr/lib/gcc/x86_64-pc-linux-gnu/14.2.1/../../../../lib/Scrt1.o
 .rela.text._ZNK4popl5ValueINSt7__cxx1112basic_stringIcSt11char_traitsIcESaIcEEEE5valueEm
                0x0000000000002798        0x0 /usr/lib/gcc/x86_64-pc-linux-gnu/14.2.1/../../../../lib/Scrt1.o
 .rela.text._ZNK4popl5ValueIjE5valueEm
                0x0000000000002798        0x0 /usr/lib/gcc/x86_64-pc-linux-gnu/14.2.1/../../../../lib/Scrt1.o
 .rela.text._ZNK4popl5ValueIcE5valueEm
                0x0000000000002798        0x0 /usr/lib/gcc/x86_64-pc-linux-gnu/14.2.1/../../../../lib/Scrt1.o
 .rela.text._ZNK4popl20ConsoleOptionPrinter5printB5cxx11ERKNS_9AttributeE
                0x0000000000002798        0x0 /usr/lib/gcc/x86_64-pc-linux-gnu/14.2.1/../../../../lib/Scrt1.o
 .rela.text._ZN4popl5ValueINSt7__cxx1112basic_stringIcSt11char_traitsIcESaIcEEEE9add_valueERKS6_
                0x0000000000002798        0x0 /usr/lib/gcc/x86_64-pc-linux-gnu/14.2.1/../../../../lib/Scrt1.o
 .rela.text._ZN4popl5ValueINSt7__cxx1112basic_stringIcSt11char_traitsIcESaIcEEEE5parseENS_10OptionNameEPKc
                0x0000000000002798        0x0 /usr/lib/gcc/x86_64-pc-linux-gnu/14.2.1/../../../../lib/Scrt1.o
 .rela.text._ZN4popl12OptionParser5parseEiPKPKc
                0x0000000000002798        0x0 /usr/lib/gcc/x86_64-pc-linux-gnu/14.2.1/../../../../lib/Scrt1.o
 .rela.text._ZN4popl5ValueIbE9add_valueERKb
                0x0000000000002798        0x0 /usr/lib/gcc/x86_64-pc-linux-gnu/14.2.1/../../../../lib/Scrt1.o
 .rela.text._ZN4popl6Switch5parseENS_10OptionNameEPKc
                0x0000000000002798        0x0 /usr/lib/gcc/x86_64-pc-linux-gnu/14.2.1/../../../../lib/Scrt1.o
 .rela.text._ZN4popl5ValueIbE5parseENS_10OptionNameEPKc
                0x0000000000002798        0x0 /usr/lib/gcc/x86_64-pc-linux-gnu/14.2.1/../../../../lib/Scrt1.o
 .rela.text._ZN4popl12OptionParser3addINS_6SwitchELNS_9AttributeE3EJRA2_KcRA5_S4_RA21_S4_EEESt10shared_ptrIT_EDpOT1_
                0x0000000000002798        0x0 /usr/lib/gcc/x86_64-pc-linux-gnu/14.2.1/../../../../lib/Scrt1.o
 .rela.text._ZN4popl12OptionParser3addINS_5ValueIcEELNS_9AttributeE3EJRA2_KcRA7_S5_RA23_S5_cEEESt10shared_ptrIT_EDpOT1_
                0x0000000000002798        0x0 /usr/lib/gcc/x86_64-pc-linux-gnu/14.2.1/../../../../lib/Scrt1.o
 .rela.text._ZN4popl12OptionParser3addINS_5ValueIjEELNS_9AttributeE3EJRA2_KcRA5_S5_RA25_S5_iEEESt10shared_ptrIT_EDpOT1_
                0x0000000000002798        0x0 /usr/lib/gcc/x86_64-pc-linux-gnu/14.2.1/../../../../lib/Scrt1.o
 .rela.text._ZSt10_ConstructIN4popl5ValueINSt7__cxx1112basic_stringIcSt11char_traitsIcESaIcEEEEEJRA2_KcRA5_S9_RA27_S9_RA11_S9_EEvPT_DpOT0_
                0x0000000000002798        0x0 /usr/lib/gcc/x86_64-pc-linux-gnu/14.2.1/../../../../lib/Scrt1.o
 .rela.text._ZN4popl12OptionParser3addINS_5ValueINSt7__cxx1112basic_stringIcSt11char_traitsIcESaIcEEEEELNS_9AttributeE3EJRA2_KcRA5_SB_RA27_SB_RA11_SB_EEESt10shared_ptrIT_EDpOT1_
                0x0000000000002798        0x0 /usr/lib/gcc/x86_64-pc-linux-gnu/14.2.1/../../../../lib/Scrt1.o
 .rela.text.startup
                0x0000000000002798        0x0 /usr/lib/gcc/x86_64-pc-linux-gnu/14.2.1/../../../../lib/Scrt1.o
 .rela.text._ZN7outpost3sip25CoordinatorPacketReceiverD0Ev
                0x0000000000002798        0x0 /usr/lib/gcc/x86_64-pc-linux-gnu/14.2.1/../../../../lib/Scrt1.o
 .rela.text._ZN4popl5ValueIcE9add_valueERKc
                0x0000000000002798        0x0 /usr/lib/gcc/x86_64-pc-linux-gnu/14.2.1/../../../../lib/Scrt1.o
 .rela.text._ZN4popl5ValueIcE5parseENS_10OptionNameEPKc
                0x0000000000002798        0x0 /usr/lib/gcc/x86_64-pc-linux-gnu/14.2.1/../../../../lib/Scrt1.o
 .rela.text._ZN4popl5ValueIjE9add_valueERKj
                0x0000000000002798        0x0 /usr/lib/gcc/x86_64-pc-linux-gnu/14.2.1/../../../../lib/Scrt1.o
 .rela.text._ZN4popl5ValueIjE5parseENS_10OptionNameEPKc
                0x0000000000002798        0x0 /usr/lib/gcc/x86_64-pc-linux-gnu/14.2.1/../../../../lib/Scrt1.o
 .rela.text     0x0000000000002798        0x0 /usr/lib/gcc/x86_64-pc-linux-gnu/14.2.1/../../../../lib/Scrt1.o
 .rela.text._ZN6serial15SerialExceptionD2Ev
                0x0000000000002798        0x0 /usr/lib/gcc/x86_64-pc-linux-gnu/14.2.1/../../../../lib/Scrt1.o
 .rela.text._ZN6serial22PortNotOpenedExceptionD2Ev
                0x0000000000002798        0x0 /usr/lib/gcc/x86_64-pc-linux-gnu/14.2.1/../../../../lib/Scrt1.o
 .rela.text._ZN6serial15SerialExceptionD0Ev
                0x0000000000002798        0x0 /usr/lib/gcc/x86_64-pc-linux-gnu/14.2.1/../../../../lib/Scrt1.o
 .rela.text._ZN6serial22PortNotOpenedExceptionD0Ev
                0x0000000000002798        0x0 /usr/lib/gcc/x86_64-pc-linux-gnu/14.2.1/../../../../lib/Scrt1.o
 .rela.text._ZN6serial11IOExceptionD2Ev
                0x0000000000002798        0x0 /usr/lib/gcc/x86_64-pc-linux-gnu/14.2.1/../../../../lib/Scrt1.o
 .rela.text._ZN6serial11IOExceptionD0Ev
                0x0000000000002798        0x0 /usr/lib/gcc/x86_64-pc-linux-gnu/14.2.1/../../../../lib/Scrt1.o
 .rela.text._ZN6serial15SerialExceptionC2EPKc
                0x0000000000002798        0x0 /usr/lib/gcc/x86_64-pc-linux-gnu/14.2.1/../../../../lib/Scrt1.o
 .rela.text.unlikely
                0x0000000000002798        0x0 /usr/lib/gcc/x86_64-pc-linux-gnu/14.2.1/../../../../lib/Scrt1.o
 .rela.text._ZN6serial22PortNotOpenedExceptionC2EPKc
                0x0000000000002798        0x0 /usr/lib/gcc/x86_64-pc-linux-gnu/14.2.1/../../../../lib/Scrt1.o
 .rela.text._ZN6serial11IOExceptionC2ENSt7__cxx1112basic_stringIcSt11char_traitsIcESaIcEEEiPKc
                0x0000000000002798        0x0 /usr/lib/gcc/x86_64-pc-linux-gnu/14.2.1/../../../../lib/Scrt1.o
 .rela.text._ZN6serial11IOExceptionC2ENSt7__cxx1112basic_stringIcSt11char_traitsIcESaIcEEEii
                0x0000000000002798        0x0 /usr/lib/gcc/x86_64-pc-linux-gnu/14.2.1/../../../../lib/Scrt1.o
 *(.rela.fini)
 *(.rela.rodata .rela.rodata.* .rela.gnu.linkonce.r.*)
 *(.rela.data .rela.data.* .rela.gnu.linkonce.d.*)
 .rela.data.rel.ro
                0x0000000000002798      0x168 /usr/lib/gcc/x86_64-pc-linux-gnu/14.2.1/../../../../lib/Scrt1.o
 .rela.data.rel.local
                0x0000000000002900       0x60 /usr/lib/gcc/x86_64-pc-linux-gnu/14.2.1/../../../../lib/Scrt1.o
 .rela.data.rel.ro._ZTISt11_Mutex_baseILN9__gnu_cxx12_Lock_policyE2EE
                0x0000000000002960       0x30 /usr/lib/gcc/x86_64-pc-linux-gnu/14.2.1/../../../../lib/Scrt1.o
 .rela.data.rel.ro._ZTISt16_Sp_counted_baseILN9__gnu_cxx12_Lock_policyE2EE
                0x0000000000002990       0x48 /usr/lib/gcc/x86_64-pc-linux-gnu/14.2.1/../../../../lib/Scrt1.o
 .rela.data.rel.ro._ZTIN4popl6OptionE
                0x00000000000029d8       0x30 /usr/lib/gcc/x86_64-pc-linux-gnu/14.2.1/../../../../lib/Scrt1.o
 .rela.data.rel.ro._ZTIN4popl5ValueIbEE
                0x0000000000002a08       0x48 /usr/lib/gcc/x86_64-pc-linux-gnu/14.2.1/../../../../lib/Scrt1.o
 .rela.data.rel.ro._ZTIN4popl6SwitchE
                0x0000000000002a50       0x48 /usr/lib/gcc/x86_64-pc-linux-gnu/14.2.1/../../../../lib/Scrt1.o
 .rela.data.rel.ro._ZTIN4popl12OptionParserE
                0x0000000000002a98       0x30 /usr/lib/gcc/x86_64-pc-linux-gnu/14.2.1/../../../../lib/Scrt1.o
 .rela.data.rel.ro._ZTIN4popl14invalid_optionE
                0x0000000000002ac8       0x48 /usr/lib/gcc/x86_64-pc-linux-gnu/14.2.1/../../../../lib/Scrt1.o
 .rela.data.rel.ro._ZTIN4popl13OptionPrinterE
                0x0000000000002b10       0x30 /usr/lib/gcc/x86_64-pc-linux-gnu/14.2.1/../../../../lib/Scrt1.o
 .rela.data.rel.ro._ZTIN4popl20ConsoleOptionPrinterE
                0x0000000000002b40       0x48 /usr/lib/gcc/x86_64-pc-linux-gnu/14.2.1/../../../../lib/Scrt1.o
 .rela.data.rel.ro._ZTIN4popl18GroffOptionPrinterE
                0x0000000000002b88       0x48 /usr/lib/gcc/x86_64-pc-linux-gnu/14.2.1/../../../../lib/Scrt1.o
 .rela.data.rel.ro._ZTIN4popl27BashCompletionOptionPrinterE
                0x0000000000002bd0       0x48 /usr/lib/gcc/x86_64-pc-linux-gnu/14.2.1/../../../../lib/Scrt1.o
 .rela.data.rel.ro._ZTIN4popl5ValueINSt7__cxx1112basic_stringIcSt11char_traitsIcESaIcEEEEE
                0x0000000000002c18       0x48 /usr/lib/gcc/x86_64-pc-linux-gnu/14.2.1/../../../../lib/Scrt1.o
 .rela.data.rel.ro._ZTIN7outpost9transport16FrameTransportTxE
                0x0000000000002c60       0x30 /usr/lib/gcc/x86_64-pc-linux-gnu/14.2.1/../../../../lib/Scrt1.o
 .rela.data.rel.ro._ZTIN7outpost9transport16FrameTransportRxE
                0x0000000000002c90       0x30 /usr/lib/gcc/x86_64-pc-linux-gnu/14.2.1/../../../../lib/Scrt1.o
 .rela.data.rel.ro._ZTIN7outpost9transport14FrameTransportE
                0x0000000000002cc0       0x60 /usr/lib/gcc/x86_64-pc-linux-gnu/14.2.1/../../../../lib/Scrt1.o
 .rela.data.rel.ro._ZTIN7outpost9transport20FrameTransportSerialE
                0x0000000000002d20       0x78 /usr/lib/gcc/x86_64-pc-linux-gnu/14.2.1/../../../../lib/Scrt1.o
 .rela.data.rel.ro._ZTIN4popl5ValueIjEE
                0x0000000000002d98       0x48 /usr/lib/gcc/x86_64-pc-linux-gnu/14.2.1/../../../../lib/Scrt1.o
 .rela.data.rel.ro._ZTIN4popl5ValueIcEE
                0x0000000000002de0       0x48 /usr/lib/gcc/x86_64-pc-linux-gnu/14.2.1/../../../../lib/Scrt1.o
 .rela.data.rel.ro._ZTISt23_Sp_counted_ptr_inplaceIN4popl6SwitchESaIvELN9__gnu_cxx12_Lock_policyE2EE
                0x0000000000002e28       0x48 /usr/lib/gcc/x86_64-pc-linux-gnu/14.2.1/../../../../lib/Scrt1.o
 .rela.data.rel.ro._ZTISt23_Sp_counted_ptr_inplaceIN4popl5ValueINSt7__cxx1112basic_stringIcSt11char_traitsIcESaIcEEEEESaIvELN9__gnu_cxx12_Lock_policyE2EE
                0x0000000000002e70       0x48 /usr/lib/gcc/x86_64-pc-linux-gnu/14.2.1/../../../../lib/Scrt1.o
 .rela.data.rel.ro._ZTISt23_Sp_counted_ptr_inplaceIN4popl5ValueIjEESaIvELN9__gnu_cxx12_Lock_policyE2EE
                0x0000000000002eb8       0x48 /usr/lib/gcc/x86_64-pc-linux-gnu/14.2.1/../../../../lib/Scrt1.o
 .rela.data.rel.ro._ZTISt23_Sp_counted_ptr_inplaceIN4popl5ValueIcEESaIvELN9__gnu_cxx12_Lock_policyE2EE
                0x0000000000002f00       0x48 /usr/lib/gcc/x86_64-pc-linux-gnu/14.2.1/../../../../lib/Scrt1.o
 .rela.data.rel.ro._ZTVN4popl6OptionE
                0x0000000000002f48       0xa8 /usr/lib/gcc/x86_64-pc-linux-gnu/14.2.1/../../../../lib/Scrt1.o
 .rela.data.rel.ro.local._ZTVN4popl5ValueIbEE
                0x0000000000002ff0      0x108 /usr/lib/gcc/x86_64-pc-linux-gnu/14.2.1/../../../../lib/Scrt1.o
 .rela.data.rel.ro.local._ZTVN4popl12OptionParserE
                0x00000000000030f8       0x48 /usr/lib/gcc/x86_64-pc-linux-gnu/14.2.1/../../../../lib/Scrt1.o
 .rela.data.rel.ro._ZTVN4popl14invalid_optionE
                0x0000000000003140       0x60 /usr/lib/gcc/x86_64-pc-linux-gnu/14.2.1/../../../../lib/Scrt1.o
 .rela.data.rel.ro.local._ZTVN4popl5ValueINSt7__cxx1112basic_stringIcSt11char_traitsIcESaIcEEEEE
                0x00000000000031a0      0x108 /usr/lib/gcc/x86_64-pc-linux-gnu/14.2.1/../../../../lib/Scrt1.o
 .rela.data.rel.ro.local._ZTVN4popl6SwitchE
                0x00000000000032a8      0x108 /usr/lib/gcc/x86_64-pc-linux-gnu/14.2.1/../../../../lib/Scrt1.o
 .rela.data.rel.ro.local._ZTVN4popl20ConsoleOptionPrinterE
                0x00000000000033b0       0x60 /usr/lib/gcc/x86_64-pc-linux-gnu/14.2.1/../../../../lib/Scrt1.o
 .rela.data.rel.ro.local._ZTVN4popl18GroffOptionPrinterE
                0x0000000000003410       0x60 /usr/lib/gcc/x86_64-pc-linux-gnu/14.2.1/../../../../lib/Scrt1.o
 .rela.data.rel.ro.local._ZTVN4popl27BashCompletionOptionPrinterE
                0x0000000000003470       0x60 /usr/lib/gcc/x86_64-pc-linux-gnu/14.2.1/../../../../lib/Scrt1.o
 .rela.data.rel.ro._ZTCN7outpost9transport20FrameTransportSerialE136_NS0_14FrameTransportE
                0x00000000000034d0       0x90 /usr/lib/gcc/x86_64-pc-linux-gnu/14.2.1/../../../../lib/Scrt1.o
 .rela.data.rel.ro._ZTCN7outpost9transport20FrameTransportSerialE80_NS0_22FrameTransportRxSerialE
                0x0000000000003560       0x30 /usr/lib/gcc/x86_64-pc-linux-gnu/14.2.1/../../../../lib/Scrt1.o
 .rela.data.rel.ro._ZTCN7outpost9transport20FrameTransportSerialE0_NS0_22FrameTransportTxSerialE
                0x0000000000003590       0x30 /usr/lib/gcc/x86_64-pc-linux-gnu/14.2.1/../../../../lib/Scrt1.o
 .rela.data.rel.ro.local._ZTTN7outpost9transport20FrameTransportSerialE
                0x00000000000035c0      0x120 /usr/lib/gcc/x86_64-pc-linux-gnu/14.2.1/../../../../lib/Scrt1.o
 .rela.data.rel.ro._ZTVN7outpost9transport20FrameTransportSerialE
                0x00000000000036e0      0x108 /usr/lib/gcc/x86_64-pc-linux-gnu/14.2.1/../../../../lib/Scrt1.o
 .rela.data.rel.ro.local._ZTVN4popl5ValueIjEE
                0x00000000000037e8      0x108 /usr/lib/gcc/x86_64-pc-linux-gnu/14.2.1/../../../../lib/Scrt1.o
 .rela.data.rel.ro.local._ZTVN4popl5ValueIcEE
                0x00000000000038f0      0x108 /usr/lib/gcc/x86_64-pc-linux-gnu/14.2.1/../../../../lib/Scrt1.o
 .rela.data.rel.ro.local._ZTVSt23_Sp_counted_ptr_inplaceIN4popl6SwitchESaIvELN9__gnu_cxx12_Lock_policyE2EE
                0x00000000000039f8       0x90 /usr/lib/gcc/x86_64-pc-linux-gnu/14.2.1/../../../../lib/Scrt1.o
 .rela.data.rel.ro.local._ZTVSt23_Sp_counted_ptr_inplaceIN4popl5ValueINSt7__cxx1112basic_stringIcSt11char_traitsIcESaIcEEEEESaIvELN9__gnu_cxx12_Lock_policyE2EE
                0x0000000000003a88       0x90 /usr/lib/gcc/x86_64-pc-linux-gnu/14.2.1/../../../../lib/Scrt1.o
 .rela.data.rel.ro.local._ZTVSt23_Sp_counted_ptr_inplaceIN4popl5ValueIjEESaIvELN9__gnu_cxx12_Lock_policyE2EE
                0x0000000000003b18       0x90 /usr/lib/gcc/x86_64-pc-linux-gnu/14.2.1/../../../../lib/Scrt1.o
 .rela.data.rel.ro.local._ZTVSt23_Sp_counted_ptr_inplaceIN4popl5ValueIcEESaIvELN9__gnu_cxx12_Lock_policyE2EE
                0x0000000000003ba8       0x90 /usr/lib/gcc/x86_64-pc-linux-gnu/14.2.1/../../../../lib/Scrt1.o
 .rela.data.rel
                0x0000000000003c38       0x18 /usr/lib/gcc/x86_64-pc-linux-gnu/14.2.1/../../../../lib/Scrt1.o
 .rela.data.rel.local.DW.ref._ZTISt9exception
                0x0000000000003c50       0x18 /usr/lib/gcc/x86_64-pc-linux-gnu/14.2.1/../../../../lib/Scrt1.o
 .rela.data.rel.local.DW.ref.__gxx_personality_v0
                0x0000000000003c68       0x18 /usr/lib/gcc/x86_64-pc-linux-gnu/14.2.1/../../../../lib/Scrt1.o
 .rela.data.rel.ro._ZTIN7outpost3sip25CoordinatorPacketReceiverE
                0x0000000000003c80       0x48 /usr/lib/gcc/x86_64-pc-linux-gnu/14.2.1/../../../../lib/Scrt1.o
 .rela.data.rel.ro.local._ZTVN7outpost3sip25CoordinatorPacketReceiverE
                0x0000000000003cc8       0x60 /usr/lib/gcc/x86_64-pc-linux-gnu/14.2.1/../../../../lib/Scrt1.o
 .rela.data.rel.ro._ZTIN7outpost3sip17PacketTransportTxE
                0x0000000000003d28       0x30 /usr/lib/gcc/x86_64-pc-linux-gnu/14.2.1/../../../../lib/Scrt1.o
 .rela.data.rel.ro._ZTIN7outpost3sip17PacketTransportRxE
                0x0000000000003d58       0x30 /usr/lib/gcc/x86_64-pc-linux-gnu/14.2.1/../../../../lib/Scrt1.o
 .rela.data.rel.ro._ZTIN7outpost3sip15PacketTransportE
                0x0000000000003d88       0x60 /usr/lib/gcc/x86_64-pc-linux-gnu/14.2.1/../../../../lib/Scrt1.o
 .rela.data.rel.ro._ZTIN7outpost3sip24PacketTransportTxWrapperE
                0x0000000000003de8       0x48 /usr/lib/gcc/x86_64-pc-linux-gnu/14.2.1/../../../../lib/Scrt1.o
 .rela.data.rel.ro._ZTIN7outpost3sip24PacketTransportRxWrapperE
                0x0000000000003e30       0x48 /usr/lib/gcc/x86_64-pc-linux-gnu/14.2.1/../../../../lib/Scrt1.o
 .rela.data.rel.ro._ZTIN7outpost3sip22PacketTransportWrapperE
                0x0000000000003e78       0x78 /usr/lib/gcc/x86_64-pc-linux-gnu/14.2.1/../../../../lib/Scrt1.o
 .rela.data.rel.ro.local._ZTCN7outpost3sip22PacketTransportWrapperE24_NS0_24PacketTransportRxWrapperE
                0x0000000000003ef0       0x30 /usr/lib/gcc/x86_64-pc-linux-gnu/14.2.1/../../../../lib/Scrt1.o
 .rela.data.rel.ro.local._ZTCN7outpost3sip22PacketTransportWrapperE8_NS0_24PacketTransportTxWrapperE
                0x0000000000003f20       0x60 /usr/lib/gcc/x86_64-pc-linux-gnu/14.2.1/../../../../lib/Scrt1.o
 .rela.data.rel.ro._ZTCN7outpost3sip22PacketTransportWrapperE0_NS0_15PacketTransportE
                0x0000000000003f80       0x60 /usr/lib/gcc/x86_64-pc-linux-gnu/14.2.1/../../../../lib/Scrt1.o
 .rela.data.rel.ro.local._ZTTN7outpost3sip22PacketTransportWrapperE
                0x0000000000003fe0      0x120 /usr/lib/gcc/x86_64-pc-linux-gnu/14.2.1/../../../../lib/Scrt1.o
 .rela.data.rel.ro.local._ZTVN7outpost3sip22PacketTransportWrapperE
                0x0000000000004100      0x120 /usr/lib/gcc/x86_64-pc-linux-gnu/14.2.1/../../../../lib/Scrt1.o
 .rela.data.rel.ro.local._ZTTN7outpost3sip24PacketTransportTxWrapperE
                0x0000000000004220       0x30 /usr/lib/gcc/x86_64-pc-linux-gnu/14.2.1/../../../../lib/Scrt1.o
 .rela.data.rel.ro.local._ZTVN7outpost3sip24PacketTransportTxWrapperE
                0x0000000000004250       0x60 /usr/lib/gcc/x86_64-pc-linux-gnu/14.2.1/../../../../lib/Scrt1.o
 .rela.data.rel.ro.local._ZTTN7outpost3sip24PacketTransportRxWrapperE
                0x00000000000042b0       0x30 /usr/lib/gcc/x86_64-pc-linux-gnu/14.2.1/../../../../lib/Scrt1.o
 .rela.data.rel.ro.local._ZTVN7outpost3sip24PacketTransportRxWrapperE
                0x00000000000042e0       0x60 /usr/lib/gcc/x86_64-pc-linux-gnu/14.2.1/../../../../lib/Scrt1.o
 .rela.data.rel.ro.local
                0x0000000000004340       0x30 /usr/lib/gcc/x86_64-pc-linux-gnu/14.2.1/../../../../lib/Scrt1.o
 .rela.data.rel.ro._ZTIN6serial15SerialExceptionE
                0x0000000000004370       0x48 /usr/lib/gcc/x86_64-pc-linux-gnu/14.2.1/../../../../lib/Scrt1.o
 .rela.data.rel.ro._ZTIN6serial11IOExceptionE
                0x00000000000043b8       0x48 /usr/lib/gcc/x86_64-pc-linux-gnu/14.2.1/../../../../lib/Scrt1.o
 .rela.data.rel.ro._ZTIN6serial22PortNotOpenedExceptionE
                0x0000000000004400       0x48 /usr/lib/gcc/x86_64-pc-linux-gnu/14.2.1/../../../../lib/Scrt1.o
 .rela.data.rel.ro._ZTIN7outpost3hal8SerialRxE
                0x0000000000004448       0x30 /usr/lib/gcc/x86_64-pc-linux-gnu/14.2.1/../../../../lib/Scrt1.o
 .rela.data.rel.ro._ZTIN7outpost3hal8SerialTxE
                0x0000000000004478       0x30 /usr/lib/gcc/x86_64-pc-linux-gnu/14.2.1/../../../../lib/Scrt1.o
 .rela.data.rel.ro._ZTIN7outpost3hal6SerialE
                0x00000000000044a8       0x60 /usr/lib/gcc/x86_64-pc-linux-gnu/14.2.1/../../../../lib/Scrt1.o
 .rela.data.rel.ro._ZTIN7outpost5posix10SerialPortE
                0x0000000000004508       0x48 /usr/lib/gcc/x86_64-pc-linux-gnu/14.2.1/../../../../lib/Scrt1.o
 .rela.data.rel.ro.local._ZTVN7outpost5posix10SerialPortE
                0x0000000000004550      0x168 /usr/lib/gcc/x86_64-pc-linux-gnu/14.2.1/../../../../lib/Scrt1.o
 .rela.data.rel.local.DW.ref._ZTIN6serial11IOExceptionE
                0x00000000000046b8       0x18 /usr/lib/gcc/x86_64-pc-linux-gnu/14.2.1/../../../../lib/Scrt1.o
 .rela.data.rel.local.DW.ref._ZTIN6serial15SerialExceptionE
                0x00000000000046d0       0x18 /usr/lib/gcc/x86_64-pc-linux-gnu/14.2.1/../../../../lib/Scrt1.o
 .rela.data.rel.local.DW.ref._ZTIN6serial22PortNotOpenedExceptionE
                0x00000000000046e8       0x18 /usr/lib/gcc/x86_64-pc-linux-gnu/14.2.1/../../../../lib/Scrt1.o
 .rela.data.rel.ro._ZTIN7outpost9transport22FrameTransportTxSerialE
                0x0000000000004700       0x48 /usr/lib/gcc/x86_64-pc-linux-gnu/14.2.1/../../../../lib/Scrt1.o
 .rela.data.rel.ro._ZTIN7outpost9transport22FrameTransportRxSerialE
                0x0000000000004748       0x48 /usr/lib/gcc/x86_64-pc-linux-gnu/14.2.1/../../../../lib/Scrt1.o
 .rela.data.rel.ro._ZTVN7outpost9transport16FrameTransportRxE
                0x0000000000004790       0x30 /usr/lib/gcc/x86_64-pc-linux-gnu/14.2.1/../../../../lib/Scrt1.o
 .rela.data.rel.ro.local._ZTTN7outpost9transport22FrameTransportTxSerialE
                0x00000000000047c0       0x30 /usr/lib/gcc/x86_64-pc-linux-gnu/14.2.1/../../../../lib/Scrt1.o
 .rela.data.rel.ro.local._ZTVN7outpost9transport22FrameTransportTxSerialE
                0x00000000000047f0       0x60 /usr/lib/gcc/x86_64-pc-linux-gnu/14.2.1/../../../../lib/Scrt1.o
 .rela.data.rel.ro.local._ZTTN7outpost9transport22FrameTransportRxSerialE
                0x0000000000004850       0x30 /usr/lib/gcc/x86_64-pc-linux-gnu/14.2.1/../../../../lib/Scrt1.o
 .rela.data.rel.ro.local._ZTVN7outpost9transport22FrameTransportRxSerialE
                0x0000000000004880       0x60 /usr/lib/gcc/x86_64-pc-linux-gnu/14.2.1/../../../../lib/Scrt1.o
 .rela.data.rel.ro._ZTIN7outpost9transport12FrameEncoderE
                0x00000000000048e0       0x30 /usr/lib/gcc/x86_64-pc-linux-gnu/14.2.1/../../../../lib/Scrt1.o
 .rela.data.rel.ro._ZTIN7outpost9transport16FrameEncoderHdlcE
                0x0000000000004910       0x48 /usr/lib/gcc/x86_64-pc-linux-gnu/14.2.1/../../../../lib/Scrt1.o
 .rela.data.rel.ro.local._ZTVN7outpost9transport16FrameEncoderHdlcE
                0x0000000000004958       0x60 /usr/lib/gcc/x86_64-pc-linux-gnu/14.2.1/../../../../lib/Scrt1.o
 .rela.data.rel.ro._ZTIN7outpost9transport20BufferedFrameDecoderE
                0x00000000000049b8       0x30 /usr/lib/gcc/x86_64-pc-linux-gnu/14.2.1/../../../../lib/Scrt1.o
 .rela.data.rel.ro._ZTIN7outpost9transport24BufferedFrameDecoderHdlcE
                0x00000000000049e8       0x48 /usr/lib/gcc/x86_64-pc-linux-gnu/14.2.1/../../../../lib/Scrt1.o
 .rela.data.rel.ro.local._ZTVN7outpost9transport24BufferedFrameDecoderHdlcE
                0x0000000000004a30       0x78 /usr/lib/gcc/x86_64-pc-linux-gnu/14.2.1/../../../../lib/Scrt1.o
 .rela.data.rel.ro._ZTIN6serial6SerialE
                0x0000000000004aa8       0x30 /usr/lib/gcc/x86_64-pc-linux-gnu/14.2.1/../../../../lib/Scrt1.o
 .rela.data.rel.ro.local._ZTVN6serial6SerialE
                0x0000000000004ad8       0x48 /usr/lib/gcc/x86_64-pc-linux-gnu/14.2.1/../../../../lib/Scrt1.o
 .rela.data.rel.ro._ZTIN6serial6Serial10SerialImplE
                0x0000000000004b20       0x30 /usr/lib/gcc/x86_64-pc-linux-gnu/14.2.1/../../../../lib/Scrt1.o
 .rela.data.rel.ro.local._ZTVN6serial15SerialExceptionE
                0x0000000000004b50       0x60 /usr/lib/gcc/x86_64-pc-linux-gnu/14.2.1/../../../../lib/Scrt1.o
 .rela.data.rel.ro.local._ZTVN6serial11IOExceptionE
                0x0000000000004bb0       0x60 /usr/lib/gcc/x86_64-pc-linux-gnu/14.2.1/../../../../lib/Scrt1.o
 .rela.data.rel.ro.local._ZTVN6serial22PortNotOpenedExceptionE
                0x0000000000004c10       0x60 /usr/lib/gcc/x86_64-pc-linux-gnu/14.2.1/../../../../lib/Scrt1.o
 .rela.data.rel.ro.local._ZTVN6serial6Serial10SerialImplE
                0x0000000000004c70       0x48 /usr/lib/gcc/x86_64-pc-linux-gnu/14.2.1/../../../../lib/Scrt1.o
 .rela.data.rel.ro._ZTIN7outpost5posix6ThreadE
                0x0000000000004cb8       0x30 /usr/lib/gcc/x86_64-pc-linux-gnu/14.2.1/../../../../lib/Scrt1.o
 .rela.data.rel.ro._ZTVN7outpost5posix6ThreadE
                0x0000000000004ce8       0x30 /usr/lib/gcc/x86_64-pc-linux-gnu/14.2.1/../../../../lib/Scrt1.o
 .rela.data.rel.ro._ZTIN7outpost4time5ClockE
                0x0000000000004d18       0x30 /usr/lib/gcc/x86_64-pc-linux-gnu/14.2.1/../../../../lib/Scrt1.o
 .rela.data.rel.ro._ZTIN7outpost5posix11SystemClockE
                0x0000000000004d48       0x48 /usr/lib/gcc/x86_64-pc-linux-gnu/14.2.1/../../../../lib/Scrt1.o
 .rela.data.rel.ro.local._ZTVN7outpost5posix11SystemClockE
                0x0000000000004d90       0x60 /usr/lib/gcc/x86_64-pc-linux-gnu/14.2.1/../../../../lib/Scrt1.o
 *(.rela.tdata .rela.tdata.* .rela.gnu.linkonce.td.*)
 *(.rela.tbss .rela.tbss.* .rela.gnu.linkonce.tb.*)
 *(.rela.ctors)
 *(.rela.dtors)
 *(.rela.got)
 .rela.got      0x0000000000004df0       0xa8 /usr/lib/gcc/x86_64-pc-linux-gnu/14.2.1/../../../../lib/Scrt1.o
 *(.rela.bss .rela.bss.* .rela.gnu.linkonce.b.*)
 .rela.bss      0x0000000000004e98       0x60 /usr/lib/gcc/x86_64-pc-linux-gnu/14.2.1/../../../../lib/Scrt1.o
 *(.rela.ldata .rela.ldata.* .rela.gnu.linkonce.l.*)
 *(.rela.lbss .rela.lbss.* .rela.gnu.linkonce.lb.*)
 *(.rela.lrodata .rela.lrodata.* .rela.gnu.linkonce.lr.*)
 *(.rela.ifunc)
 .rela.ifunc    0x0000000000004ef8        0x0 /usr/lib/gcc/x86_64-pc-linux-gnu/14.2.1/../../../../lib/Scrt1.o
 .rela.fini_array
                0x0000000000004ef8       0x18 /usr/lib/gcc/x86_64-pc-linux-gnu/14.2.1/../../../../lib/Scrt1.o
 .rela.init_array
                0x0000000000004f10       0x48 /usr/lib/gcc/x86_64-pc-linux-gnu/14.2.1/../../../../lib/Scrt1.o
 .rela.gcc_except_table
                0x0000000000004f58        0x0 /usr/lib/gcc/x86_64-pc-linux-gnu/14.2.1/../../../../lib/Scrt1.o
 .rela.eh_frame
                0x0000000000004f58        0x0 /usr/lib/gcc/x86_64-pc-linux-gnu/14.2.1/../../../../lib/Scrt1.o

.rela.plt       0x0000000000004f58      0xae0
 *(.rela.plt)
 .rela.plt      0x0000000000004f58      0xae0 /usr/lib/gcc/x86_64-pc-linux-gnu/14.2.1/../../../../lib/Scrt1.o
 *(.rela.iplt)

.relr.dyn
 *(.relr.dyn)
                0x0000000000006000                . = ALIGN (CONSTANT (MAXPAGESIZE))

.init           0x0000000000006000       0x1b
 *(SORT_NONE(.init))
 .init          0x0000000000006000       0x16 /usr/lib/gcc/x86_64-pc-linux-gnu/14.2.1/../../../../lib/crti.o
                0x0000000000006000                _init
 .init          0x0000000000006016        0x5 /usr/lib/gcc/x86_64-pc-linux-gnu/14.2.1/../../../../lib/crtn.o

.plt            0x0000000000006020      0x750
 *(.plt)
 .plt           0x0000000000006020      0x750 /usr/lib/gcc/x86_64-pc-linux-gnu/14.2.1/../../../../lib/Scrt1.o
                0x0000000000006030                pthread_cond_signal@@GLIBC_2.3.2
                0x0000000000006040                operator new[](unsigned long)@@GLIBCXX_3.4
                0x0000000000006050                std::ostream::put(char)@@GLIBCXX_3.4
                0x0000000000006060                __errno_location@@GLIBC_2.2.5
                0x0000000000006070                printf@@GLIBC_2.2.5
                0x0000000000006080                pthread_mutexattr_init@@GLIBC_2.34
                0x0000000000006090                syscall@@GLIBC_2.2.5
                0x00000000000060a0                std::__cxx11::basic_string<char, std::char_traits<char>, std::allocator<char> >::append(char const*, unsigned long)@@GLIBCXX_3.4.21
                0x00000000000060b0                __pthread_unwind_next@@GLIBC_2.34
                0x00000000000060c0                std::basic_iostream<char, std::char_traits<char> >::~basic_iostream()@@GLIBCXX_3.4
                0x00000000000060d0                std::basic_ifstream<char, std::char_traits<char> >::close()@@GLIBCXX_3.4
                0x00000000000060e0                std::basic_ifstream<char, std::char_traits<char> >::~basic_ifstream()@@GLIBCXX_3.4
                0x00000000000060f0                std::terminate()@@GLIBCXX_3.4
                0x0000000000006100                std::ios_base::ios_base()@@GLIBCXX_3.4
                0x0000000000006110                std::__cxx11::basic_string<char, std::char_traits<char>, std::allocator<char> >::resize(unsigned long, char)@@GLIBCXX_3.4.21
                0x0000000000006120                std::__cxx11::basic_string<char, std::char_traits<char>, std::allocator<char> >::_M_append(char const*, unsigned long)@@GLIBCXX_3.4.21
                0x0000000000006130                std::ios_base::~ios_base()@@GLIBCXX_3.4
                0x0000000000006140                strerror@@GLIBC_2.2.5
                0x0000000000006150                write@@GLIBC_2.2.5
                0x0000000000006160                std::invalid_argument::~invalid_argument()@@GLIBCXX_3.4.15
                0x0000000000006170                std::istream::peek()@@GLIBCXX_3.4
                0x0000000000006180                __cxa_begin_catch@@CXXABI_1.3
                0x0000000000006190                std::__cxx11::basic_string<char, std::char_traits<char>, std::allocator<char> >::basic_string(std::__cxx11::basic_string<char, std::char_traits<char>, std::allocator<char> > const&)@@GLIBCXX_3.4.21
                0x00000000000061a0                strlen@@GLIBC_2.2.5
                0x00000000000061b0                memcmp@@GLIBC_2.2.5
                0x00000000000061c0                std::__cxx11::basic_istringstream<char, std::char_traits<char>, std::allocator<char> >::~basic_istringstream()@@GLIBCXX_3.4.21
                0x00000000000061d0                __cxa_allocate_exception@@CXXABI_1.3
                0x00000000000061e0                std::__throw_length_error(char const*)@@GLIBCXX_3.4
                0x00000000000061f0                std::__cxx11::basic_string<char, std::char_traits<char>, std::allocator<char> >::_M_assign(std::__cxx11::basic_string<char, std::char_traits<char>, std::allocator<char> > const&)@@GLIBCXX_3.4.21
                0x0000000000006200                std::__cxx11::basic_string<char, std::char_traits<char>, std::allocator<char> >::basic_string(std::__cxx11::basic_string<char, std::char_traits<char>, std::allocator<char> >&&)@@GLIBCXX_3.4.21
                0x0000000000006210                cfsetispeed@@GLIBC_2.2.5
                0x0000000000006220                std::ostream& std::ostream::_M_insert<unsigned long>(unsigned long)@@GLIBCXX_3.4.9
                0x0000000000006230                std::ostream::flush()@@GLIBCXX_3.4
                0x0000000000006240                std::__throw_logic_error(char const*)@@GLIBCXX_3.4
                0x0000000000006250                __cxa_free_exception@@CXXABI_1.3
                0x0000000000006260                open@@GLIBC_2.2.5
                0x0000000000006270                std::__cxx11::basic_stringstream<char, std::char_traits<char>, std::allocator<char> >::~basic_stringstream()@@GLIBCXX_3.4.21
                0x0000000000006280                pthread_mutex_unlock@@GLIBC_2.2.5
                0x0000000000006290                memcpy@@GLIBC_2.14
                0x00000000000062a0                __cxa_atexit@@GLIBC_2.2.5
                0x00000000000062b0                pthread_join@@GLIBC_2.34
                0x00000000000062c0                clock_gettime@@GLIBC_2.17
                0x00000000000062d0                std::basic_ostream<char, std::char_traits<char> >& std::operator<< <std::char_traits<char> >(std::basic_ostream<char, std::char_traits<char> >&, char const*)@@GLIBCXX_3.4
                0x00000000000062e0                operator new(unsigned long)@@GLIBCXX_3.4
                0x00000000000062f0                operator delete(void*, unsigned long)@@CXXABI_1.3.9
                0x0000000000006300                tcsendbreak@@GLIBC_2.2.5
                0x0000000000006310                pselect@@GLIBC_2.2.5
                0x0000000000006320                cfsetospeed@@GLIBC_2.2.5
                0x0000000000006330                __stack_chk_fail@@GLIBC_2.4
                0x0000000000006340                tcgetattr@@GLIBC_2.2.5
                0x0000000000006350                std::invalid_argument::invalid_argument(char const*)@@GLIBCXX_3.4.21
                0x0000000000006360                std::basic_ostream<char, std::char_traits<char> >& std::__ostream_insert<char, std::char_traits<char> >(std::basic_ostream<char, std::char_traits<char> >&, char const*, long)@@GLIBCXX_3.4.9
                0x0000000000006370                std::ctype<char>::_M_widen_init() const@@GLIBCXX_3.4.11
                0x0000000000006380                std::__cxx11::basic_string<char, std::char_traits<char>, std::allocator<char> >::_M_construct(unsigned long, char)@@GLIBCXX_3.4.21
                0x0000000000006390                pthread_setname_np@@GLIBC_2.34
                0x00000000000063a0                pthread_mutex_destroy@@GLIBC_2.2.5
                0x00000000000063b0                pthread_cond_init@@GLIBC_2.3.2
                0x00000000000063c0                exit@@GLIBC_2.2.5
                0x00000000000063d0                pthread_attr_init@@GLIBC_2.2.5
                0x00000000000063e0                std::__cxx11::basic_string<char, std::char_traits<char>, std::allocator<char> >::_M_dispose()@@GLIBCXX_3.4.21
                0x00000000000063f0                std::istream::read(char*, long)@@GLIBCXX_3.4
                0x0000000000006400                std::__throw_bad_cast()@@GLIBCXX_3.4
                0x0000000000006410                tcsetattr@@GLIBC_2.2.5
                0x0000000000006420                std::basic_istream<char, std::char_traits<char> >& std::operator>><char, std::char_traits<char>, std::allocator<char> >(std::basic_istream<char, std::char_traits<char> >&, std::__cxx11::basic_string<char, std::char_traits<char>, std::allocator<char> >&)@@GLIBCXX_3.4.21
                0x0000000000006430                operator delete[](void*)@@GLIBCXX_3.4
                0x0000000000006440                std::__cxx11::basic_stringbuf<char, std::char_traits<char>, std::allocator<char> >::_M_sync(char*, unsigned long, unsigned long)@@GLIBCXX_3.4.21
                0x0000000000006450                std::__cxx11::basic_string<char, std::char_traits<char>, std::allocator<char> >::find(char, unsigned long) const@@GLIBCXX_3.4.21
                0x0000000000006460                std::basic_istream<char, std::char_traits<char> >& std::operator>><char, std::char_traits<char> >(std::basic_istream<char, std::char_traits<char> >&, char&)@@GLIBCXX_3.4
                0x0000000000006470                std::basic_ios<char, std::char_traits<char> >::init(std::basic_streambuf<char, std::char_traits<char> >*)@@GLIBCXX_3.4
                0x0000000000006480                __pthread_unregister_cancel@@GLIBC_2.34
                0x0000000000006490                pthread_cancel@@GLIBC_2.34
                0x00000000000064a0                strcmp@@GLIBC_2.2.5
                0x00000000000064b0                ioctl@@GLIBC_2.2.5
                0x00000000000064c0                std::locale::~locale()@@GLIBCXX_3.4
                0x00000000000064d0                __sigsetjmp@@GLIBC_2.2.5
                0x00000000000064e0                read@@GLIBC_2.2.5
                0x00000000000064f0                sched_yield@@GLIBC_2.2.5
                0x0000000000006500                pthread_mutex_lock@@GLIBC_2.2.5
                0x0000000000006510                pthread_mutexattr_settype@@GLIBC_2.34
                0x0000000000006520                pthread_mutexattr_destroy@@GLIBC_2.34
                0x0000000000006530                pthread_mutex_init@@GLIBC_2.2.5
                0x0000000000006540                pthread_cond_timedwait@@GLIBC_2.3.2
                0x0000000000006550                std::__throw_out_of_range_fmt(char const*, ...)@@GLIBCXX_3.4.20
                0x0000000000006560                tcflush@@GLIBC_2.2.5
                0x0000000000006570                std::out_of_range::out_of_range(std::__cxx11::basic_string<char, std::char_traits<char>, std::allocator<char> > const&)@@GLIBCXX_3.4.21
                0x0000000000006580                pthread_cond_wait@@GLIBC_2.3.2
                0x0000000000006590                __pthread_register_cancel@@GLIBC_2.34
                0x00000000000065a0                puts@@GLIBC_2.2.5
                0x00000000000065b0                std::__cxx11::basic_string<char, std::char_traits<char>, std::allocator<char> >::_M_replace(unsigned long, unsigned long, char const*, unsigned long)@@GLIBCXX_3.4.21
                0x00000000000065c0                std::__cxx11::basic_string<char, std::char_traits<char>, std::allocator<char> >::reserve(unsigned long)@@GLIBCXX_3.4.21
                0x00000000000065d0                std::__cxx11::basic_stringbuf<char, std::char_traits<char>, std::allocator<char> >::str() const@@GLIBCXX_3.4.21
                0x00000000000065e0                std::basic_ifstream<char, std::char_traits<char> >::basic_ifstream(std::__cxx11::basic_string<char, std::char_traits<char>, std::allocator<char> > const&, std::_Ios_Openmode)@@GLIBCXX_3.4.21
                0x00000000000065f0                memmove@@GLIBC_2.2.5
                0x0000000000006600                __cxa_end_catch@@CXXABI_1.3
                0x0000000000006610                std::ostream& std::ostream::_M_insert<bool>(bool)@@GLIBCXX_3.4.9
                0x0000000000006620                pthread_attr_destroy@@GLIBC_2.2.5
                0x0000000000006630                std::basic_ios<char, std::char_traits<char> >::clear(std::_Ios_Iostate)@@GLIBCXX_3.4
                0x0000000000006640                __cxa_throw@@CXXABI_1.3
                0x0000000000006650                std::ostream::operator<<(int)@@GLIBCXX_3.4
                0x0000000000006660                std::invalid_argument::invalid_argument(std::__cxx11::basic_string<char, std::char_traits<char>, std::allocator<char> > const&)@@GLIBCXX_3.4.21
                0x0000000000006670                std::__cxx11::basic_string<char, std::char_traits<char>, std::allocator<char> >::find(char const*, unsigned long, unsigned long) const@@GLIBCXX_3.4.21
                0x0000000000006680                std::istream& std::istream::_M_extract<unsigned int>(unsigned int&)@@GLIBCXX_3.4.9
                0x0000000000006690                _Unwind_Resume@@GCC_3.0
                0x00000000000066a0                pthread_exit@@GLIBC_2.2.5
                0x00000000000066b0                std::__cxx11::basic_string<char, std::char_traits<char>, std::allocator<char> >::_M_create(unsigned long&, unsigned long)@@GLIBCXX_3.4.21
                0x00000000000066c0                tcdrain@@GLIBC_2.2.5
                0x00000000000066d0                pthread_create@@GLIBC_2.34
                0x00000000000066e0                std::exception::~exception()@@GLIBCXX_3.4
                0x00000000000066f0                std::basic_istream<char, std::char_traits<char> >& std::getline<char, std::char_traits<char>, std::allocator<char> >(std::basic_istream<char, std::char_traits<char> >&, std::__cxx11::basic_string<char, std::char_traits<char>, std::allocator<char> >&, char)@@GLIBCXX_3.4.21
                0x0000000000006700                std::invalid_argument::invalid_argument(char const*)@@GLIBCXX_3.4.21
                0x0000000000006710                clock_nanosleep@@GLIBC_2.17
                0x0000000000006720                std::__cxx11::basic_string<char, std::char_traits<char>, std::allocator<char> >::append(char const*)@@GLIBCXX_3.4.21
                0x0000000000006730                pthread_cond_destroy@@GLIBC_2.3.2
                0x0000000000006740                close@@GLIBC_2.2.5
                0x0000000000006750                pthread_mutex_timedlock@@GLIBC_2.34
                0x0000000000006760                std::locale::locale()@@GLIBCXX_3.4
 *(.iplt)

.plt.got        0x0000000000006770        0x0
 *(.plt.got)
 .plt.got       0x0000000000006770        0x0 /usr/lib/gcc/x86_64-pc-linux-gnu/14.2.1/../../../../lib/Scrt1.o

.plt.sec
 *(.plt.sec)

.text           0x0000000000006780    0x1af41
 *(.text.unlikely .text.*_unlikely .text.unlikely.*)
 .text.unlikely
                0x0000000000006780      0x25c /home/haron/Desktop/sip-example/build/sip_uploader/sip-uploader/main.o
 .text.unlikely
                0x00000000000069dc       0xd7 /home/haron/Desktop/sip-example/build/sip_uploader/lib/liboutpost_hal_posix.a(serial_port.o)
 *fill*         0x0000000000006ab3        0x1 
 .text.unlikely
                0x0000000000006ab4      0x20f /home/haron/Desktop/sip-example/build/sip_uploader/lib/libserial.a(serial.o)
 *fill*         0x0000000000006cc3        0x1 
 .text.unlikely
                0x0000000000006cc4     0x1df0 /home/haron/Desktop/sip-example/build/sip_uploader/lib/libserial.a(unix.o)
 .text.unlikely
                0x0000000000008ab4        0x5 /home/haron/Desktop/sip-example/build/sip_uploader/lib/liboutpost_rtos_posix_base.a(thread.o)
 *(.text.exit .text.exit.*)
 *(.text.startup .text.startup.*)
 *fill*         0x0000000000008ab9        0x7 
 .text.startup  0x0000000000008ac0      0x856 /home/haron/Desktop/sip-example/build/sip_uploader/sip-uploader/main.o
                0x0000000000008ac0                main
 *fill*         0x0000000000009316        0xa 
 .text.startup  0x0000000000009320       0x27 /home/haron/Desktop/sip-example/build/sip_uploader/lib/liboutpost_support.a(heartbeat.o)
 *(.text.hot .text.hot.*)
 *(SORT_BY_NAME(.text.sorted.*))
 *(.text .stub .text.* .gnu.linkonce.t.*)
 *fill*         0x0000000000009347        0x9 
 .text          0x0000000000009350       0x26 /usr/lib/gcc/x86_64-pc-linux-gnu/14.2.1/../../../../lib/Scrt1.o
                0x0000000000009350                _start
 .text          0x0000000000009376        0x0 /usr/lib/gcc/x86_64-pc-linux-gnu/14.2.1/../../../../lib/crti.o
 *fill*         0x0000000000009376        0xa 
 .text          0x0000000000009380       0xc9 /usr/lib/gcc/x86_64-pc-linux-gnu/14.2.1/crtbeginS.o
 *fill*         0x0000000000009449       0x37 
 .text          0x0000000000009480      0x983 /home/haron/Desktop/sip-example/build/sip_uploader/sip-uploader/main.o
                0x00000000000096a0                dumpData(unsigned int, bool, unsigned int)
                0x00000000000097a0                startDataWrite(std::vector<unsigned char, std::allocator<unsigned char> >&, unsigned int, bool)
                0x0000000000009890                sendAllData(std::vector<unsigned char, std::allocator<unsigned char> >&)
 *fill*         0x0000000000009e03        0xd 
 .text._ZNKSt5ctypeIcE8do_widenEc
                0x0000000000009e10        0x3 /home/haron/Desktop/sip-example/build/sip_uploader/sip-uploader/main.o
                0x0000000000009e10                std::ctype<char>::do_widen(char) const
 *fill*         0x0000000000009e13        0xd 
 .text._ZNK4popl6Switch13argument_typeEv
                0x0000000000009e20        0x3 /home/haron/Desktop/sip-example/build/sip_uploader/sip-uploader/main.o
                0x0000000000009e20                popl::Switch::argument_type() const
 *fill*         0x0000000000009e23        0xd 
 .text._ZN4popl20ConsoleOptionPrinterD2Ev
                0x0000000000009e30        0x1 /home/haron/Desktop/sip-example/build/sip_uploader/sip-uploader/main.o
                0x0000000000009e30                popl::ConsoleOptionPrinter::~ConsoleOptionPrinter()
                0x0000000000009e30                popl::ConsoleOptionPrinter::~ConsoleOptionPrinter()
 *fill*         0x0000000000009e31        0xf 
 .text._ZNK4popl5ValueINSt7__cxx1112basic_stringIcSt11char_traitsIcESaIcEEEE6is_setEv
                0x0000000000009e40       0x12 /home/haron/Desktop/sip-example/build/sip_uploader/sip-uploader/main.o
                0x0000000000009e40                popl::Value<std::__cxx11::basic_string<char, std::char_traits<char>, std::allocator<char> > >::is_set() const
 *fill*         0x0000000000009e52        0xe 
 .text._ZNK4popl5ValueINSt7__cxx1112basic_stringIcSt11char_traitsIcESaIcEEEE5countEv
                0x0000000000009e60       0x13 /home/haron/Desktop/sip-example/build/sip_uploader/sip-uploader/main.o
                0x0000000000009e60                popl::Value<std::__cxx11::basic_string<char, std::char_traits<char>, std::allocator<char> > >::count() const
 *fill*         0x0000000000009e73        0xd 
 .text._ZNK4popl5ValueIjE6is_setEv
                0x0000000000009e80       0x12 /home/haron/Desktop/sip-example/build/sip_uploader/sip-uploader/main.o
                0x0000000000009e80                popl::Value<unsigned int>::is_set() const
 *fill*         0x0000000000009e92        0xe 
 .text._ZNK4popl5ValueIjE5countEv
                0x0000000000009ea0       0x13 /home/haron/Desktop/sip-example/build/sip_uploader/sip-uploader/main.o
                0x0000000000009ea0                popl::Value<unsigned int>::count() const
 *fill*         0x0000000000009eb3        0xd 
 .text._ZNK4popl5ValueIcE6is_setEv
                0x0000000000009ec0       0x12 /home/haron/Desktop/sip-example/build/sip_uploader/sip-uploader/main.o
                0x0000000000009ec0                popl::Value<char>::is_set() const
 *fill*         0x0000000000009ed2        0xe 
 .text._ZNK4popl5ValueIcE5countEv
                0x0000000000009ee0        0xf /home/haron/Desktop/sip-example/build/sip_uploader/sip-uploader/main.o
                0x0000000000009ee0                popl::Value<char>::count() const
 *fill*         0x0000000000009eef        0x1 
 .text._ZN4popl18GroffOptionPrinterD2Ev
                0x0000000000009ef0        0x1 /home/haron/Desktop/sip-example/build/sip_uploader/sip-uploader/main.o
                0x0000000000009ef0                popl::GroffOptionPrinter::~GroffOptionPrinter()
                0x0000000000009ef0                popl::GroffOptionPrinter::~GroffOptionPrinter()
 *fill*         0x0000000000009ef1        0xf 
 .text._ZN7outpost5posix11SystemClockD2Ev
                0x0000000000009f00        0x1 /home/haron/Desktop/sip-example/build/sip_uploader/sip-uploader/main.o
                0x0000000000009f00                outpost::posix::SystemClock::~SystemClock()
                0x0000000000009f00                outpost::posix::SystemClock::~SystemClock()
 *fill*         0x0000000000009f01        0xf 
 .text._ZN7outpost3sip22PacketTransportWrapperD1Ev
                0x0000000000009f10       0x31 /home/haron/Desktop/sip-example/build/sip_uploader/sip-uploader/main.o
                0x0000000000009f10                outpost::sip::PacketTransportWrapper::~PacketTransportWrapper()
                0x0000000000009f20                non-virtual thunk to outpost::sip::PacketTransportWrapper::~PacketTransportWrapper()
                0x0000000000009f30                non-virtual thunk to outpost::sip::PacketTransportWrapper::~PacketTransportWrapper()
                0x0000000000009f40                virtual thunk to outpost::sip::PacketTransportWrapper::~PacketTransportWrapper()
 *fill*         0x0000000000009f41        0xf 
 .text._ZNSt23_Sp_counted_ptr_inplaceIN4popl5ValueIcEESaIvELN9__gnu_cxx12_Lock_policyE2EED2Ev
                0x0000000000009f50        0x1 /home/haron/Desktop/sip-example/build/sip_uploader/sip-uploader/main.o
                0x0000000000009f50                std::_Sp_counted_ptr_inplace<popl::Value<char>, std::allocator<void>, (__gnu_cxx::_Lock_policy)2>::~_Sp_counted_ptr_inplace()
                0x0000000000009f50                std::_Sp_counted_ptr_inplace<popl::Value<char>, std::allocator<void>, (__gnu_cxx::_Lock_policy)2>::~_Sp_counted_ptr_inplace()
 *fill*         0x0000000000009f51        0xf 
 .text._ZNSt23_Sp_counted_ptr_inplaceIN4popl5ValueIcEESaIvELN9__gnu_cxx12_Lock_policyE2EE10_M_disposeEv
                0x0000000000009f60       0x10 /home/haron/Desktop/sip-example/build/sip_uploader/sip-uploader/main.o
                0x0000000000009f60                std::_Sp_counted_ptr_inplace<popl::Value<char>, std::allocator<void>, (__gnu_cxx::_Lock_policy)2>::_M_dispose()
 .text._ZNSt23_Sp_counted_ptr_inplaceIN4popl5ValueIjEESaIvELN9__gnu_cxx12_Lock_policyE2EED2Ev
                0x0000000000009f70        0x1 /home/haron/Desktop/sip-example/build/sip_uploader/sip-uploader/main.o
                0x0000000000009f70                std::_Sp_counted_ptr_inplace<popl::Value<unsigned int>, std::allocator<void>, (__gnu_cxx::_Lock_policy)2>::~_Sp_counted_ptr_inplace()
                0x0000000000009f70                std::_Sp_counted_ptr_inplace<popl::Value<unsigned int>, std::allocator<void>, (__gnu_cxx::_Lock_policy)2>::~_Sp_counted_ptr_inplace()
 *fill*         0x0000000000009f71        0xf 
 .text._ZNSt23_Sp_counted_ptr_inplaceIN4popl5ValueIjEESaIvELN9__gnu_cxx12_Lock_policyE2EE10_M_disposeEv
                0x0000000000009f80       0x10 /home/haron/Desktop/sip-example/build/sip_uploader/sip-uploader/main.o
                0x0000000000009f80                std::_Sp_counted_ptr_inplace<popl::Value<unsigned int>, std::allocator<void>, (__gnu_cxx::_Lock_policy)2>::_M_dispose()
 .text._ZNSt23_Sp_counted_ptr_inplaceIN4popl5ValueINSt7__cxx1112basic_stringIcSt11char_traitsIcESaIcEEEEESaIvELN9__gnu_cxx12_Lock_policyE2EED2Ev
                0x0000000000009f90        0x1 /home/haron/Desktop/sip-example/build/sip_uploader/sip-uploader/main.o
                0x0000000000009f90                std::_Sp_counted_ptr_inplace<popl::Value<std::__cxx11::basic_string<char, std::char_traits<char>, std::allocator<char> > >, std::allocator<void>, (__gnu_cxx::_Lock_policy)2>::~_Sp_counted_ptr_inplace()
                0x0000000000009f90                std::_Sp_counted_ptr_inplace<popl::Value<std::__cxx11::basic_string<char, std::char_traits<char>, std::allocator<char> > >, std::allocator<void>, (__gnu_cxx::_Lock_policy)2>::~_Sp_counted_ptr_inplace()
 *fill*         0x0000000000009f91        0xf 
 .text._ZNSt23_Sp_counted_ptr_inplaceIN4popl5ValueINSt7__cxx1112basic_stringIcSt11char_traitsIcESaIcEEEEESaIvELN9__gnu_cxx12_Lock_policyE2EE10_M_disposeEv
                0x0000000000009fa0       0x10 /home/haron/Desktop/sip-example/build/sip_uploader/sip-uploader/main.o
                0x0000000000009fa0                std::_Sp_counted_ptr_inplace<popl::Value<std::__cxx11::basic_string<char, std::char_traits<char>, std::allocator<char> > >, std::allocator<void>, (__gnu_cxx::_Lock_policy)2>::_M_dispose()
 .text._ZNSt23_Sp_counted_ptr_inplaceIN4popl6SwitchESaIvELN9__gnu_cxx12_Lock_policyE2EED2Ev
                0x0000000000009fb0        0x1 /home/haron/Desktop/sip-example/build/sip_uploader/sip-uploader/main.o
                0x0000000000009fb0                std::_Sp_counted_ptr_inplace<popl::Switch, std::allocator<void>, (__gnu_cxx::_Lock_policy)2>::~_Sp_counted_ptr_inplace()
                0x0000000000009fb0                std::_Sp_counted_ptr_inplace<popl::Switch, std::allocator<void>, (__gnu_cxx::_Lock_policy)2>::~_Sp_counted_ptr_inplace()
 *fill*         0x0000000000009fb1        0xf 
 .text._ZNSt23_Sp_counted_ptr_inplaceIN4popl6SwitchESaIvELN9__gnu_cxx12_Lock_policyE2EE10_M_disposeEv
                0x0000000000009fc0       0x10 /home/haron/Desktop/sip-example/build/sip_uploader/sip-uploader/main.o
                0x0000000000009fc0                std::_Sp_counted_ptr_inplace<popl::Switch, std::allocator<void>, (__gnu_cxx::_Lock_policy)2>::_M_dispose()
 .text._ZNK4popl5ValueIcE13argument_typeEv
                0x0000000000009fd0        0x6 /home/haron/Desktop/sip-example/build/sip_uploader/sip-uploader/main.o
                0x0000000000009fd0                popl::Value<char>::argument_type() const
 *fill*         0x0000000000009fd6        0xa 
 .text._ZNK4popl5ValueIjE13argument_typeEv
                0x0000000000009fe0        0x6 /home/haron/Desktop/sip-example/build/sip_uploader/sip-uploader/main.o
                0x0000000000009fe0                popl::Value<unsigned int>::argument_type() const
 *fill*         0x0000000000009fe6        0xa 
 .text._ZNK4popl5ValueINSt7__cxx1112basic_stringIcSt11char_traitsIcESaIcEEEE13argument_typeEv
                0x0000000000009ff0        0x6 /home/haron/Desktop/sip-example/build/sip_uploader/sip-uploader/main.o
                0x0000000000009ff0                popl::Value<std::__cxx11::basic_string<char, std::char_traits<char>, std::allocator<char> > >::argument_type() const
 *fill*         0x0000000000009ff6        0xa 
 .text._ZNK4popl5ValueIbE13argument_typeEv
                0x000000000000a000        0x6 /home/haron/Desktop/sip-example/build/sip_uploader/sip-uploader/main.o
                0x000000000000a000                popl::Value<bool>::argument_type() const
 *fill*         0x000000000000a006        0xa 
 .text._ZNK4popl5ValueIbE5countEv
                0x000000000000a010       0x19 /home/haron/Desktop/sip-example/build/sip_uploader/sip-uploader/main.o
                0x000000000000a010                popl::Value<bool>::count() const
 *fill*         0x000000000000a029        0x7 
 .text._ZNK4popl5ValueIbE6is_setEv
                0x000000000000a030       0x22 /home/haron/Desktop/sip-example/build/sip_uploader/sip-uploader/main.o
                0x000000000000a030                popl::Value<bool>::is_set() const
 *fill*         0x000000000000a052        0xe 
 .text._ZN4popl20ConsoleOptionPrinterD0Ev
                0x000000000000a060        0xa /home/haron/Desktop/sip-example/build/sip_uploader/sip-uploader/main.o
                0x000000000000a060                popl::ConsoleOptionPrinter::~ConsoleOptionPrinter()
 *fill*         0x000000000000a06a        0x6 
 .text._ZN4popl18GroffOptionPrinterD0Ev
                0x000000000000a070        0xa /home/haron/Desktop/sip-example/build/sip_uploader/sip-uploader/main.o
                0x000000000000a070                popl::GroffOptionPrinter::~GroffOptionPrinter()
 *fill*         0x000000000000a07a        0x6 
 .text._ZNSt23_Sp_counted_ptr_inplaceIN4popl5ValueIcEESaIvELN9__gnu_cxx12_Lock_policyE2EED0Ev
                0x000000000000a080        0xa /home/haron/Desktop/sip-example/build/sip_uploader/sip-uploader/main.o
                0x000000000000a080                std::_Sp_counted_ptr_inplace<popl::Value<char>, std::allocator<void>, (__gnu_cxx::_Lock_policy)2>::~_Sp_counted_ptr_inplace()
 *fill*         0x000000000000a08a        0x6 
 .text._ZNSt23_Sp_counted_ptr_inplaceIN4popl5ValueIjEESaIvELN9__gnu_cxx12_Lock_policyE2EED0Ev
                0x000000000000a090        0xa /home/haron/Desktop/sip-example/build/sip_uploader/sip-uploader/main.o
                0x000000000000a090                std::_Sp_counted_ptr_inplace<popl::Value<unsigned int>, std::allocator<void>, (__gnu_cxx::_Lock_policy)2>::~_Sp_counted_ptr_inplace()
 *fill*         0x000000000000a09a        0x6 
 .text._ZNSt23_Sp_counted_ptr_inplaceIN4popl5ValueINSt7__cxx1112basic_stringIcSt11char_traitsIcESaIcEEEEESaIvELN9__gnu_cxx12_Lock_policyE2EED0Ev
                0x000000000000a0a0        0xa /home/haron/Desktop/sip-example/build/sip_uploader/sip-uploader/main.o
                0x000000000000a0a0                std::_Sp_counted_ptr_inplace<popl::Value<std::__cxx11::basic_string<char, std::char_traits<char>, std::allocator<char> > >, std::allocator<void>, (__gnu_cxx::_Lock_policy)2>::~_Sp_counted_ptr_inplace()
 *fill*         0x000000000000a0aa        0x6 
 .text._ZNSt23_Sp_counted_ptr_inplaceIN4popl6SwitchESaIvELN9__gnu_cxx12_Lock_policyE2EED0Ev
                0x000000000000a0b0        0xa /home/haron/Desktop/sip-example/build/sip_uploader/sip-uploader/main.o
                0x000000000000a0b0                std::_Sp_counted_ptr_inplace<popl::Switch, std::allocator<void>, (__gnu_cxx::_Lock_policy)2>::~_Sp_counted_ptr_inplace()
 *fill*         0x000000000000a0ba        0x6 
 .text._ZN7outpost3sip22PacketTransportWrapperD0Ev
                0x000000000000a0c0       0x41 /home/haron/Desktop/sip-example/build/sip_uploader/sip-uploader/main.o
                0x000000000000a0c0                outpost::sip::PacketTransportWrapper::~PacketTransportWrapper()
                0x000000000000a0d0                non-virtual thunk to outpost::sip::PacketTransportWrapper::~PacketTransportWrapper()
                0x000000000000a0e0                non-virtual thunk to outpost::sip::PacketTransportWrapper::~PacketTransportWrapper()
                0x000000000000a0f0                virtual thunk to outpost::sip::PacketTransportWrapper::~PacketTransportWrapper()
 *fill*         0x000000000000a101        0xf 
 .text._ZNK4popl5ValueINSt7__cxx1112basic_stringIcSt11char_traitsIcESaIcEEEE11get_defaultERSo
                0x000000000000a110       0x33 /home/haron/Desktop/sip-example/build/sip_uploader/sip-uploader/main.o
                0x000000000000a110                popl::Value<std::__cxx11::basic_string<char, std::char_traits<char>, std::allocator<char> > >::get_default(std::ostream&) const
 *fill*         0x000000000000a143        0xd 
 .text._ZNK4popl5ValueIjE11get_defaultERSo
                0x000000000000a150       0x2b /home/haron/Desktop/sip-example/build/sip_uploader/sip-uploader/main.o
                0x000000000000a150                popl::Value<unsigned int>::get_default(std::ostream&) const
 *fill*         0x000000000000a17b        0x5 
 .text._ZNK4popl5ValueIbE11get_defaultERSo
                0x000000000000a180       0x2b /home/haron/Desktop/sip-example/build/sip_uploader/sip-uploader/main.o
                0x000000000000a180                popl::Value<bool>::get_default(std::ostream&) const
 *fill*         0x000000000000a1ab        0x5 
 .text._ZN7outpost3sip25CoordinatorPacketReceiverD2Ev
                0x000000000000a1b0        0xf /home/haron/Desktop/sip-example/build/sip_uploader/sip-uploader/main.o
                0x000000000000a1b0                outpost::sip::CoordinatorPacketReceiver::~CoordinatorPacketReceiver()
                0x000000000000a1b0                outpost::sip::CoordinatorPacketReceiver::~CoordinatorPacketReceiver()
 *fill*         0x000000000000a1bf        0x1 
 .text._ZN7outpost3sip11CoordinatorD2Ev
                0x000000000000a1c0        0xc /home/haron/Desktop/sip-example/build/sip_uploader/sip-uploader/main.o
                0x000000000000a1c0                outpost::sip::Coordinator::~Coordinator()
                0x000000000000a1c0                outpost::sip::Coordinator::~Coordinator()
 *fill*         0x000000000000a1cc        0x4 
 .text._ZN7outpost9transport20FrameTransportSerialD1Ev
                0x000000000000a1d0      0x128 /home/haron/Desktop/sip-example/build/sip_uploader/sip-uploader/main.o
                0x000000000000a1d0                outpost::transport::FrameTransportSerial::~FrameTransportSerial()
                0x000000000000a220                non-virtual thunk to outpost::transport::FrameTransportSerial::~FrameTransportSerial()
                0x000000000000a260                non-virtual thunk to outpost::transport::FrameTransportSerial::~FrameTransportSerial()
                0x000000000000a2b0                virtual thunk to outpost::transport::FrameTransportSerial::~FrameTransportSerial()
 *fill*         0x000000000000a2f8        0x8 
 .text._ZNSt23_Sp_counted_ptr_inplaceIN4popl5ValueIcEESaIvELN9__gnu_cxx12_Lock_policyE2EE14_M_get_deleterERKSt9type_info
                0x000000000000a300       0x47 /home/haron/Desktop/sip-example/build/sip_uploader/sip-uploader/main.o
                0x000000000000a300                std::_Sp_counted_ptr_inplace<popl::Value<char>, std::allocator<void>, (__gnu_cxx::_Lock_policy)2>::_M_get_deleter(std::type_info const&)
 *fill*         0x000000000000a347        0x9 
 .text._ZN4popl5ValueIcE16update_referenceEv
                0x000000000000a350       0xa4 /home/haron/Desktop/sip-example/build/sip_uploader/sip-uploader/main.o
                0x000000000000a350                popl::Value<char>::update_reference()
 *fill*         0x000000000000a3f4        0xc 
 .text._ZN4popl5ValueIjE16update_referenceEv
                0x000000000000a400       0x9c /home/haron/Desktop/sip-example/build/sip_uploader/sip-uploader/main.o
                0x000000000000a400                popl::Value<unsigned int>::update_reference()
 *fill*         0x000000000000a49c        0x4 
 .text._ZN4popl5ValueINSt7__cxx1112basic_stringIcSt11char_traitsIcESaIcEEEE16update_referenceEv
                0x000000000000a4a0       0xa1 /home/haron/Desktop/sip-example/build/sip_uploader/sip-uploader/main.o
                0x000000000000a4a0                popl::Value<std::__cxx11::basic_string<char, std::char_traits<char>, std::allocator<char> > >::update_reference()
 *fill*         0x000000000000a541        0xf 
 .text._ZNSt23_Sp_counted_ptr_inplaceIN4popl5ValueIcEESaIvELN9__gnu_cxx12_Lock_policyE2EE10_M_destroyEv
                0x000000000000a550        0xa /home/haron/Desktop/sip-example/build/sip_uploader/sip-uploader/main.o
                0x000000000000a550                std::_Sp_counted_ptr_inplace<popl::Value<char>, std::allocator<void>, (__gnu_cxx::_Lock_policy)2>::_M_destroy()
 *fill*         0x000000000000a55a        0x6 
 .text._ZNSt23_Sp_counted_ptr_inplaceIN4popl5ValueIjEESaIvELN9__gnu_cxx12_Lock_policyE2EE10_M_destroyEv
                0x000000000000a560        0xa /home/haron/Desktop/sip-example/build/sip_uploader/sip-uploader/main.o
                0x000000000000a560                std::_Sp_counted_ptr_inplace<popl::Value<unsigned int>, std::allocator<void>, (__gnu_cxx::_Lock_policy)2>::_M_destroy()
 *fill*         0x000000000000a56a        0x6 
 .text._ZNSt23_Sp_counted_ptr_inplaceIN4popl5ValueINSt7__cxx1112basic_stringIcSt11char_traitsIcESaIcEEEEESaIvELN9__gnu_cxx12_Lock_policyE2EE10_M_destroyEv
                0x000000000000a570        0xa /home/haron/Desktop/sip-example/build/sip_uploader/sip-uploader/main.o
                0x000000000000a570                std::_Sp_counted_ptr_inplace<popl::Value<std::__cxx11::basic_string<char, std::char_traits<char>, std::allocator<char> > >, std::allocator<void>, (__gnu_cxx::_Lock_policy)2>::_M_destroy()
 *fill*         0x000000000000a57a        0x6 
 .text._ZNSt23_Sp_counted_ptr_inplaceIN4popl6SwitchESaIvELN9__gnu_cxx12_Lock_policyE2EE10_M_destroyEv
                0x000000000000a580        0xa /home/haron/Desktop/sip-example/build/sip_uploader/sip-uploader/main.o
                0x000000000000a580                std::_Sp_counted_ptr_inplace<popl::Switch, std::allocator<void>, (__gnu_cxx::_Lock_policy)2>::_M_destroy()
 *fill*         0x000000000000a58a        0x6 
 .text._ZN4popl5ValueIbE16update_referenceEv
                0x000000000000a590       0xfd /home/haron/Desktop/sip-example/build/sip_uploader/sip-uploader/main.o
                0x000000000000a590                popl::Value<bool>::update_reference()
 *fill*         0x000000000000a68d        0x3 
 .text._ZNSt23_Sp_counted_ptr_inplaceIN4popl6SwitchESaIvELN9__gnu_cxx12_Lock_policyE2EE14_M_get_deleterERKSt9type_info
                0x000000000000a690       0x47 /home/haron/Desktop/sip-example/build/sip_uploader/sip-uploader/main.o
                0x000000000000a690                std::_Sp_counted_ptr_inplace<popl::Switch, std::allocator<void>, (__gnu_cxx::_Lock_policy)2>::_M_get_deleter(std::type_info const&)
 *fill*         0x000000000000a6d7        0x9 
 .text._ZNSt23_Sp_counted_ptr_inplaceIN4popl5ValueINSt7__cxx1112basic_stringIcSt11char_traitsIcESaIcEEEEESaIvELN9__gnu_cxx12_Lock_policyE2EE14_M_get_deleterERKSt9type_info
                0x000000000000a6e0       0x47 /home/haron/Desktop/sip-example/build/sip_uploader/sip-uploader/main.o
                0x000000000000a6e0                std::_Sp_counted_ptr_inplace<popl::Value<std::__cxx11::basic_string<char, std::char_traits<char>, std::allocator<char> > >, std::allocator<void>, (__gnu_cxx::_Lock_policy)2>::_M_get_deleter(std::type_info const&)
 *fill*         0x000000000000a727        0x9 
 .text._ZNSt23_Sp_counted_ptr_inplaceIN4popl5ValueIjEESaIvELN9__gnu_cxx12_Lock_policyE2EE14_M_get_deleterERKSt9type_info
                0x000000000000a730       0x47 /home/haron/Desktop/sip-example/build/sip_uploader/sip-uploader/main.o
                0x000000000000a730                std::_Sp_counted_ptr_inplace<popl::Value<unsigned int>, std::allocator<void>, (__gnu_cxx::_Lock_policy)2>::_M_get_deleter(std::type_info const&)
 *fill*         0x000000000000a777        0x9 
 .text._ZN7outpost9transport20FrameTransportSerialD0Ev
                0x000000000000a780      0x145 /home/haron/Desktop/sip-example/build/sip_uploader/sip-uploader/main.o
                0x000000000000a780                outpost::transport::FrameTransportSerial::~FrameTransportSerial()
                0x000000000000a7d0                non-virtual thunk to outpost::transport::FrameTransportSerial::~FrameTransportSerial()
                0x000000000000a820                non-virtual thunk to outpost::transport::FrameTransportSerial::~FrameTransportSerial()
                0x000000000000a870                virtual thunk to outpost::transport::FrameTransportSerial::~FrameTransportSerial()
 *fill*         0x000000000000a8c5        0xb 
 .text._ZNK4popl5ValueIcE11get_defaultERSo
                0x000000000000a8d0       0x76 /home/haron/Desktop/sip-example/build/sip_uploader/sip-uploader/main.o
                0x000000000000a8d0                popl::Value<char>::get_default(std::ostream&) const
 *fill*         0x000000000000a946        0xa 
 .text._ZN4popl27BashCompletionOptionPrinterD2Ev
                0x000000000000a950       0x31 /home/haron/Desktop/sip-example/build/sip_uploader/sip-uploader/main.o
                0x000000000000a950                popl::BashCompletionOptionPrinter::~BashCompletionOptionPrinter()
                0x000000000000a950                popl::BashCompletionOptionPrinter::~BashCompletionOptionPrinter()
 *fill*         0x000000000000a981        0xf 
 .text._ZN4popl14invalid_optionD2Ev
                0x000000000000a990       0x31 /home/haron/Desktop/sip-example/build/sip_uploader/sip-uploader/main.o
                0x000000000000a990                popl::invalid_option::~invalid_option()
                0x000000000000a990                popl::invalid_option::~invalid_option()
 *fill*         0x000000000000a9c1        0xf 
 .text._ZN4popl27BashCompletionOptionPrinterD0Ev
                0x000000000000a9d0       0x36 /home/haron/Desktop/sip-example/build/sip_uploader/sip-uploader/main.o
                0x000000000000a9d0                popl::BashCompletionOptionPrinter::~BashCompletionOptionPrinter()
 *fill*         0x000000000000aa06        0xa 
 .text._ZN4popl14invalid_optionD0Ev
                0x000000000000aa10       0x3e /home/haron/Desktop/sip-example/build/sip_uploader/sip-uploader/main.o
                0x000000000000aa10                popl::invalid_option::~invalid_option()
 *fill*         0x000000000000aa4e        0x2 
 .text._ZN4popl5ValueIjE5clearEv
                0x000000000000aa50       0xd5 /home/haron/Desktop/sip-example/build/sip_uploader/sip-uploader/main.o
                0x000000000000aa50                popl::Value<unsigned int>::clear()
 *fill*         0x000000000000ab25        0xb 
 .text._ZN4popl5ValueIcE5clearEv
                0x000000000000ab30       0xd5 /home/haron/Desktop/sip-example/build/sip_uploader/sip-uploader/main.o
                0x000000000000ab30                popl::Value<char>::clear()
 *fill*         0x000000000000ac05        0xb 
 .text._ZN4popl5ValueIcED2Ev
                0x000000000000ac10       0x9a /home/haron/Desktop/sip-example/build/sip_uploader/sip-uploader/main.o
                0x000000000000ac10                popl::Value<char>::~Value()
                0x000000000000ac10                popl::Value<char>::~Value()
 *fill*         0x000000000000acaa        0x6 
 .text._ZN4popl5ValueIjED2Ev
                0x000000000000acb0       0x9a /home/haron/Desktop/sip-example/build/sip_uploader/sip-uploader/main.o
                0x000000000000acb0                popl::Value<unsigned int>::~Value()
                0x000000000000acb0                popl::Value<unsigned int>::~Value()
 *fill*         0x000000000000ad4a        0x6 
 .text._ZN4popl5ValueINSt7__cxx1112basic_stringIcSt11char_traitsIcESaIcEEEE5clearEv
                0x000000000000ad50      0x116 /home/haron/Desktop/sip-example/build/sip_uploader/sip-uploader/main.o
                0x000000000000ad50                popl::Value<std::__cxx11::basic_string<char, std::char_traits<char>, std::allocator<char> > >::clear()
 *fill*         0x000000000000ae66        0xa 
 .text._ZN4popl5ValueIcED0Ev
                0x000000000000ae70       0xa2 /home/haron/Desktop/sip-example/build/sip_uploader/sip-uploader/main.o
                0x000000000000ae70                popl::Value<char>::~Value()
 *fill*         0x000000000000af12        0xe 
 .text._ZN4popl5ValueIbED2Ev
                0x000000000000af20       0x9a /home/haron/Desktop/sip-example/build/sip_uploader/sip-uploader/main.o
                0x000000000000af20                popl::Value<bool>::~Value()
                0x000000000000af20                popl::Value<bool>::~Value()
 *fill*         0x000000000000afba        0x6 
 .text._ZN4popl5ValueIjED0Ev
                0x000000000000afc0       0xa2 /home/haron/Desktop/sip-example/build/sip_uploader/sip-uploader/main.o
                0x000000000000afc0                popl::Value<unsigned int>::~Value()
 *fill*         0x000000000000b062        0xe 
 .text._ZN4popl6SwitchD2Ev
                0x000000000000b070       0x9a /home/haron/Desktop/sip-example/build/sip_uploader/sip-uploader/main.o
                0x000000000000b070                popl::Switch::~Switch()
                0x000000000000b070                popl::Switch::~Switch()
 *fill*         0x000000000000b10a        0x6 
 .text._ZN4popl5ValueIbED0Ev
                0x000000000000b110       0xa2 /home/haron/Desktop/sip-example/build/sip_uploader/sip-uploader/main.o
                0x000000000000b110                popl::Value<bool>::~Value()
 *fill*         0x000000000000b1b2        0xe 
 .text._ZN4popl6SwitchD0Ev
                0x000000000000b1c0       0xa2 /home/haron/Desktop/sip-example/build/sip_uploader/sip-uploader/main.o
                0x000000000000b1c0                popl::Switch::~Switch()
 *fill*         0x000000000000b262        0xe 
 .text._ZN4popl5ValueIbE5clearEv
                0x000000000000b270      0x121 /home/haron/Desktop/sip-example/build/sip_uploader/sip-uploader/main.o
                0x000000000000b270                popl::Value<bool>::clear()
 *fill*         0x000000000000b391        0xf 
 .text._ZN4popl5ValueINSt7__cxx1112basic_stringIcSt11char_traitsIcESaIcEEEED2Ev
                0x000000000000b3a0      0x105 /home/haron/Desktop/sip-example/build/sip_uploader/sip-uploader/main.o
                0x000000000000b3a0                popl::Value<std::__cxx11::basic_string<char, std::char_traits<char>, std::allocator<char> > >::~Value()
                0x000000000000b3a0                popl::Value<std::__cxx11::basic_string<char, std::char_traits<char>, std::allocator<char> > >::~Value()
 *fill*         0x000000000000b4a5        0xb 
 .text._ZN4popl5ValueINSt7__cxx1112basic_stringIcSt11char_traitsIcESaIcEEEED0Ev
                0x000000000000b4b0      0x109 /home/haron/Desktop/sip-example/build/sip_uploader/sip-uploader/main.o
                0x000000000000b4b0                popl::Value<std::__cxx11::basic_string<char, std::char_traits<char>, std::allocator<char> > >::~Value()
 *fill*         0x000000000000b5b9        0x7 
 .text._ZN4popl6OptionC2ERKNSt7__cxx1112basic_stringIcSt11char_traitsIcESaIcEEES8_S6_
                0x000000000000b5c0      0x39b /home/haron/Desktop/sip-example/build/sip_uploader/sip-uploader/main.o
                0x000000000000b5c0                popl::Option::Option(std::__cxx11::basic_string<char, std::char_traits<char>, std::allocator<char> > const&, std::__cxx11::basic_string<char, std::char_traits<char>, std::allocator<char> > const&, std::__cxx11::basic_string<char, std::char_traits<char>, std::allocator<char> >)
                0x000000000000b5c0                popl::Option::Option(std::__cxx11::basic_string<char, std::char_traits<char>, std::allocator<char> > const&, std::__cxx11::basic_string<char, std::char_traits<char>, std::allocator<char> > const&, std::__cxx11::basic_string<char, std::char_traits<char>, std::allocator<char> >)
 *fill*         0x000000000000b95b        0x5 
 .text._ZNK4popl6Option4nameB5cxx11ENS_10OptionNameEb
                0x000000000000b960      0x1ed /home/haron/Desktop/sip-example/build/sip_uploader/sip-uploader/main.o
                0x000000000000b960                popl::Option::name[abi:cxx11](popl::OptionName, bool) const
 *fill*         0x000000000000bb4d        0x3 
 .text._ZStplIcSt11char_traitsIcESaIcEENSt7__cxx1112basic_stringIT_T0_T1_EEPKS5_OS8_
                0x000000000000bb50      0x108 /home/haron/Desktop/sip-example/build/sip_uploader/sip-uploader/main.o
                0x000000000000bb50                std::__cxx11::basic_string<char, std::char_traits<char>, std::allocator<char> > std::operator+<char, std::char_traits<char>, std::allocator<char> >(char const*, std::__cxx11::basic_string<char, std::char_traits<char>, std::allocator<char> >&&)
 *fill*         0x000000000000bc58        0x8 
 .text._ZNSt16_Sp_counted_baseILN9__gnu_cxx12_Lock_policyE2EE24_M_release_last_use_coldEv
                0x000000000000bc60       0x44 /home/haron/Desktop/sip-example/build/sip_uploader/sip-uploader/main.o
                0x000000000000bc60                std::_Sp_counted_base<(__gnu_cxx::_Lock_policy)2>::_M_release_last_use_cold()
 *fill*         0x000000000000bca4        0xc 
 .text._ZNSt16_Sp_counted_baseILN9__gnu_cxx12_Lock_policyE2EE10_M_releaseEv
                0x000000000000bcb0       0x75 /home/haron/Desktop/sip-example/build/sip_uploader/sip-uploader/main.o
                0x000000000000bcb0                std::_Sp_counted_base<(__gnu_cxx::_Lock_policy)2>::_M_release()
 *fill*         0x000000000000bd25        0xb 
 .text._ZN4popl12OptionParserD2Ev
                0x000000000000bd30      0x1a9 /home/haron/Desktop/sip-example/build/sip_uploader/sip-uploader/main.o
                0x000000000000bd30                popl::OptionParser::~OptionParser()
                0x000000000000bd30                popl::OptionParser::~OptionParser()
 *fill*         0x000000000000bed9        0x7 
 .text._ZN4popl12OptionParserD0Ev
                0x000000000000bee0      0x1a1 /home/haron/Desktop/sip-example/build/sip_uploader/sip-uploader/main.o
                0x000000000000bee0                popl::OptionParser::~OptionParser()
 *fill*         0x000000000000c081        0xf 
 .text._ZNSt7__cxx1115basic_stringbufIcSt11char_traitsIcESaIcEED2Ev
                0x000000000000c090       0x3c /home/haron/Desktop/sip-example/build/sip_uploader/sip-uploader/main.o
                0x000000000000c090                std::__cxx11::basic_stringbuf<char, std::char_traits<char>, std::allocator<char> >::~basic_stringbuf()
                0x000000000000c090                std::__cxx11::basic_stringbuf<char, std::char_traits<char>, std::allocator<char> >::~basic_stringbuf()
 *fill*         0x000000000000c0cc        0x4 
 .text._ZNSt7__cxx1115basic_stringbufIcSt11char_traitsIcESaIcEED0Ev
                0x000000000000c0d0       0x49 /home/haron/Desktop/sip-example/build/sip_uploader/sip-uploader/main.o
                0x000000000000c0d0                std::__cxx11::basic_stringbuf<char, std::char_traits<char>, std::allocator<char> >::~basic_stringbuf()
 *fill*         0x000000000000c119        0x7 
 .text._ZNK4popl27BashCompletionOptionPrinter5printB5cxx11ERKNS_9AttributeE
                0x000000000000c120      0x67f /home/haron/Desktop/sip-example/build/sip_uploader/sip-uploader/main.o
                0x000000000000c120                popl::BashCompletionOptionPrinter::print[abi:cxx11](popl::Attribute const&) const
 *fill*         0x000000000000c79f        0x1 
 .text._ZNK4popl18GroffOptionPrinter5printB5cxx11ERKNS_9AttributeE
                0x000000000000c7a0     0x15e9 /home/haron/Desktop/sip-example/build/sip_uploader/sip-uploader/main.o
                0x000000000000c7a0                popl::GroffOptionPrinter::print[abi:cxx11](popl::Attribute const&) const
 *fill*         0x000000000000dd89        0x7 
 .text._ZNK4popl20ConsoleOptionPrinter9to_stringB5cxx11ESt10shared_ptrINS_6OptionEE.isra.0
                0x000000000000dd90      0xe4a /home/haron/Desktop/sip-example/build/sip_uploader/sip-uploader/main.o
 *fill*         0x000000000000ebda        0x6 
 .text._ZNK4popl5ValueINSt7__cxx1112basic_stringIcSt11char_traitsIcESaIcEEEE5valueEm
                0x000000000000ebe0      0x552 /home/haron/Desktop/sip-example/build/sip_uploader/sip-uploader/main.o
                0x000000000000ebe0                popl::Value<std::__cxx11::basic_string<char, std::char_traits<char>, std::allocator<char> > >::value(unsigned long) const
 *fill*         0x000000000000f132        0xe 
 .text._ZNK4popl5ValueIjE5valueEm
                0x000000000000f140      0x514 /home/haron/Desktop/sip-example/build/sip_uploader/sip-uploader/main.o
                0x000000000000f140                popl::Value<unsigned int>::value(unsigned long) const
 *fill*         0x000000000000f654        0xc 
 .text._ZNK4popl5ValueIcE5valueEm
                0x000000000000f660      0x514 /home/haron/Desktop/sip-example/build/sip_uploader/sip-uploader/main.o
                0x000000000000f660                popl::Value<char>::value(unsigned long) const
 *fill*         0x000000000000fb74        0xc 
 .text._ZNSt12_Vector_baseIhSaIhEED2Ev
                0x000000000000fb80       0x21 /home/haron/Desktop/sip-example/build/sip_uploader/sip-uploader/main.o
                0x000000000000fb80                std::_Vector_base<unsigned char, std::allocator<unsigned char> >::~_Vector_base()
                0x000000000000fb80                std::_Vector_base<unsigned char, std::allocator<unsigned char> >::~_Vector_base()
 *fill*         0x000000000000fba1       0x1f 
 .text._ZNSt6vectorINSt7__cxx1112basic_stringIcSt11char_traitsIcESaIcEEESaIS5_EE17_M_realloc_appendIJRKS5_EEEvDpOT_
                0x000000000000fbc0      0x220 /home/haron/Desktop/sip-example/build/sip_uploader/sip-uploader/main.o
                0x000000000000fbc0                void std::vector<std::__cxx11::basic_string<char, std::char_traits<char>, std::allocator<char> >, std::allocator<std::__cxx11::basic_string<char, std::char_traits<char>, std::allocator<char> > > >::_M_realloc_append<std::__cxx11::basic_string<char, std::char_traits<char>, std::allocator<char> > const&>(std::__cxx11::basic_string<char, std::char_traits<char>, std::allocator<char> > const&)
 .text._ZNK4popl20ConsoleOptionPrinter5printB5cxx11ERKNS_9AttributeE
                0x000000000000fde0     0x1283 /home/haron/Desktop/sip-example/build/sip_uploader/sip-uploader/main.o
                0x000000000000fde0                popl::ConsoleOptionPrinter::print[abi:cxx11](popl::Attribute const&) const
 *fill*         0x0000000000011063        0xd 
 .text._ZN4popl5ValueINSt7__cxx1112basic_stringIcSt11char_traitsIcESaIcEEEE9add_valueERKS6_
                0x0000000000011070      0x108 /home/haron/Desktop/sip-example/build/sip_uploader/sip-uploader/main.o
                0x0000000000011070                popl::Value<std::__cxx11::basic_string<char, std::char_traits<char>, std::allocator<char> > >::add_value(std::__cxx11::basic_string<char, std::char_traits<char>, std::allocator<char> > const&)
 *fill*         0x0000000000011178        0x8 
 .text._ZN4popl5ValueINSt7__cxx1112basic_stringIcSt11char_traitsIcESaIcEEEE5parseENS_10OptionNameEPKc
                0x0000000000011180      0x3c0 /home/haron/Desktop/sip-example/build/sip_uploader/sip-uploader/main.o
                0x0000000000011180                popl::Value<std::__cxx11::basic_string<char, std::char_traits<char>, std::allocator<char> > >::parse(popl::OptionName, char const*)
 .text._ZNSt6vectorINSt7__cxx1112basic_stringIcSt11char_traitsIcESaIcEEESaIS5_EE17_M_realloc_appendIJRKPKcEEEvDpOT_
                0x0000000000011540      0x302 /home/haron/Desktop/sip-example/build/sip_uploader/sip-uploader/main.o
                0x0000000000011540                void std::vector<std::__cxx11::basic_string<char, std::char_traits<char>, std::allocator<char> >, std::allocator<std::__cxx11::basic_string<char, std::char_traits<char>, std::allocator<char> > > >::_M_realloc_append<char const* const&>(char const* const&)
 *fill*         0x0000000000011842       0x1e 
 .text._ZN4popl12OptionParser5parseEiPKPKc
                0x0000000000011860     0x198f /home/haron/Desktop/sip-example/build/sip_uploader/sip-uploader/main.o
                0x0000000000011860                popl::OptionParser::parse(int, char const* const*)
 *fill*         0x00000000000131ef        0x1 
 .text._ZNSt6vectorIhSaIhEE17_M_realloc_appendIJRKhEEEvDpOT_
                0x00000000000131f0       0xda /home/haron/Desktop/sip-example/build/sip_uploader/sip-uploader/main.o
                0x00000000000131f0                void std::vector<unsigned char, std::allocator<unsigned char> >::_M_realloc_append<unsigned char const&>(unsigned char const&)
 *fill*         0x00000000000132ca       0x36 
 .text._ZNSt6vectorIbSaIbEE13_M_insert_auxESt13_Bit_iteratorb
                0x0000000000013300      0x3f8 /home/haron/Desktop/sip-example/build/sip_uploader/sip-uploader/main.o
                0x0000000000013300                std::vector<bool, std::allocator<bool> >::_M_insert_aux(std::_Bit_iterator, bool)
 *fill*         0x00000000000136f8        0x8 
 .text._ZN4popl5ValueIbE9add_valueERKb
                0x0000000000013700      0x1cd /home/haron/Desktop/sip-example/build/sip_uploader/sip-uploader/main.o
                0x0000000000013700                popl::Value<bool>::add_value(bool const&)
 *fill*         0x00000000000138cd        0x3 
 .text._ZN4popl6Switch5parseENS_10OptionNameEPKc
                0x00000000000138d0      0x21a /home/haron/Desktop/sip-example/build/sip_uploader/sip-uploader/main.o
                0x00000000000138d0                popl::Switch::parse(popl::OptionName, char const*)
 *fill*         0x0000000000013aea        0x6 
 .text._ZN4popl5ValueIbE5parseENS_10OptionNameEPKc
                0x0000000000013af0      0x29a /home/haron/Desktop/sip-example/build/sip_uploader/sip-uploader/main.o
                0x0000000000013af0                popl::Value<bool>::parse(popl::OptionName, char const*)
 *fill*         0x0000000000013d8a        0x6 
 .text._ZNSt6vectorIhSaIhEE17_M_realloc_appendIJhEEEvDpOT_
                0x0000000000013d90       0xda /home/haron/Desktop/sip-example/build/sip_uploader/sip-uploader/main.o