Archive member included to satisfy reference by file (symbol)

/home/haron/Desktop/sip-example/build/sip_coordinator/lib/liboutpost_sip.a(coordinator_packet_receiver.o)
                              /home/haron/Desktop/sip-example/build/sip_coordinator/sip-coordinator/main.o (vtable for outpost::sip::CoordinatorPacketReceiver)
/home/haron/Desktop/sip-example/build/sip_coordinator/lib/liboutpost_sip.a(coordinator.o)
                              /home/haron/Desktop/sip-example/build/sip_coordinator/sip-coordinator/main.o (outpost::sip::Coordinator::Coordinator(outpost::sip::PacketTransport&))
/home/haron/Desktop/sip-example/build/sip_coordinator/lib/liboutpost_sip.a(packet_transport_wrapper.o)
                              /home/haron/Desktop/sip-example/build/sip_coordinator/sip-coordinator/main.o (outpost::sip::PacketTransportWrapper::PacketTransportWrapper(outpost::transport::FrameTransport&))
/home/haron/Desktop/sip-example/build/sip_coordinator/lib/liboutpost_sip.a(packet_writer.o)
                              /home/haron/Desktop/sip-example/build/sip_coordinator/lib/liboutpost_sip.a(coordinator.o) (outpost::sip::PacketWriter::PacketWriter(outpost::Slice<unsigned char>))
/home/haron/Desktop/sip-example/build/sip_coordinator/lib/liboutpost_sip.a(packet_reader.o)
                              /home/haron/Desktop/sip-example/build/sip_coordinator/lib/liboutpost_sip.a(coordinator_packet_receiver.o) (outpost::sip::PacketReader::PacketReader(outpost::Slice<unsigned char const>))
/home/haron/Desktop/sip-example/build/sip_coordinator/lib/liboutpost_hal_posix.a(serial_port.o)
                              /home/haron/Desktop/sip-example/build/sip_coordinator/sip-coordinator/main.o (outpost::posix::SerialPort::SerialPort())
/home/haron/Desktop/sip-example/build/sip_coordinator/lib/liboutpost_transport.a(frame_transport_serial.o)
                              /home/haron/Desktop/sip-example/build/sip_coordinator/sip-coordinator/main.o (outpost::transport::FrameTransportTxSerial::transmit(outpost::Slice<unsigned char const> const&))
/home/haron/Desktop/sip-example/build/sip_coordinator/lib/liboutpost_transport.a(frame_encoder_hdlc.o)
                              /home/haron/Desktop/sip-example/build/sip_coordinator/sip-coordinator/main.o (outpost::transport::FrameEncoderHdlc::~FrameEncoderHdlc())
/home/haron/Desktop/sip-example/build/sip_coordinator/lib/liboutpost_transport.a(buffered_frame_decoder_hdlc.o)
                              /home/haron/Desktop/sip-example/build/sip_coordinator/sip-coordinator/main.o (outpost::transport::BufferedFrameDecoderHdlc::~BufferedFrameDecoderHdlc())
/home/haron/Desktop/sip-example/build/sip_coordinator/lib/liboutpost_coding.a(hdlc.o)
                              /home/haron/Desktop/sip-example/build/sip_coordinator/lib/liboutpost_transport.a(frame_encoder_hdlc.o) (outpost::coding::HdlcStuffing::encode(outpost::Slice<unsigned char const> const&, outpost::Slice<unsigned char>&))
/home/haron/Desktop/sip-example/build/sip_coordinator/lib/libserial.a(serial.o)
                              /home/haron/Desktop/sip-example/build/sip_coordinator/lib/liboutpost_hal_posix.a(serial_port.o) (serial::Serial::~Serial())
/home/haron/Desktop/sip-example/build/sip_coordinator/lib/libserial.a(unix.o)
                              /home/haron/Desktop/sip-example/build/sip_coordinator/lib/libserial.a(serial.o) (serial::Serial::SerialImpl::isOpen() const)
/home/haron/Desktop/sip-example/build/sip_coordinator/lib/liboutpost_rtos_posix_base.a(thread.o)
                              /home/haron/Desktop/sip-example/build/sip_coordinator/lib/liboutpost_sip.a(coordinator_packet_receiver.o) (outpost::posix::Thread::Thread(unsigned char, unsigned long, char const*, outpost::posix::Thread::FloatingPointSupport, unsigned char))
/home/haron/Desktop/sip-example/build/sip_coordinator/lib/liboutpost_rtos_posix_base.a(failure_handler.o)
                              /home/haron/Desktop/sip-example/build/sip_coordinator/lib/liboutpost_rtos_posix_base.a(thread.o) (outpost::rtos::FailureHandler::fatal(outpost::rtos::FailureCode))
/home/haron/Desktop/sip-example/build/sip_coordinator/lib/liboutpost_rtos_posix_base.a(clock.o)
                              /home/haron/Desktop/sip-example/build/sip_coordinator/sip-coordinator/main.o (vtable for outpost::posix::SystemClock)
/home/haron/Desktop/sip-example/build/sip_coordinator/lib/liboutpost_rtos_posix_base.a(mutex.o)
                              /home/haron/Desktop/sip-example/build/sip_coordinator/lib/liboutpost_transport.a(frame_transport_serial.o) (outpost::posix::Mutex::Mutex())
/home/haron/Desktop/sip-example/build/sip_coordinator/lib/liboutpost_rtos_posix_base.a(queue_raw.o)
                              /home/haron/Desktop/sip-example/build/sip_coordinator/lib/liboutpost_sip.a(coordinator.o) (outpost::posix::QueueRaw::QueueRaw(unsigned long, unsigned long))
/home/haron/Desktop/sip-example/build/sip_coordinator/lib/liboutpost_rtos_posix_base.a(time.o)
[...]
Memory Configuration

Name             Origin             Length             Attributes
*default*        0x0000000000000000 0xffffffffffffffff

Linker script and memory map

LOAD /usr/lib/gcc/x86_64-pc-linux-gnu/14.2.1/../../../../lib/Scrt1.o
LOAD /usr/lib/gcc/x86_64-pc-linux-gnu/14.2.1/../../../../lib/crti.o
LOAD /usr/lib/gcc/x86_64-pc-linux-gnu/14.2.1/crtbeginS.o
LOAD /home/haron/Desktop/sip-example/build/sip_coordinator/sip-coordinator/main.o
LOAD /home/haron/Desktop/sip-example/build/sip_coordinator/lib/liboutpost_sip.a
LOAD /home/haron/Desktop/sip-example/build/sip_coordinator/lib/liboutpost_hal_posix.a
LOAD /home/haron/Desktop/sip-example/build/sip_coordinator/lib/liboutpost_coding.a
LOAD /home/haron/Desktop/sip-example/build/sip_coordinator/lib/liboutpost_utils.a
LOAD /home/haron/Desktop/sip-example/build/sip_coordinator/lib/liboutpost_transport.a
LOAD /home/haron/Desktop/sip-example/build/sip_coordinator/lib/liboutpost_coding.a
LOAD /home/haron/Desktop/sip-example/build/sip_coordinator/lib/libserial.a
LOAD /home/haron/Desktop/sip-example/build/sip_coordinator/lib/liboutpost_rtos.a
LOAD /home/haron/Desktop/sip-example/build/sip_coordinator/lib/liboutpost_rtos_posix_base.a
LOAD /home/haron/Desktop/sip-example/build/sip_coordinator/lib/liboutpost_hal.a
LOAD /home/haron/Desktop/sip-example/build/sip_coordinator/lib/liboutpost_utils.a
LOAD /usr/lib/gcc/x86_64-pc-linux-gnu/14.2.1/../../../../lib/libpthread.a
LOAD /usr/lib/gcc/x86_64-pc-linux-gnu/14.2.1/../../../../lib/libpthread.a
LOAD /usr/lib/gcc/x86_64-pc-linux-gnu/14.2.1/../../../../lib/librt.a
LOAD /home/haron/Desktop/sip-example/build/sip_coordinator/lib/liboutpost_base.a
LOAD /home/haron/Desktop/sip-example/build/sip_coordinator/lib/liboutpost_swb.a
LOAD /home/haron/Desktop/sip-example/build/sip_coordinator/lib/liboutpost_container.a
LOAD /usr/lib/gcc/x86_64-pc-linux-gnu/14.2.1/../../../../lib/libpthread.a
LOAD /home/haron/Desktop/sip-example/build/sip_coordinator/lib/liboutpost_rtos_posix_base.a
LOAD /home/haron/Desktop/sip-example/build/sip_coordinator/lib/liboutpost_rtos.a
LOAD /home/haron/Desktop/sip-example/build/sip_coordinator/lib/liboutpost_traits.a
LOAD /home/haron/Desktop/sip-example/build/sip_coordinator/lib/liboutpost_storage.a
LOAD /home/haron/Desktop/sip-example/build/sip_coordinator/lib/liboutpost_utils.a
LOAD /usr/lib/gcc/x86_64-pc-linux-gnu/14.2.1/../../../../lib/libpthread.a
LOAD /usr/lib/gcc/x86_64-pc-linux-gnu/14.2.1/../../../../lib/librt.a
LOAD /home/haron/Desktop/sip-example/build/sip_coordinator/lib/liboutpost_time.a
LOAD /home/haron/Desktop/sip-example/build/sip_coordinator/lib/liboutpost_rtos_posix_base.a
LOAD /usr/lib/gcc/x86_64-pc-linux-gnu/14.2.1/../../../../lib/libpthread.a
LOAD /home/haron/Desktop/sip-example/build/sip_coordinator/lib/liboutpost_base.a
LOAD /home/haron/Desktop/sip-example/build/sip_coordinator/lib/liboutpost_support.a
LOAD /home/haron/Desktop/sip-example/build/sip_coordinator/lib/liboutpost_smpc.a
LOAD /usr/lib/gcc/x86_64-pc-linux-gnu/14.2.1/../../../../lib/libpthread.a
LOAD /home/haron/Desktop/sip-example/build/sip_coordinator/lib/liboutpost_rtos_posix_base.a
LOAD /home/haron/Desktop/sip-example/build/sip_coordinator/lib/liboutpost_container.a
LOAD /home/haron/Desktop/sip-example/build/sip_coordinator/lib/liboutpost_rtos.a
LOAD /home/haron/Desktop/sip-example/build/sip_coordinator/lib/liboutpost_utils.a
LOAD /usr/lib/gcc/x86_64-pc-linux-gnu/14.2.1/../../../../lib/libstdc++.so
LOAD /usr/lib/gcc/x86_64-pc-linux-gnu/14.2.1/../../../../lib/libm.so
START GROUP
LOAD /usr/lib/libm.so.6
LOAD /usr/lib/libmvec.so.1
END GROUP
LOAD /usr/lib/gcc/x86_64-pc-linux-gnu/14.2.1/../../../../lib/libgcc_s.so
START GROUP
LOAD /usr/lib/gcc/x86_64-pc-linux-gnu/14.2.1/../../../../lib/libgcc_s.so.1
LOAD /usr/lib/gcc/x86_64-pc-linux-gnu/14.2.1/libgcc.a
END GROUP
LOAD /usr/lib/gcc/x86_64-pc-linux-gnu/14.2.1/libgcc.a
LOAD /usr/lib/gcc/x86_64-pc-linux-gnu/14.2.1/../../../../lib/libc.so
START GROUP
LOAD /usr/lib/libc.so.6
LOAD /usr/lib/libc_nonshared.a
LOAD /usr/lib/ld-linux-x86-64.so.2
END GROUP
LOAD /usr/lib/gcc/x86_64-pc-linux-gnu/14.2.1/../../../../lib/libgcc_s.so
START GROUP
LOAD /usr/lib/gcc/x86_64-pc-linux-gnu/14.2.1/../../../../lib/libgcc_s.so.1
LOAD /usr/lib/gcc/x86_64-pc-linux-gnu/14.2.1/libgcc.a
END GROUP
LOAD /usr/lib/gcc/x86_64-pc-linux-gnu/14.2.1/libgcc.a
LOAD /usr/lib/gcc/x86_64-pc-linux-gnu/14.2.1/crtendS.o
LOAD /usr/lib/gcc/x86_64-pc-linux-gnu/14.2.1/../../../../lib/crtn.o
                [!provide]                        PROVIDE (__executable_start = SEGMENT_START ("text-segment", 0x0))
                0x0000000000000318                . = (SEGMENT_START ("text-segment", 0x0) + SIZEOF_HEADERS)

.interp         0x0000000000000318       0x1c
 *(.interp)
 .interp        0x0000000000000318       0x1c /usr/lib/gcc/x86_64-pc-linux-gnu/14.2.1/../../../../lib/Scrt1.o

.note.gnu.property
                0x0000000000000338       0x40
 .note.gnu.property
                0x0000000000000338       0x40 /usr/lib/gcc/x86_64-pc-linux-gnu/14.2.1/../../../../lib/Scrt1.o

.note.ABI-tag   0x0000000000000378       0x20
 .note.ABI-tag  0x0000000000000378       0x20 /usr/lib/gcc/x86_64-pc-linux-gnu/14.2.1/../../../../lib/Scrt1.o

.note.gnu.build-id
                0x0000000000000398       0x24
 .note.gnu.build-id
                0x0000000000000398       0x24 /usr/lib/gcc/x86_64-pc-linux-gnu/14.2.1/../../../../lib/Scrt1.o

.hash
 *(.hash)

.gnu.hash       0x00000000000003c0       0xa8
 *(.gnu.hash)
 .gnu.hash      0x00000000000003c0       0xa8 /usr/lib/gcc/x86_64-pc-linux-gnu/14.2.1/../../../../lib/Scrt1.o

.dynsym         0x0000000000000468      0xd68
 *(.dynsym)
 .dynsym        0x0000000000000468      0xd68 /usr/lib/gcc/x86_64-pc-linux-gnu/14.2.1/../../../../lib/Scrt1.o

.dynstr         0x00000000000011d0     0x115a
 *(.dynstr)
 .dynstr        0x00000000000011d0     0x115a /usr/lib/gcc/x86_64-pc-linux-gnu/14.2.1/../../../../lib/Scrt1.o

.gnu.version    0x000000000000232a      0x11e
 *(.gnu.version)
 .gnu.version   0x000000000000232a      0x11e /usr/lib/gcc/x86_64-pc-linux-gnu/14.2.1/../../../../lib/Scrt1.o

.gnu.version_d  0x0000000000002448        0x0
 *(.gnu.version_d)
 .gnu.version_d
                0x0000000000002448        0x0 /usr/lib/gcc/x86_64-pc-linux-gnu/14.2.1/../../../../lib/Scrt1.o

.gnu.version_r  0x0000000000002448      0x140
 *(.gnu.version_r)
 .gnu.version_r
                0x0000000000002448      0x140 /usr/lib/gcc/x86_64-pc-linux-gnu/14.2.1/../../../../lib/Scrt1.o

.rela.dyn       0x0000000000002588     0x27c0
 *(.rela.init)
 *(.rela.text .rela.text.* .rela.gnu.linkonce.t.*)
 .rela.text._ZN7outpost3sip25CoordinatorPacketReceiverD2Ev
                0x0000000000002588        0x0 /usr/lib/gcc/x86_64-pc-linux-gnu/14.2.1/../../../../lib/Scrt1.o
 .rela.text._ZN7outpost9transport20FrameTransportSerialD1Ev
                0x0000000000002588        0x0 /usr/lib/gcc/x86_64-pc-linux-gnu/14.2.1/../../../../lib/Scrt1.o
 .rela.text._ZNSt23_Sp_counted_ptr_inplaceIN4popl5ValueIcEESaIvELN9__gnu_cxx12_Lock_policyE2EE14_M_get_deleterERKSt9type_info
                0x0000000000002588        0x0 /usr/lib/gcc/x86_64-pc-linux-gnu/14.2.1/../../../../lib/Scrt1.o
 .rela.text._ZN4popl5ValueIcE16update_referenceEv
                0x0000000000002588        0x0 /usr/lib/gcc/x86_64-pc-linux-gnu/14.2.1/../../../../lib/Scrt1.o
 .rela.text._ZN4popl5ValueIjE16update_referenceEv
                0x0000000000002588        0x0 /usr/lib/gcc/x86_64-pc-linux-gnu/14.2.1/../../../../lib/Scrt1.o
 .rela.text._ZN4popl5ValueINSt7__cxx1112basic_stringIcSt11char_traitsIcESaIcEEEE16update_referenceEv
                0x0000000000002588        0x0 /usr/lib/gcc/x86_64-pc-linux-gnu/14.2.1/../../../../lib/Scrt1.o
 .rela.text._ZN4popl5ValueIbE16update_referenceEv
                0x0000000000002588        0x0 /usr/lib/gcc/x86_64-pc-linux-gnu/14.2.1/../../../../lib/Scrt1.o
 .rela.text._ZNSt23_Sp_counted_ptr_inplaceIN4popl6SwitchESaIvELN9__gnu_cxx12_Lock_policyE2EE14_M_get_deleterERKSt9type_info
                0x0000000000002588        0x0 /usr/lib/gcc/x86_64-pc-linux-gnu/14.2.1/../../../../lib/Scrt1.o
 .rela.text._ZNSt23_Sp_counted_ptr_inplaceIN4popl5ValueINSt7__cxx1112basic_stringIcSt11char_traitsIcESaIcEEEEESaIvELN9__gnu_cxx12_Lock_policyE2EE14_M_get_deleterERKSt9type_info
                0x0000000000002588        0x0 /usr/lib/gcc/x86_64-pc-linux-gnu/14.2.1/../../../../lib/Scrt1.o
 .rela.text._ZNSt23_Sp_counted_ptr_inplaceIN4popl5ValueIjEESaIvELN9__gnu_cxx12_Lock_policyE2EE14_M_get_deleterERKSt9type_info
                0x0000000000002588        0x0 /usr/lib/gcc/x86_64-pc-linux-gnu/14.2.1/../../../../lib/Scrt1.o
 .rela.text._ZN7outpost9transport20FrameTransportSerialD0Ev
                0x0000000000002588        0x0 /usr/lib/gcc/x86_64-pc-linux-gnu/14.2.1/../../../../lib/Scrt1.o
 .rela.text._ZN4popl27BashCompletionOptionPrinterD2Ev
                0x0000000000002588        0x0 /usr/lib/gcc/x86_64-pc-linux-gnu/14.2.1/../../../../lib/Scrt1.o
 .rela.text._ZN4popl14invalid_optionD2Ev
                0x0000000000002588        0x0 /usr/lib/gcc/x86_64-pc-linux-gnu/14.2.1/../../../../lib/Scrt1.o
 .rela.text._ZN4popl27BashCompletionOptionPrinterD0Ev
                0x0000000000002588        0x0 /usr/lib/gcc/x86_64-pc-linux-gnu/14.2.1/../../../../lib/Scrt1.o
 .rela.text._ZN4popl14invalid_optionD0Ev
                0x0000000000002588        0x0 /usr/lib/gcc/x86_64-pc-linux-gnu/14.2.1/../../../../lib/Scrt1.o
 .rela.text._ZN4popl5ValueIjE5clearEv
                0x0000000000002588        0x0 /usr/lib/gcc/x86_64-pc-linux-gnu/14.2.1/../../../../lib/Scrt1.o
 .rela.text._ZN4popl5ValueIcE5clearEv
                0x0000000000002588        0x0 /usr/lib/gcc/x86_64-pc-linux-gnu/14.2.1/../../../../lib/Scrt1.o
 .rela.text._ZN4popl5ValueIcED2Ev
                0x0000000000002588        0x0 /usr/lib/gcc/x86_64-pc-linux-gnu/14.2.1/../../../../lib/Scrt1.o
 .rela.text._ZN4popl5ValueIjED2Ev
                0x0000000000002588        0x0 /usr/lib/gcc/x86_64-pc-linux-gnu/14.2.1/../../../../lib/Scrt1.o
 .rela.text._ZN4popl5ValueINSt7__cxx1112basic_stringIcSt11char_traitsIcESaIcEEEE5clearEv
                0x0000000000002588        0x0 /usr/lib/gcc/x86_64-pc-linux-gnu/14.2.1/../../../../lib/Scrt1.o
 .rela.text._ZN4popl5ValueIcED0Ev
                0x0000000000002588        0x0 /usr/lib/gcc/x86_64-pc-linux-gnu/14.2.1/../../../../lib/Scrt1.o
 .rela.text._ZN4popl5ValueIbED2Ev
                0x0000000000002588        0x0 /usr/lib/gcc/x86_64-pc-linux-gnu/14.2.1/../../../../lib/Scrt1.o
 .rela.text._ZN4popl5ValueIjED0Ev
                0x0000000000002588        0x0 /usr/lib/gcc/x86_64-pc-linux-gnu/14.2.1/../../../../lib/Scrt1.o
 .rela.text._ZN4popl6SwitchD2Ev
                0x0000000000002588        0x0 /usr/lib/gcc/x86_64-pc-linux-gnu/14.2.1/../../../../lib/Scrt1.o
 .rela.text._ZN4popl5ValueIbED0Ev
                0x0000000000002588        0x0 /usr/lib/gcc/x86_64-pc-linux-gnu/14.2.1/../../../../lib/Scrt1.o
 .rela.text._ZN4popl6SwitchD0Ev
                0x0000000000002588        0x0 /usr/lib/gcc/x86_64-pc-linux-gnu/14.2.1/../../../../lib/Scrt1.o
 .rela.text._ZN4popl5ValueIbE5clearEv
                0x0000000000002588        0x0 /usr/lib/gcc/x86_64-pc-linux-gnu/14.2.1/../../../../lib/Scrt1.o
 .rela.text._ZN4popl5ValueINSt7__cxx1112basic_stringIcSt11char_traitsIcESaIcEEEED2Ev
                0x0000000000002588        0x0 /usr/lib/gcc/x86_64-pc-linux-gnu/14.2.1/../../../../lib/Scrt1.o
 .rela.text._ZN4popl5ValueINSt7__cxx1112basic_stringIcSt11char_traitsIcESaIcEEEED0Ev
                0x0000000000002588        0x0 /usr/lib/gcc/x86_64-pc-linux-gnu/14.2.1/../../../../lib/Scrt1.o
 .rela.text._ZN4popl6OptionC2ERKNSt7__cxx1112basic_stringIcSt11char_traitsIcESaIcEEES8_S6_
                0x0000000000002588        0x0 /usr/lib/gcc/x86_64-pc-linux-gnu/14.2.1/../../../../lib/Scrt1.o
 .rela.text._ZNSt16_Sp_counted_baseILN9__gnu_cxx12_Lock_policyE2EE24_M_release_last_use_coldEv
                0x0000000000002588        0x0 /usr/lib/gcc/x86_64-pc-linux-gnu/14.2.1/../../../../lib/Scrt1.o
 .rela.text._ZNSt16_Sp_counted_baseILN9__gnu_cxx12_Lock_policyE2EE10_M_releaseEv
                0x0000000000002588        0x0 /usr/lib/gcc/x86_64-pc-linux-gnu/14.2.1/../../../../lib/Scrt1.o
 .rela.text._ZN4popl12OptionParserD2Ev
                0x0000000000002588        0x0 /usr/lib/gcc/x86_64-pc-linux-gnu/14.2.1/../../../../lib/Scrt1.o
 .rela.text._ZN4popl12OptionParserD0Ev
                0x0000000000002588        0x0 /usr/lib/gcc/x86_64-pc-linux-gnu/14.2.1/../../../../lib/Scrt1.o
 .rela.text._ZNSt7__cxx1115basic_stringbufIcSt11char_traitsIcESaIcEED2Ev
                0x0000000000002588        0x0 /usr/lib/gcc/x86_64-pc-linux-gnu/14.2.1/../../../../lib/Scrt1.o
 .rela.text._ZNSt7__cxx1115basic_stringbufIcSt11char_traitsIcESaIcEED0Ev
                0x0000000000002588        0x0 /usr/lib/gcc/x86_64-pc-linux-gnu/14.2.1/../../../../lib/Scrt1.o
 .rela.text._ZNK4popl27BashCompletionOptionPrinter5printB5cxx11ERKNS_9AttributeE
                0x0000000000002588        0x0 /usr/lib/gcc/x86_64-pc-linux-gnu/14.2.1/../../../../lib/Scrt1.o
 .rela.text._ZNK4popl18GroffOptionPrinter5printB5cxx11ERKNS_9AttributeE
                0x0000000000002588        0x0 /usr/lib/gcc/x86_64-pc-linux-gnu/14.2.1/../../../../lib/Scrt1.o
 .rela.text._ZNK4popl20ConsoleOptionPrinter9to_stringB5cxx11ESt10shared_ptrINS_6OptionEE.isra.0
                0x0000000000002588        0x0 /usr/lib/gcc/x86_64-pc-linux-gnu/14.2.1/../../../../lib/Scrt1.o
 .rela.text._ZNK4popl5ValueINSt7__cxx1112basic_stringIcSt11char_traitsIcESaIcEEEE5valueEm
                0x0000000000002588        0x0 /usr/lib/gcc/x86_64-pc-linux-gnu/14.2.1/../../../../lib/Scrt1.o
 .rela.text._ZNK4popl5ValueIjE5valueEm
                0x0000000000002588        0x0 /usr/lib/gcc/x86_64-pc-linux-gnu/14.2.1/../../../../lib/Scrt1.o
 .rela.text._ZNK4popl5ValueIcE5valueEm
                0x0000000000002588        0x0 /usr/lib/gcc/x86_64-pc-linux-gnu/14.2.1/../../../../lib/Scrt1.o
 .rela.text._ZNK4popl20ConsoleOptionPrinter5printB5cxx11ERKNS_9AttributeE
                0x0000000000002588        0x0 /usr/lib/gcc/x86_64-pc-linux-gnu/14.2.1/../../../../lib/Scrt1.o
 .rela.text._ZN4popl5ValueINSt7__cxx1112basic_stringIcSt11char_traitsIcESaIcEEEE9add_valueERKS6_
                0x0000000000002588        0x0 /usr/lib/gcc/x86_64-pc-linux-gnu/14.2.1/../../../../lib/Scrt1.o
 .rela.text._ZN4popl5ValueINSt7__cxx1112basic_stringIcSt11char_traitsIcESaIcEEEE5parseENS_10OptionNameEPKc
                0x0000000000002588        0x0 /usr/lib/gcc/x86_64-pc-linux-gnu/14.2.1/../../../../lib/Scrt1.o
 .rela.text._ZN4popl12OptionParser5parseEiPKPKc
                0x0000000000002588        0x0 /usr/lib/gcc/x86_64-pc-linux-gnu/14.2.1/../../../../lib/Scrt1.o
 .rela.text._ZN4popl5ValueIbE9add_valueERKb
                0x0000000000002588        0x0 /usr/lib/gcc/x86_64-pc-linux-gnu/14.2.1/../../../../lib/Scrt1.o
 .rela.text._ZN4popl6Switch5parseENS_10OptionNameEPKc
                0x0000000000002588        0x0 /usr/lib/gcc/x86_64-pc-linux-gnu/14.2.1/../../../../lib/Scrt1.o
 .rela.text._ZN4popl5ValueIbE5parseENS_10OptionNameEPKc
                0x0000000000002588        0x0 /usr/lib/gcc/x86_64-pc-linux-gnu/14.2.1/../../../../lib/Scrt1.o
 .rela.text._ZN4popl12OptionParser3addINS_6SwitchELNS_9AttributeE3EJRA2_KcRA5_S4_RA21_S4_EEESt10shared_ptrIT_EDpOT1_
                0x0000000000002588        0x0 /usr/lib/gcc/x86_64-pc-linux-gnu/14.2.1/../../../../lib/Scrt1.o
 .rela.text._ZN4popl12OptionParser3addINS_5ValueIcEELNS_9AttributeE3EJRA2_KcRA7_S5_RA23_S5_cEEESt10shared_ptrIT_EDpOT1_
                0x0000000000002588        0x0 /usr/lib/gcc/x86_64-pc-linux-gnu/14.2.1/../../../../lib/Scrt1.o
 .rela.text._ZN4popl12OptionParser3addINS_5ValueIjEELNS_9AttributeE3EJRA2_KcRA5_S5_RA25_S5_iEEESt10shared_ptrIT_EDpOT1_
                0x0000000000002588        0x0 /usr/lib/gcc/x86_64-pc-linux-gnu/14.2.1/../../../../lib/Scrt1.o
 .rela.text._ZSt10_ConstructIN4popl5ValueINSt7__cxx1112basic_stringIcSt11char_traitsIcESaIcEEEEEJRA2_KcRA5_S9_RA27_S9_RA11_S9_EEvPT_DpOT0_
                0x0000000000002588        0x0 /usr/lib/gcc/x86_64-pc-linux-gnu/14.2.1/../../../../lib/Scrt1.o
 .rela.text._ZN4popl12OptionParser3addINS_5ValueINSt7__cxx1112basic_stringIcSt11char_traitsIcESaIcEEEEELNS_9AttributeE3EJRA2_KcRA5_SB_RA27_SB_RA11_SB_EEESt10shared_ptrIT_EDpOT1_
                0x0000000000002588        0x0 /usr/lib/gcc/x86_64-pc-linux-gnu/14.2.1/../../../../lib/Scrt1.o
 .rela.text.startup
                0x0000000000002588        0x0 /usr/lib/gcc/x86_64-pc-linux-gnu/14.2.1/../../../../lib/Scrt1.o
 .rela.text._ZN7outpost3sip25CoordinatorPacketReceiverD0Ev
                0x0000000000002588        0x0 /usr/lib/gcc/x86_64-pc-linux-gnu/14.2.1/../../../../lib/Scrt1.o
 .rela.text._ZN4popl5ValueIcE9add_valueERKc
                0x0000000000002588        0x0 /usr/lib/gcc/x86_64-pc-linux-gnu/14.2.1/../../../../lib/Scrt1.o
 .rela.text._ZN4popl5ValueIcE5parseENS_10OptionNameEPKc
                0x0000000000002588        0x0 /usr/lib/gcc/x86_64-pc-linux-gnu/14.2.1/../../../../lib/Scrt1.o
 .rela.text._ZN4popl5ValueIjE9add_valueERKj
                0x0000000000002588        0x0 /usr/lib/gcc/x86_64-pc-linux-gnu/14.2.1/../../../../lib/Scrt1.o
 .rela.text._ZN4popl5ValueIjE5parseENS_10OptionNameEPKc
                0x0000000000002588        0x0 /usr/lib/gcc/x86_64-pc-linux-gnu/14.2.1/../../../../lib/Scrt1.o
 .rela.text     0x0000000000002588        0x0 /usr/lib/gcc/x86_64-pc-linux-gnu/14.2.1/../../../../lib/Scrt1.o
 .rela.text._ZN6serial15SerialExceptionD2Ev
                0x0000000000002588        0x0 /usr/lib/gcc/x86_64-pc-linux-gnu/14.2.1/../../../../lib/Scrt1.o
 .rela.text._ZN6serial22PortNotOpenedExceptionD2Ev
                0x0000000000002588        0x0 /usr/lib/gcc/x86_64-pc-linux-gnu/14.2.1/../../../../lib/Scrt1.o
 .rela.text._ZN6serial15SerialExceptionD0Ev
                0x0000000000002588        0x0 /usr/lib/gcc/x86_64-pc-linux-gnu/14.2.1/../../../../lib/Scrt1.o
 .rela.text._ZN6serial22PortNotOpenedExceptionD0Ev
                0x0000000000002588        0x0 /usr/lib/gcc/x86_64-pc-linux-gnu/14.2.1/../../../../lib/Scrt1.o
 .rela.text._ZN6serial11IOExceptionD2Ev
                0x0000000000002588        0x0 /usr/lib/gcc/x86_64-pc-linux-gnu/14.2.1/../../../../lib/Scrt1.o
 .rela.text._ZN6serial11IOExceptionD0Ev
                0x0000000000002588        0x0 /usr/lib/gcc/x86_64-pc-linux-gnu/14.2.1/../../../../lib/Scrt1.o
 .rela.text._ZN6serial15SerialExceptionC2EPKc
                0x0000000000002588        0x0 /usr/lib/gcc/x86_64-pc-linux-gnu/14.2.1/../../../../lib/Scrt1.o
 .rela.text.unlikely
                0x0000000000002588        0x0 /usr/lib/gcc/x86_64-pc-linux-gnu/14.2.1/../../../../lib/Scrt1.o
 .rela.text._ZN6serial22PortNotOpenedExceptionC2EPKc
                0x0000000000002588        0x0 /usr/lib/gcc/x86_64-pc-linux-gnu/14.2.1/../../../../lib/Scrt1.o
 .rela.text._ZN6serial11IOExceptionC2ENSt7__cxx1112basic_stringIcSt11char_traitsIcESaIcEEEiPKc
                0x0000000000002588        0x0 /usr/lib/gcc/x86_64-pc-linux-gnu/14.2.1/../../../../lib/Scrt1.o
 .rela.text._ZN6serial11IOExceptionC2ENSt7__cxx1112basic_stringIcSt11char_traitsIcESaIcEEEii
                0x0000000000002588        0x0 /usr/lib/gcc/x86_64-pc-linux-gnu/14.2.1/../../../../lib/Scrt1.o
 *(.rela.fini)
 *(.rela.rodata .rela.rodata.* .rela.gnu.linkonce.r.*)
 *(.rela.data .rela.data.* .rela.gnu.linkonce.d.*)
 .rela.data.rel.ro
                0x0000000000002588      0x168 /usr/lib/gcc/x86_64-pc-linux-gnu/14.2.1/../../../../lib/Scrt1.o
 .rela.data.rel.local
                0x00000000000026f0       0x60 /usr/lib/gcc/x86_64-pc-linux-gnu/14.2.1/../../../../lib/Scrt1.o
 .rela.data.rel.ro._ZTISt11_Mutex_baseILN9__gnu_cxx12_Lock_policyE2EE
                0x0000000000002750       0x30 /usr/lib/gcc/x86_64-pc-linux-gnu/14.2.1/../../../../lib/Scrt1.o
 .rela.data.rel.ro._ZTISt16_Sp_counted_baseILN9__gnu_cxx12_Lock_policyE2EE
                0x0000000000002780       0x48 /usr/lib/gcc/x86_64-pc-linux-gnu/14.2.1/../../../../lib/Scrt1.o
 .rela.data.rel.ro._ZTIN4popl6OptionE
                0x00000000000027c8       0x30 /usr/lib/gcc/x86_64-pc-linux-gnu/14.2.1/../../../../lib/Scrt1.o
 .rela.data.rel.ro._ZTIN4popl5ValueIbEE
                0x00000000000027f8       0x48 /usr/lib/gcc/x86_64-pc-linux-gnu/14.2.1/../../../../lib/Scrt1.o
 .rela.data.rel.ro._ZTIN4popl6SwitchE
                0x0000000000002840       0x48 /usr/lib/gcc/x86_64-pc-linux-gnu/14.2.1/../../../../lib/Scrt1.o
 .rela.data.rel.ro._ZTIN4popl12OptionParserE
                0x0000000000002888       0x30 /usr/lib/gcc/x86_64-pc-linux-gnu/14.2.1/../../../../lib/Scrt1.o
 .rela.data.rel.ro._ZTIN4popl14invalid_optionE
                0x00000000000028b8       0x48 /usr/lib/gcc/x86_64-pc-linux-gnu/14.2.1/../../../../lib/Scrt1.o
 .rela.data.rel.ro._ZTIN4popl13OptionPrinterE
                0x0000000000002900       0x30 /usr/lib/gcc/x86_64-pc-linux-gnu/14.2.1/../../../../lib/Scrt1.o
 .rela.data.rel.ro._ZTIN4popl20ConsoleOptionPrinterE
                0x0000000000002930       0x48 /usr/lib/gcc/x86_64-pc-linux-gnu/14.2.1/../../../../lib/Scrt1.o
 .rela.data.rel.ro._ZTIN4popl18GroffOptionPrinterE
                0x0000000000002978       0x48 /usr/lib/gcc/x86_64-pc-linux-gnu/14.2.1/../../../../lib/Scrt1.o
 .rela.data.rel.ro._ZTIN4popl27BashCompletionOptionPrinterE
                0x00000000000029c0       0x48 /usr/lib/gcc/x86_64-pc-linux-gnu/14.2.1/../../../../lib/Scrt1.o
 .rela.data.rel.ro._ZTIN4popl5ValueINSt7__cxx1112basic_stringIcSt11char_traitsIcESaIcEEEEE
                0x0000000000002a08       0x48 /usr/lib/gcc/x86_64-pc-linux-gnu/14.2.1/../../../../lib/Scrt1.o
 .rela.data.rel.ro._ZTIN7outpost9transport16FrameTransportTxE
                0x0000000000002a50       0x30 /usr/lib/gcc/x86_64-pc-linux-gnu/14.2.1/../../../../lib/Scrt1.o
 .rela.data.rel.ro._ZTIN7outpost9transport16FrameTransportRxE
                0x0000000000002a80       0x30 /usr/lib/gcc/x86_64-pc-linux-gnu/14.2.1/../../../../lib/Scrt1.o
 .rela.data.rel.ro._ZTIN7outpost9transport14FrameTransportE
                0x0000000000002ab0       0x60 /usr/lib/gcc/x86_64-pc-linux-gnu/14.2.1/../../../../lib/Scrt1.o
 .rela.data.rel.ro._ZTIN7outpost9transport20FrameTransportSerialE
                0x0000000000002b10       0x78 /usr/lib/gcc/x86_64-pc-linux-gnu/14.2.1/../../../../lib/Scrt1.o
 .rela.data.rel.ro._ZTIN4popl5ValueIjEE
                0x0000000000002b88       0x48 /usr/lib/gcc/x86_64-pc-linux-gnu/14.2.1/../../../../lib/Scrt1.o
 .rela.data.rel.ro._ZTIN4popl5ValueIcEE
                0x0000000000002bd0       0x48 /usr/lib/gcc/x86_64-pc-linux-gnu/14.2.1/../../../../lib/Scrt1.o
 .rela.data.rel.ro._ZTISt23_Sp_counted_ptr_inplaceIN4popl6SwitchESaIvELN9__gnu_cxx12_Lock_policyE2EE
                0x0000000000002c18       0x48 /usr/lib/gcc/x86_64-pc-linux-gnu/14.2.1/../../../../lib/Scrt1.o
 .rela.data.rel.ro._ZTISt23_Sp_counted_ptr_inplaceIN4popl5ValueINSt7__cxx1112basic_stringIcSt11char_traitsIcESaIcEEEEESaIvELN9__gnu_cxx12_Lock_policyE2EE
                0x0000000000002c60       0x48 /usr/lib/gcc/x86_64-pc-linux-gnu/14.2.1/../../../../lib/Scrt1.o
 .rela.data.rel.ro._ZTISt23_Sp_counted_ptr_inplaceIN4popl5ValueIjEESaIvELN9__gnu_cxx12_Lock_policyE2EE
                0x0000000000002ca8       0x48 /usr/lib/gcc/x86_64-pc-linux-gnu/14.2.1/../../../../lib/Scrt1.o
 .rela.data.rel.ro._ZTISt23_Sp_counted_ptr_inplaceIN4popl5ValueIcEESaIvELN9__gnu_cxx12_Lock_policyE2EE
                0x0000000000002cf0       0x48 /usr/lib/gcc/x86_64-pc-linux-gnu/14.2.1/../../../../lib/Scrt1.o
 .rela.data.rel.ro._ZTVN4popl6OptionE
                0x0000000000002d38       0xa8 /usr/lib/gcc/x86_64-pc-linux-gnu/14.2.1/../../../../lib/Scrt1.o
 .rela.data.rel.ro.local._ZTVN4popl5ValueIbEE
                0x0000000000002de0      0x108 /usr/lib/gcc/x86_64-pc-linux-gnu/14.2.1/../../../../lib/Scrt1.o
 .rela.data.rel.ro.local._ZTVN4popl12OptionParserE
                0x0000000000002ee8       0x48 /usr/lib/gcc/x86_64-pc-linux-gnu/14.2.1/../../../../lib/Scrt1.o
 .rela.data.rel.ro._ZTVN4popl14invalid_optionE
                0x0000000000002f30       0x60 /usr/lib/gcc/x86_64-pc-linux-gnu/14.2.1/../../../../lib/Scrt1.o
 .rela.data.rel.ro.local._ZTVN4popl5ValueINSt7__cxx1112basic_stringIcSt11char_traitsIcESaIcEEEEE
                0x0000000000002f90      0x108 /usr/lib/gcc/x86_64-pc-linux-gnu/14.2.1/../../../../lib/Scrt1.o
 .rela.data.rel.ro.local._ZTVN4popl6SwitchE
                0x0000000000003098      0x108 /usr/lib/gcc/x86_64-pc-linux-gnu/14.2.1/../../../../lib/Scrt1.o
 .rela.data.rel.ro.local._ZTVN4popl20ConsoleOptionPrinterE
                0x00000000000031a0       0x60 /usr/lib/gcc/x86_64-pc-linux-gnu/14.2.1/../../../../lib/Scrt1.o
 .rela.data.rel.ro.local._ZTVN4popl18GroffOptionPrinterE
                0x0000000000003200       0x60 /usr/lib/gcc/x86_64-pc-linux-gnu/14.2.1/../../../../lib/Scrt1.o
 .rela.data.rel.ro.local._ZTVN4popl27BashCompletionOptionPrinterE
                0x0000000000003260       0x60 /usr/lib/gcc/x86_64-pc-linux-gnu/14.2.1/../../../../lib/Scrt1.o
 .rela.data.rel.ro._ZTCN7outpost9transport20FrameTransportSerialE136_NS0_14FrameTransportE
                0x00000000000032c0       0x90 /usr/lib/gcc/x86_64-pc-linux-gnu/14.2.1/../../../../lib/Scrt1.o
 .rela.data.rel.ro._ZTCN7outpost9transport20FrameTransportSerialE80_NS0_22FrameTransportRxSerialE
                0x0000000000003350       0x30 /usr/lib/gcc/x86_64-pc-linux-gnu/14.2.1/../../../../lib/Scrt1.o
 .rela.data.rel.ro._ZTCN7outpost9transport20FrameTransportSerialE0_NS0_22FrameTransportTxSerialE
                0x0000000000003380       0x30 /usr/lib/gcc/x86_64-pc-linux-gnu/14.2.1/../../../../lib/Scrt1.o
 .rela.data.rel.ro.local._ZTTN7outpost9transport20FrameTransportSerialE
                0x00000000000033b0      0x120 /usr/lib/gcc/x86_64-pc-linux-gnu/14.2.1/../../../../lib/Scrt1.o
 .rela.data.rel.ro._ZTVN7outpost9transport20FrameTransportSerialE
                0x00000000000034d0      0x108 /usr/lib/gcc/x86_64-pc-linux-gnu/14.2.1/../../../../lib/Scrt1.o
 .rela.data.rel.ro.local._ZTVN4popl5ValueIjEE
                0x00000000000035d8      0x108 /usr/lib/gcc/x86_64-pc-linux-gnu/14.2.1/../../../../lib/Scrt1.o
 .rela.data.rel.ro.local._ZTVN4popl5ValueIcEE
                0x00000000000036e0      0x108 /usr/lib/gcc/x86_64-pc-linux-gnu/14.2.1/../../../../lib/Scrt1.o
 .rela.data.rel.ro.local._ZTVSt23_Sp_counted_ptr_inplaceIN4popl6SwitchESaIvELN9__gnu_cxx12_Lock_policyE2EE
                0x00000000000037e8       0x90 /usr/lib/gcc/x86_64-pc-linux-gnu/14.2.1/../../../../lib/Scrt1.o
 .rela.data.rel.ro.local._ZTVSt23_Sp_counted_ptr_inplaceIN4popl5ValueINSt7__cxx1112basic_stringIcSt11char_traitsIcESaIcEEEEESaIvELN9__gnu_cxx12_Lock_policyE2EE
                0x0000000000003878       0x90 /usr/lib/gcc/x86_64-pc-linux-gnu/14.2.1/../../../../lib/Scrt1.o
 .rela.data.rel.ro.local._ZTVSt23_Sp_counted_ptr_inplaceIN4popl5ValueIjEESaIvELN9__gnu_cxx12_Lock_policyE2EE
                0x0000000000003908       0x90 /usr/lib/gcc/x86_64-pc-linux-gnu/14.2.1/../../../../lib/Scrt1.o
 .rela.data.rel.ro.local._ZTVSt23_Sp_counted_ptr_inplaceIN4popl5ValueIcEESaIvELN9__gnu_cxx12_Lock_policyE2EE
                0x0000000000003998       0x90 /usr/lib/gcc/x86_64-pc-linux-gnu/14.2.1/../../../../lib/Scrt1.o
 .rela.data.rel
                0x0000000000003a28       0x18 /usr/lib/gcc/x86_64-pc-linux-gnu/14.2.1/../../../../lib/Scrt1.o
 .rela.data.rel.local.DW.ref._ZTISt9exception
                0x0000000000003a40       0x18 /usr/lib/gcc/x86_64-pc-linux-gnu/14.2.1/../../../../lib/Scrt1.o
 .rela.data.rel.local.DW.ref.__gxx_personality_v0
                0x0000000000003a58       0x18 /usr/lib/gcc/x86_64-pc-linux-gnu/14.2.1/../../../../lib/Scrt1.o
 .rela.data.rel.ro._ZTIN7outpost3sip25CoordinatorPacketReceiverE
                0x0000000000003a70       0x48 /usr/lib/gcc/x86_64-pc-linux-gnu/14.2.1/../../../../lib/Scrt1.o
 .rela.data.rel.ro.local._ZTVN7outpost3sip25CoordinatorPacketReceiverE
                0x0000000000003ab8       0x60 /usr/lib/gcc/x86_64-pc-linux-gnu/14.2.1/../../../../lib/Scrt1.o
 .rela.data.rel.ro._ZTIN7outpost3sip17PacketTransportTxE
                0x0000000000003b18       0x30 /usr/lib/gcc/x86_64-pc-linux-gnu/14.2.1/../../../../lib/Scrt1.o
 .rela.data.rel.ro._ZTIN7outpost3sip17PacketTransportRxE
                0x0000000000003b48       0x30 /usr/lib/gcc/x86_64-pc-linux-gnu/14.2.1/../../../../lib/Scrt1.o
 .rela.data.rel.ro._ZTIN7outpost3sip15PacketTransportE
                0x0000000000003b78       0x60 /usr/lib/gcc/x86_64-pc-linux-gnu/14.2.1/../../../../lib/Scrt1.o
 .rela.data.rel.ro._ZTIN7outpost3sip24PacketTransportTxWrapperE
                0x0000000000003bd8       0x48 /usr/lib/gcc/x86_64-pc-linux-gnu/14.2.1/../../../../lib/Scrt1.o
 .rela.data.rel.ro._ZTIN7outpost3sip24PacketTransportRxWrapperE
                0x0000000000003c20       0x48 /usr/lib/gcc/x86_64-pc-linux-gnu/14.2.1/../../../../lib/Scrt1.o
 .rela.data.rel.ro._ZTIN7outpost3sip22PacketTransportWrapperE
                0x0000000000003c68       0x78 /usr/lib/gcc/x86_64-pc-linux-gnu/14.2.1/../../../../lib/Scrt1.o
 .rela.data.rel.ro.local._ZTCN7outpost3sip22PacketTransportWrapperE24_NS0_24PacketTransportRxWrapperE
                0x0000000000003ce0       0x30 /usr/lib/gcc/x86_64-pc-linux-gnu/14.2.1/../../../../lib/Scrt1.o
 .rela.data.rel.ro.local._ZTCN7outpost3sip22PacketTransportWrapperE8_NS0_24PacketTransportTxWrapperE
                0x0000000000003d10       0x60 /usr/lib/gcc/x86_64-pc-linux-gnu/14.2.1/../../../../lib/Scrt1.o
 .rela.data.rel.ro._ZTCN7outpost3sip22PacketTransportWrapperE0_NS0_15PacketTransportE
                0x0000000000003d70       0x60 /usr/lib/gcc/x86_64-pc-linux-gnu/14.2.1/../../../../lib/Scrt1.o
 .rela.data.rel.ro.local._ZTTN7outpost3sip22PacketTransportWrapperE
                0x0000000000003dd0      0x120 /usr/lib/gcc/x86_64-pc-linux-gnu/14.2.1/../../../../lib/Scrt1.o
 .rela.data.rel.ro.local._ZTVN7outpost3sip22PacketTransportWrapperE
                0x0000000000003ef0      0x120 /usr/lib/gcc/x86_64-pc-linux-gnu/14.2.1/../../../../lib/Scrt1.o
 .rela.data.rel.ro.local._ZTTN7outpost3sip24PacketTransportTxWrapperE
                0x0000000000004010       0x30 /usr/lib/gcc/x86_64-pc-linux-gnu/14.2.1/../../../../lib/Scrt1.o
 .rela.data.rel.ro.local._ZTVN7outpost3sip24PacketTransportTxWrapperE
                0x0000000000004040       0x60 /usr/lib/gcc/x86_64-pc-linux-gnu/14.2.1/../../../../lib/Scrt1.o
 .rela.data.rel.ro.local._ZTTN7outpost3sip24PacketTransportRxWrapperE
                0x00000000000040a0       0x30 /usr/lib/gcc/x86_64-pc-linux-gnu/14.2.1/../../../../lib/Scrt1.o
 .rela.data.rel.ro.local._ZTVN7outpost3sip24PacketTransportRxWrapperE
                0x00000000000040d0       0x60 /usr/lib/gcc/x86_64-pc-linux-gnu/14.2.1/../../../../lib/Scrt1.o
 .rela.data.rel.ro.local
                0x0000000000004130       0x30 /usr/lib/gcc/x86_64-pc-linux-gnu/14.2.1/../../../../lib/Scrt1.o
 .rela.data.rel.ro._ZTIN6serial15SerialExceptionE
                0x0000000000004160       0x48 /usr/lib/gcc/x86_64-pc-linux-gnu/14.2.1/../../../../lib/Scrt1.o
 .rela.data.rel.ro._ZTIN6serial11IOExceptionE
                0x00000000000041a8       0x48 /usr/lib/gcc/x86_64-pc-linux-gnu/14.2.1/../../../../lib/Scrt1.o
 .rela.data.rel.ro._ZTIN6serial22PortNotOpenedExceptionE
                0x00000000000041f0       0x48 /usr/lib/gcc/x86_64-pc-linux-gnu/14.2.1/../../../../lib/Scrt1.o
 .rela.data.rel.ro._ZTIN7outpost3hal8SerialRxE
                0x0000000000004238       0x30 /usr/lib/gcc/x86_64-pc-linux-gnu/14.2.1/../../../../lib/Scrt1.o
 .rela.data.rel.ro._ZTIN7outpost3hal8SerialTxE
                0x0000000000004268       0x30 /usr/lib/gcc/x86_64-pc-linux-gnu/14.2.1/../../../../lib/Scrt1.o
 .rela.data.rel.ro._ZTIN7outpost3hal6SerialE
                0x0000000000004298       0x60 /usr/lib/gcc/x86_64-pc-linux-gnu/14.2.1/../../../../lib/Scrt1.o
 .rela.data.rel.ro._ZTIN7outpost5posix10SerialPortE
                0x00000000000042f8       0x48 /usr/lib/gcc/x86_64-pc-linux-gnu/14.2.1/../../../../lib/Scrt1.o
 .rela.data.rel.ro.local._ZTVN7outpost5posix10SerialPortE
                0x0000000000004340      0x168 /usr/lib/gcc/x86_64-pc-linux-gnu/14.2.1/../../../../lib/Scrt1.o
 .rela.data.rel.local.DW.ref._ZTIN6serial11IOExceptionE
                0x00000000000044a8       0x18 /usr/lib/gcc/x86_64-pc-linux-gnu/14.2.1/../../../../lib/Scrt1.o
 .rela.data.rel.local.DW.ref._ZTIN6serial15SerialExceptionE
                0x00000000000044c0       0x18 /usr/lib/gcc/x86_64-pc-linux-gnu/14.2.1/../../../../lib/Scrt1.o
 .rela.data.rel.local.DW.ref._ZTIN6serial22PortNotOpenedExceptionE
                0x00000000000044d8       0x18 /usr/lib/gcc/x86_64-pc-linux-gnu/14.2.1/../../../../lib/Scrt1.o
 .rela.data.rel.ro._ZTIN7outpost9transport22FrameTransportTxSerialE
                0x00000000000044f0       0x48 /usr/lib/gcc/x86_64-pc-linux-gnu/14.2.1/../../../../lib/Scrt1.o
 .rela.data.rel.ro._ZTIN7outpost9transport22FrameTransportRxSerialE
                0x0000000000004538       0x48 /usr/lib/gcc/x86_64-pc-linux-gnu/14.2.1/../../../../lib/Scrt1.o
 .rela.data.rel.ro._ZTVN7outpost9transport16FrameTransportRxE
                0x0000000000004580       0x30 /usr/lib/gcc/x86_64-pc-linux-gnu/14.2.1/../../../../lib/Scrt1.o
 .rela.data.rel.ro.local._ZTTN7outpost9transport22FrameTransportTxSerialE
                0x00000000000045b0       0x30 /usr/lib/gcc/x86_64-pc-linux-gnu/14.2.1/../../../../lib/Scrt1.o
 .rela.data.rel.ro.local._ZTVN7outpost9transport22FrameTransportTxSerialE
                0x00000000000045e0       0x60 /usr/lib/gcc/x86_64-pc-linux-gnu/14.2.1/../../../../lib/Scrt1.o
 .rela.data.rel.ro.local._ZTTN7outpost9transport22FrameTransportRxSerialE
                0x0000000000004640       0x30 /usr/lib/gcc/x86_64-pc-linux-gnu/14.2.1/../../../../lib/Scrt1.o
 .rela.data.rel.ro.local._ZTVN7outpost9transport22FrameTransportRxSerialE
                0x0000000000004670       0x60 /usr/lib/gcc/x86_64-pc-linux-gnu/14.2.1/../../../../lib/Scrt1.o
 .rela.data.rel.ro._ZTIN7outpost9transport12FrameEncoderE
                0x00000000000046d0       0x30 /usr/lib/gcc/x86_64-pc-linux-gnu/14.2.1/../../../../lib/Scrt1.o
 .rela.data.rel.ro._ZTIN7outpost9transport16FrameEncoderHdlcE
                0x0000000000004700       0x48 /usr/lib/gcc/x86_64-pc-linux-gnu/14.2.1/../../../../lib/Scrt1.o
 .rela.data.rel.ro.local._ZTVN7outpost9transport16FrameEncoderHdlcE
                0x0000000000004748       0x60 /usr/lib/gcc/x86_64-pc-linux-gnu/14.2.1/../../../../lib/Scrt1.o
 .rela.data.rel.ro._ZTIN7outpost9transport20BufferedFrameDecoderE
                0x00000000000047a8       0x30 /usr/lib/gcc/x86_64-pc-linux-gnu/14.2.1/../../../../lib/Scrt1.o
 .rela.data.rel.ro._ZTIN7outpost9transport24BufferedFrameDecoderHdlcE
                0x00000000000047d8       0x48 /usr/lib/gcc/x86_64-pc-linux-gnu/14.2.1/../../../../lib/Scrt1.o
 .rela.data.rel.ro.local._ZTVN7outpost9transport24BufferedFrameDecoderHdlcE
                0x0000000000004820       0x78 /usr/lib/gcc/x86_64-pc-linux-gnu/14.2.1/../../../../lib/Scrt1.o
 .rela.data.rel.ro._ZTIN6serial6SerialE
                0x0000000000004898       0x30 /usr/lib/gcc/x86_64-pc-linux-gnu/14.2.1/../../../../lib/Scrt1.o
 .rela.data.rel.ro.local._ZTVN6serial6SerialE
                0x00000000000048c8       0x48 /usr/lib/gcc/x86_64-pc-linux-gnu/14.2.1/../../../../lib/Scrt1.o
 .rela.data.rel.ro._ZTIN6serial6Serial10SerialImplE
                0x0000000000004910       0x30 /usr/lib/gcc/x86_64-pc-linux-gnu/14.2.1/../../../../lib/Scrt1.o
 .rela.data.rel.ro.local._ZTVN6serial15SerialExceptionE
                0x0000000000004940       0x60 /usr/lib/gcc/x86_64-pc-linux-gnu/14.2.1/../../../../lib/Scrt1.o
 .rela.data.rel.ro.local._ZTVN6serial11IOExceptionE
                0x00000000000049a0       0x60 /usr/lib/gcc/x86_64-pc-linux-gnu/14.2.1/../../../../lib/Scrt1.o
 .rela.data.rel.ro.local._ZTVN6serial22PortNotOpenedExceptionE
                0x0000000000004a00       0x60 /usr/lib/gcc/x86_64-pc-linux-gnu/14.2.1/../../../../lib/Scrt1.o
 .rela.data.rel.ro.local._ZTVN6serial6Serial10SerialImplE
                0x0000000000004a60       0x48 /usr/lib/gcc/x86_64-pc-linux-gnu/14.2.1/../../../../lib/Scrt1.o
 .rela.data.rel.ro._ZTIN7outpost5posix6ThreadE
                0x0000000000004aa8       0x30 /usr/lib/gcc/x86_64-pc-linux-gnu/14.2.1/../../../../lib/Scrt1.o
 .rela.data.rel.ro._ZTVN7outpost5posix6ThreadE
                0x0000000000004ad8       0x30 /usr/lib/gcc/x86_64-pc-linux-gnu/14.2.1/../../../../lib/Scrt1.o
 .rela.data.rel.ro._ZTIN7outpost4time5ClockE
                0x0000000000004b08       0x30 /usr/lib/gcc/x86_64-pc-linux-gnu/14.2.1/../../../../lib/Scrt1.o
 .rela.data.rel.ro._ZTIN7outpost5posix11SystemClockE
                0x0000000000004b38       0x48 /usr/lib/gcc/x86_64-pc-linux-gnu/14.2.1/../../../../lib/Scrt1.o
 .rela.data.rel.ro.local._ZTVN7outpost5posix11SystemClockE
                0x0000000000004b80       0x60 /usr/lib/gcc/x86_64-pc-linux-gnu/14.2.1/../../../../lib/Scrt1.o
 *(.rela.tdata .rela.tdata.* .rela.gnu.linkonce.td.*)
 *(.rela.tbss .rela.tbss.* .rela.gnu.linkonce.tb.*)
 *(.rela.ctors)
 *(.rela.dtors)
 *(.rela.got)
 .rela.got      0x0000000000004be0       0xa8 /usr/lib/gcc/x86_64-pc-linux-gnu/14.2.1/../../../../lib/Scrt1.o
 *(.rela.bss .rela.bss.* .rela.gnu.linkonce.b.*)
 .rela.bss      0x0000000000004c88       0x60 /usr/lib/gcc/x86_64-pc-linux-gnu/14.2.1/../../../../lib/Scrt1.o
 *(.rela.ldata .rela.ldata.* .rela.gnu.linkonce.l.*)
 *(.rela.lbss .rela.lbss.* .rela.gnu.linkonce.lb.*)
 *(.rela.lrodata .rela.lrodata.* .rela.gnu.linkonce.lr.*)
 *(.rela.ifunc)
 .rela.ifunc    0x0000000000004ce8        0x0 /usr/lib/gcc/x86_64-pc-linux-gnu/14.2.1/../../../../lib/Scrt1.o
 .rela.fini_array
                0x0000000000004ce8       0x18 /usr/lib/gcc/x86_64-pc-linux-gnu/14.2.1/../../../../lib/Scrt1.o
 .rela.init_array
                0x0000000000004d00       0x48 /usr/lib/gcc/x86_64-pc-linux-gnu/14.2.1/../../../../lib/Scrt1.o
 .rela.gcc_except_table
                0x0000000000004d48        0x0 /usr/lib/gcc/x86_64-pc-linux-gnu/14.2.1/../../../../lib/Scrt1.o
 .rela.eh_frame
                0x0000000000004d48        0x0 /usr/lib/gcc/x86_64-pc-linux-gnu/14.2.1/../../../../lib/Scrt1.o

.rela.plt       0x0000000000004d48      0xa50
 *(.rela.plt)
 .rela.plt      0x0000000000004d48      0xa50 /usr/lib/gcc/x86_64-pc-linux-gnu/14.2.1/../../../../lib/Scrt1.o
 *(.rela.iplt)

.relr.dyn
 *(.relr.dyn)
                0x0000000000006000                . = ALIGN (CONSTANT (MAXPAGESIZE))

.init           0x0000000000006000       0x1b
 *(SORT_NONE(.init))
 .init          0x0000000000006000       0x16 /usr/lib/gcc/x86_64-pc-linux-gnu/14.2.1/../../../../lib/crti.o
                0x0000000000006000                _init
 .init          0x0000000000006016        0x5 /usr/lib/gcc/x86_64-pc-linux-gnu/14.2.1/../../../../lib/crtn.o

.plt            0x0000000000006020      0x6f0
 *(.plt)
 .plt           0x0000000000006020      0x6f0 /usr/lib/gcc/x86_64-pc-linux-gnu/14.2.1/../../../../lib/Scrt1.o
                0x0000000000006030                pthread_cond_signal@@GLIBC_2.3.2
                0x0000000000006040                operator new[](unsigned long)@@GLIBCXX_3.4
                0x0000000000006050                std::ostream::put(char)@@GLIBCXX_3.4
                0x0000000000006060                __errno_location@@GLIBC_2.2.5
                0x0000000000006070                printf@@GLIBC_2.2.5
                0x0000000000006080                pthread_mutexattr_init@@GLIBC_2.34
                0x0000000000006090                syscall@@GLIBC_2.2.5
                0x00000000000060a0                std::__cxx11::basic_string<char, std::char_traits<char>, std::allocator<char> >::append(char const*, unsigned long)@@GLIBCXX_3.4.21
                0x00000000000060b0                __pthread_unwind_next@@GLIBC_2.34
                0x00000000000060c0                std::basic_iostream<char, std::char_traits<char> >::~basic_iostream()@@GLIBCXX_3.4
                0x00000000000060d0                std::terminate()@@GLIBCXX_3.4
                0x00000000000060e0                std::ios_base::ios_base()@@GLIBCXX_3.4
                0x00000000000060f0                std::__cxx11::basic_string<char, std::char_traits<char>, std::allocator<char> >::resize(unsigned long, char)@@GLIBCXX_3.4.21
                0x0000000000006100                std::__cxx11::basic_string<char, std::char_traits<char>, std::allocator<char> >::_M_append(char const*, unsigned long)@@GLIBCXX_3.4.21
                0x0000000000006110                std::ios_base::~ios_base()@@GLIBCXX_3.4
                0x0000000000006120                strerror@@GLIBC_2.2.5
                0x0000000000006130                write@@GLIBC_2.2.5
                0x0000000000006140                std::invalid_argument::~invalid_argument()@@GLIBCXX_3.4.15
                0x0000000000006150                std::istream::peek()@@GLIBCXX_3.4
                0x0000000000006160                __cxa_begin_catch@@CXXABI_1.3
                0x0000000000006170                std::__cxx11::basic_string<char, std::char_traits<char>, std::allocator<char> >::basic_string(std::__cxx11::basic_string<char, std::char_traits<char>, std::allocator<char> > const&)@@GLIBCXX_3.4.21
                0x0000000000006180                strlen@@GLIBC_2.2.5
                0x0000000000006190                memcmp@@GLIBC_2.2.5
                0x00000000000061a0                std::__cxx11::basic_istringstream<char, std::char_traits<char>, std::allocator<char> >::~basic_istringstream()@@GLIBCXX_3.4.21
                0x00000000000061b0                __cxa_allocate_exception@@CXXABI_1.3
                0x00000000000061c0                std::__throw_length_error(char const*)@@GLIBCXX_3.4
                0x00000000000061d0                std::__cxx11::basic_string<char, std::char_traits<char>, std::allocator<char> >::_M_assign(std::__cxx11::basic_string<char, std::char_traits<char>, std::allocator<char> > const&)@@GLIBCXX_3.4.21
                0x00000000000061e0                std::__cxx11::basic_string<char, std::char_traits<char>, std::allocator<char> >::basic_string(std::__cxx11::basic_string<char, std::char_traits<char>, std::allocator<char> >&&)@@GLIBCXX_3.4.21
                0x00000000000061f0                cfsetispeed@@GLIBC_2.2.5
                0x0000000000006200                std::ostream& std::ostream::_M_insert<unsigned long>(unsigned long)@@GLIBCXX_3.4.9
                0x0000000000006210                std::ostream::flush()@@GLIBCXX_3.4
                0x0000000000006220                std::__throw_logic_error(char const*)@@GLIBCXX_3.4
                0x0000000000006230                __cxa_free_exception@@CXXABI_1.3
                0x0000000000006240                open@@GLIBC_2.2.5
                0x0000000000006250                std::__cxx11::basic_stringstream<char, std::char_traits<char>, std::allocator<char> >::~basic_stringstream()@@GLIBCXX_3.4.21
                0x0000000000006260                pthread_mutex_unlock@@GLIBC_2.2.5
                0x0000000000006270                memcpy@@GLIBC_2.14
                0x0000000000006280                __cxa_atexit@@GLIBC_2.2.5
                0x0000000000006290                pthread_join@@GLIBC_2.34
                0x00000000000062a0                clock_gettime@@GLIBC_2.17
                0x00000000000062b0                operator new(unsigned long)@@GLIBCXX_3.4
                0x00000000000062c0                operator delete(void*, unsigned long)@@CXXABI_1.3.9
                0x00000000000062d0                tcsendbreak@@GLIBC_2.2.5
                0x00000000000062e0                pselect@@GLIBC_2.2.5
                0x00000000000062f0                cfsetospeed@@GLIBC_2.2.5
                0x0000000000006300                __stack_chk_fail@@GLIBC_2.4
                0x0000000000006310                tcgetattr@@GLIBC_2.2.5
                0x0000000000006320                std::invalid_argument::invalid_argument(char const*)@@GLIBCXX_3.4.21
                0x0000000000006330                std::basic_ostream<char, std::char_traits<char> >& std::__ostream_insert<char, std::char_traits<char> >(std::basic_ostream<char, std::char_traits<char> >&, char const*, long)@@GLIBCXX_3.4.9
                0x0000000000006340                std::ctype<char>::_M_widen_init() const@@GLIBCXX_3.4.11
                0x0000000000006350                std::__cxx11::basic_string<char, std::char_traits<char>, std::allocator<char> >::_M_construct(unsigned long, char)@@GLIBCXX_3.4.21
                0x0000000000006360                pthread_setname_np@@GLIBC_2.34
                0x0000000000006370                pthread_mutex_destroy@@GLIBC_2.2.5
                0x0000000000006380                pthread_cond_init@@GLIBC_2.3.2
                0x0000000000006390                exit@@GLIBC_2.2.5
                0x00000000000063a0                pthread_attr_init@@GLIBC_2.2.5
                0x00000000000063b0                std::__cxx11::basic_string<char, std::char_traits<char>, std::allocator<char> >::_M_dispose()@@GLIBCXX_3.4.21
                0x00000000000063c0                std::__throw_bad_cast()@@GLIBCXX_3.4
                0x00000000000063d0                tcsetattr@@GLIBC_2.2.5
                0x00000000000063e0                operator delete[](void*)@@GLIBCXX_3.4
                0x00000000000063f0                std::__cxx11::basic_stringbuf<char, std::char_traits<char>, std::allocator<char> >::_M_sync(char*, unsigned long, unsigned long)@@GLIBCXX_3.4.21
                0x0000000000006400                std::__cxx11::basic_string<char, std::char_traits<char>, std::allocator<char> >::find(char, unsigned long) const@@GLIBCXX_3.4.21
                0x0000000000006410                std::basic_istream<char, std::char_traits<char> >& std::operator>><char, std::char_traits<char> >(std::basic_istream<char, std::char_traits<char> >&, char&)@@GLIBCXX_3.4
                0x0000000000006420                std::basic_ios<char, std::char_traits<char> >::init(std::basic_streambuf<char, std::char_traits<char> >*)@@GLIBCXX_3.4
                0x0000000000006430                __pthread_unregister_cancel@@GLIBC_2.34
                0x0000000000006440                pthread_cancel@@GLIBC_2.34
                0x0000000000006450                strcmp@@GLIBC_2.2.5
                0x0000000000006460                ioctl@@GLIBC_2.2.5
                0x0000000000006470                std::locale::~locale()@@GLIBCXX_3.4
                0x0000000000006480                __sigsetjmp@@GLIBC_2.2.5
                0x0000000000006490                read@@GLIBC_2.2.5
                0x00000000000064a0                sched_yield@@GLIBC_2.2.5
                0x00000000000064b0                pthread_mutex_lock@@GLIBC_2.2.5
                0x00000000000064c0                pthread_mutexattr_settype@@GLIBC_2.34
                0x00000000000064d0                pthread_mutexattr_destroy@@GLIBC_2.34
                0x00000000000064e0                pthread_mutex_init@@GLIBC_2.2.5
                0x00000000000064f0                pthread_cond_timedwait@@GLIBC_2.3.2
                0x0000000000006500                std::__throw_out_of_range_fmt(char const*, ...)@@GLIBCXX_3.4.20
                0x0000000000006510                tcflush@@GLIBC_2.2.5
                0x0000000000006520                std::out_of_range::out_of_range(std::__cxx11::basic_string<char, std::char_traits<char>, std::allocator<char> > const&)@@GLIBCXX_3.4.21
                0x0000000000006530                pthread_cond_wait@@GLIBC_2.3.2
                0x0000000000006540                __pthread_register_cancel@@GLIBC_2.34
                0x0000000000006550                puts@@GLIBC_2.2.5
                0x0000000000006560                std::__cxx11::basic_string<char, std::char_traits<char>, std::allocator<char> >::_M_replace(unsigned long, unsigned long, char const*, unsigned long)@@GLIBCXX_3.4.21
                0x0000000000006570                std::__cxx11::basic_string<char, std::char_traits<char>, std::allocator<char> >::reserve(unsigned long)@@GLIBCXX_3.4.21
                0x0000000000006580                std::__cxx11::basic_stringbuf<char, std::char_traits<char>, std::allocator<char> >::str() const@@GLIBCXX_3.4.21
                0x0000000000006590                memmove@@GLIBC_2.2.5
                0x00000000000065a0                __cxa_end_catch@@CXXABI_1.3
                0x00000000000065b0                std::ostream& std::ostream::_M_insert<bool>(bool)@@GLIBCXX_3.4.9
                0x00000000000065c0                pthread_attr_destroy@@GLIBC_2.2.5
                0x00000000000065d0                std::basic_ios<char, std::char_traits<char> >::clear(std::_Ios_Iostate)@@GLIBCXX_3.4
                0x00000000000065e0                __cxa_throw@@CXXABI_1.3
                0x00000000000065f0                std::ostream::operator<<(int)@@GLIBCXX_3.4
                0x0000000000006600                std::invalid_argument::invalid_argument(std::__cxx11::basic_string<char, std::char_traits<char>, std::allocator<char> > const&)@@GLIBCXX_3.4.21
                0x0000000000006610                std::__cxx11::basic_string<char, std::char_traits<char>, std::allocator<char> >::find(char const*, unsigned long, unsigned long) const@@GLIBCXX_3.4.21
                0x0000000000006620                std::istream& std::istream::_M_extract<unsigned int>(unsigned int&)@@GLIBCXX_3.4.9
                0x0000000000006630                _Unwind_Resume@@GCC_3.0
                0x0000000000006640                pthread_exit@@GLIBC_2.2.5
                0x0000000000006650                std::__cxx11::basic_string<char, std::char_traits<char>, std::allocator<char> >::_M_create(unsigned long&, unsigned long)@@GLIBCXX_3.4.21
                0x0000000000006660                tcdrain@@GLIBC_2.2.5
                0x0000000000006670                pthread_create@@GLIBC_2.34
                0x0000000000006680                std::exception::~exception()@@GLIBCXX_3.4
                0x0000000000006690                std::basic_istream<char, std::char_traits<char> >& std::getline<char, std::char_traits<char>, std::allocator<char> >(std::basic_istream<char, std::char_traits<char> >&, std::__cxx11::basic_string<char, std::char_traits<char>, std::allocator<char> >&, char)@@GLIBCXX_3.4.21
                0x00000000000066a0                std::invalid_argument::invalid_argument(char const*)@@GLIBCXX_3.4.21
                0x00000000000066b0                clock_nanosleep@@GLIBC_2.17
                0x00000000000066c0                std::__cxx11::basic_string<char, std::char_traits<char>, std::allocator<char> >::append(char const*)@@GLIBCXX_3.4.21
                0x00000000000066d0                pthread_cond_destroy@@GLIBC_2.3.2
                0x00000000000066e0                close@@GLIBC_2.2.5
                0x00000000000066f0                pthread_mutex_timedlock@@GLIBC_2.34
                0x0000000000006700                std::locale::locale()@@GLIBCXX_3.4
 *(.iplt)

.plt.got        0x0000000000006710        0x0
 *(.plt.got)
 .plt.got       0x0000000000006710        0x0 /usr/lib/gcc/x86_64-pc-linux-gnu/14.2.1/../../../../lib/Scrt1.o

.plt.sec
 *(.plt.sec)

.text           0x0000000000006740    0x1bc11
 *(.text.unlikely .text.*_unlikely .text.unlikely.*)
 .text.unlikely
                0x0000000000006740      0x3ee /home/haron/Desktop/sip-example/build/sip_coordinator/sip-coordinator/main.o
 .text.unlikely
                0x0000000000006b2e       0xd7 /home/haron/Desktop/sip-example/build/sip_coordinator/lib/liboutpost_hal_posix.a(serial_port.o)
 *fill*         0x0000000000006c05        0x1 
 .text.unlikely
                0x0000000000006c06      0x20f /home/haron/Desktop/sip-example/build/sip_coordinator/lib/libserial.a(serial.o)
 *fill*         0x0000000000006e15        0x1 
 .text.unlikely
                0x0000000000006e16     0x1df0 /home/haron/Desktop/sip-example/build/sip_coordinator/lib/libserial.a(unix.o)
 .text.unlikely
                0x0000000000008c06        0x5 /home/haron/Desktop/sip-example/build/sip_coordinator/lib/liboutpost_rtos_posix_base.a(thread.o)
 *(.text.exit .text.exit.*)
 *(.text.startup .text.startup.*)
 *fill*         0x0000000000008c0b        0x5 
 .text.startup  0x0000000000008c10      0xe64 /home/haron/Desktop/sip-example/build/sip_coordinator/sip-coordinator/main.o
                0x0000000000008c10                main
 *fill*         0x0000000000009a74        0xc 
 .text.startup  0x0000000000009a80       0x27 /home/haron/Desktop/sip-example/build/sip_coordinator/lib/liboutpost_support.a(heartbeat.o)
 *(.text.hot .text.hot.*)
 *(SORT_BY_NAME(.text.sorted.*))
 *(.text .stub .text.* .gnu.linkonce.t.*)
 *fill*         0x0000000000009aa7        0x9 
 .text          0x0000000000009ab0       0x26 /usr/lib/gcc/x86_64-pc-linux-gnu/14.2.1/../../../../lib/Scrt1.o
                0x0000000000009ab0                _start
 .text          0x0000000000009ad6        0x0 /usr/lib/gcc/x86_64-pc-linux-gnu/14.2.1/../../../../lib/crti.o
 *fill*         0x0000000000009ad6        0xa 
 .text          0x0000000000009ae0       0xc9 /usr/lib/gcc/x86_64-pc-linux-gnu/14.2.1/crtbeginS.o
 *fill*         0x0000000000009ba9       0x17 
 .text          0x0000000000009bc0      0xe03 /home/haron/Desktop/sip-example/build/sip_coordinator/sip-coordinator/main.o
                0x0000000000009de0                dumpData(unsigned int, bool, unsigned int)
                0x0000000000009ee0                startDataWrite(std::vector<unsigned char, std::allocator<unsigned char> >&, unsigned int, bool)
                0x0000000000009fe0                split(std::__cxx11::basic_string<char, std::char_traits<char>, std::allocator<char> >, std::__cxx11::basic_string<char, std::char_traits<char>, std::allocator<char> >)
                0x000000000000a480                sendAllData(std::vector<unsigned char, std::allocator<unsigned char> >&)
 *fill*         0x000000000000a9c3        0xd 
 .text._ZNKSt5ctypeIcE8do_widenEc
                0x000000000000a9d0        0x3 /home/haron/Desktop/sip-example/build/sip_coordinator/sip-coordinator/main.o
                0x000000000000a9d0                std::ctype<char>::do_widen(char) const
 *fill*         0x000000000000a9d3        0xd 
 .text._ZNK4popl6Switch13argument_typeEv
                0x000000000000a9e0        0x3 /home/haron/Desktop/sip-example/build/sip_coordinator/sip-coordinator/main.o
                0x000000000000a9e0                popl::Switch::argument_type() const
 *fill*         0x000000000000a9e3        0xd 
 .text._ZN4popl20ConsoleOptionPrinterD2Ev
                0x000000000000a9f0        0x1 /home/haron/Desktop/sip-example/build/sip_coordinator/sip-coordinator/main.o
                0x000000000000a9f0                popl::ConsoleOptionPrinter::~ConsoleOptionPrinter()
                0x000000000000a9f0                popl::ConsoleOptionPrinter::~ConsoleOptionPrinter()
 *fill*         0x000000000000a9f1        0xf 
 .text._ZNK4popl5ValueINSt7__cxx1112basic_stringIcSt11char_traitsIcESaIcEEEE6is_setEv
                0x000000000000aa00       0x12 /home/haron/Desktop/sip-example/build/sip_coordinator/sip-coordinator/main.o
                0x000000000000aa00                popl::Value<std::__cxx11::basic_string<char, std::char_traits<char>, std::allocator<char> > >::is_set() const
 *fill*         0x000000000000aa12        0xe 
 .text._ZNK4popl5ValueINSt7__cxx1112basic_stringIcSt11char_traitsIcESaIcEEEE5countEv
                0x000000000000aa20       0x13 /home/haron/Desktop/sip-example/build/sip_coordinator/sip-coordinator/main.o
                0x000000000000aa20                popl::Value<std::__cxx11::basic_string<char, std::char_traits<char>, std::allocator<char> > >::count() const
 *fill*         0x000000000000aa33        0xd 
 .text._ZNK4popl5ValueIjE6is_setEv
                0x000000000000aa40       0x12 /home/haron/Desktop/sip-example/build/sip_coordinator/sip-coordinator/main.o
                0x000000000000aa40                popl::Value<unsigned int>::is_set() const
 *fill*         0x000000000000aa52        0xe 
 .text._ZNK4popl5ValueIjE5countEv
                0x000000000000aa60       0x13 /home/haron/Desktop/sip-example/build/sip_coordinator/sip-coordinator/main.o
                0x000000000000aa60                popl::Value<unsigned int>::count() const
 *fill*         0x000000000000aa73        0xd 
 .text._ZNK4popl5ValueIcE6is_setEv
                0x000000000000aa80       0x12 /home/haron/Desktop/sip-example/build/sip_coordinator/sip-coordinator/main.o
                0x000000000000aa80                popl::Value<char>::is_set() const
 *fill*         0x000000000000aa92        0xe 
 .text._ZNK4popl5ValueIcE5countEv
                0x000000000000aaa0        0xf /home/haron/Desktop/sip-example/build/sip_coordinator/sip-coordinator/main.o
                0x000000000000aaa0                popl::Value<char>::count() const
 *fill*         0x000000000000aaaf        0x1 
 .text._ZN4popl18GroffOptionPrinterD2Ev
                0x000000000000aab0        0x1 /home/haron/Desktop/sip-example/build/sip_coordinator/sip-coordinator/main.o
                0x000000000000aab0                popl::GroffOptionPrinter::~GroffOptionPrinter()
                0x000000000000aab0                popl::GroffOptionPrinter::~GroffOptionPrinter()
 *fill*         0x000000000000aab1        0xf 
 .text._ZN7outpost5posix11SystemClockD2Ev
                0x000000000000aac0        0x1 /home/haron/Desktop/sip-example/build/sip_coordinator/sip-coordinator/main.o
                0x000000000000aac0                outpost::posix::SystemClock::~SystemClock()
                0x000000000000aac0                outpost::posix::SystemClock::~SystemClock()
 *fill*         0x000000000000aac1        0xf 
 .text._ZN7outpost3sip22PacketTransportWrapperD1Ev
                0x000000000000aad0       0x31 /home/haron/Desktop/sip-example/build/sip_coordinator/sip-coordinator/main.o
                0x000000000000aad0                outpost::sip::PacketTransportWrapper::~PacketTransportWrapper()
                0x000000000000aae0                non-virtual thunk to outpost::sip::PacketTransportWrapper::~PacketTransportWrapper()
                0x000000000000aaf0                non-virtual thunk to outpost::sip::PacketTransportWrapper::~PacketTransportWrapper()
                0x000000000000ab00                virtual thunk to outpost::sip::PacketTransportWrapper::~PacketTransportWrapper()
 *fill*         0x000000000000ab01        0xf 
 .text._ZNSt23_Sp_counted_ptr_inplaceIN4popl5ValueIcEESaIvELN9__gnu_cxx12_Lock_policyE2EED2Ev
                0x000000000000ab10        0x1 /home/haron/Desktop/sip-example/build/sip_coordinator/sip-coordinator/main.o
                0x000000000000ab10                std::_Sp_counted_ptr_inplace<popl::Value<char>, std::allocator<void>, (__gnu_cxx::_Lock_policy)2>::~_Sp_counted_ptr_inplace()
                0x000000000000ab10                std::_Sp_counted_ptr_inplace<popl::Value<char>, std::allocator<void>, (__gnu_cxx::_Lock_policy)2>::~_Sp_counted_ptr_inplace()
 *fill*         0x000000000000ab11        0xf 
 .text._ZNSt23_Sp_counted_ptr_inplaceIN4popl5ValueIcEESaIvELN9__gnu_cxx12_Lock_policyE2EE10_M_disposeEv
                0x000000000000ab20       0x10 /home/haron/Desktop/sip-example/build/sip_coordinator/sip-coordinator/main.o
                0x000000000000ab20                std::_Sp_counted_ptr_inplace<popl::Value<char>, std::allocator<void>, (__gnu_cxx::_Lock_policy)2>::_M_dispose()
 .text._ZNSt23_Sp_counted_ptr_inplaceIN4popl5ValueIjEESaIvELN9__gnu_cxx12_Lock_policyE2EED2Ev
                0x000000000000ab30        0x1 /home/haron/Desktop/sip-example/build/sip_coordinator/sip-coordinator/main.o
                0x000000000000ab30                std::_Sp_counted_ptr_inplace<popl::Value<unsigned int>, std::allocator<void>, (__gnu_cxx::_Lock_policy)2>::~_Sp_counted_ptr_inplace()
                0x000000000000ab30                std::_Sp_counted_ptr_inplace<popl::Value<unsigned int>, std::allocator<void>, (__gnu_cxx::_Lock_policy)2>::~_Sp_counted_ptr_inplace()
 *fill*         0x000000000000ab31        0xf 
 .text._ZNSt23_Sp_counted_ptr_inplaceIN4popl5ValueIjEESaIvELN9__gnu_cxx12_Lock_policyE2EE10_M_disposeEv
                0x000000000000ab40       0x10 /home/haron/Desktop/sip-example/build/sip_coordinator/sip-coordinator/main.o
                0x000000000000ab40                std::_Sp_counted_ptr_inplace<popl::Value<unsigned int>, std::allocator<void>, (__gnu_cxx::_Lock_policy)2>::_M_dispose()
 .text._ZNSt23_Sp_counted_ptr_inplaceIN4popl5ValueINSt7__cxx1112basic_stringIcSt11char_traitsIcESaIcEEEEESaIvELN9__gnu_cxx12_Lock_policyE2EED2Ev
                0x000000000000ab50        0x1 /home/haron/Desktop/sip-example/build/sip_coordinator/sip-coordinator/main.o
                0x000000000000ab50                std::_Sp_counted_ptr_inplace<popl::Value<std::__cxx11::basic_string<char, std::char_traits<char>, std::allocator<char> > >, std::allocator<void>, (__gnu_cxx::_Lock_policy)2>::~_Sp_counted_ptr_inplace()
                0x000000000000ab50                std::_Sp_counted_ptr_inplace<popl::Value<std::__cxx11::basic_string<char, std::char_traits<char>, std::allocator<char> > >, std::allocator<void>, (__gnu_cxx::_Lock_policy)2>::~_Sp_counted_ptr_inplace()
 *fill*         0x000000000000ab51        0xf 
 .text._ZNSt23_Sp_counted_ptr_inplaceIN4popl5ValueINSt7__cxx1112basic_stringIcSt11char_traitsIcESaIcEEEEESaIvELN9__gnu_cxx12_Lock_policyE2EE10_M_disposeEv
                0x000000000000ab60       0x10 /home/haron/Desktop/sip-example/build/sip_coordinator/sip-coordinator/main.o
                0x000000000000ab60                std::_Sp_counted_ptr_inplace<popl::Value<std::__cxx11::basic_string<char, std::char_traits<char>, std::allocator<char> > >, std::allocator<void>, (__gnu_cxx::_Lock_policy)2>::_M_dispose()
 .text._ZNSt23_Sp_counted_ptr_inplaceIN4popl6SwitchESaIvELN9__gnu_cxx12_Lock_policyE2EED2Ev
                0x000000000000ab70        0x1 /home/haron/Desktop/sip-example/build/sip_coordinator/sip-coordinator/main.o
                0x000000000000ab70                std::_Sp_counted_ptr_inplace<popl::Switch, std::allocator<void>, (__gnu_cxx::_Lock_policy)2>::~_Sp_counted_ptr_inplace()
                0x000000000000ab70                std::_Sp_counted_ptr_inplace<popl::Switch, std::allocator<void>, (__gnu_cxx::_Lock_policy)2>::~_Sp_counted_ptr_inplace()
 *fill*         0x000000000000ab71        0xf 
 .text._ZNSt23_Sp_counted_ptr_inplaceIN4popl6SwitchESaIvELN9__gnu_cxx12_Lock_policyE2EE10_M_disposeEv
                0x000000000000ab80       0x10 /home/haron/Desktop/sip-example/build/sip_coordinator/sip-coordinator/main.o
                0x000000000000ab80                std::_Sp_counted_ptr_inplace<popl::Switch, std::allocator<void>, (__gnu_cxx::_Lock_policy)2>::_M_dispose()
 .text._ZNK4popl5ValueIcE13argument_typeEv
                0x000000000000ab90        0x6 /home/haron/Desktop/sip-example/build/sip_coordinator/sip-coordinator/main.o
                0x000000000000ab90                popl::Value<char>::argument_type() const
 *fill*         0x000000000000ab96        0xa 
 .text._ZNK4popl5ValueIjE13argument_typeEv
                0x000000000000aba0        0x6 /home/haron/Desktop/sip-example/build/sip_coordinator/sip-coordinator/main.o
                0x000000000000aba0                popl::Value<unsigned int>::argument_type() const
 *fill*         0x000000000000aba6        0xa 
 .text._ZNK4popl5ValueINSt7__cxx1112basic_stringIcSt11char_traitsIcESaIcEEEE13argument_typeEv
                0x000000000000abb0        0x6 /home/haron/Desktop/sip-example/build/sip_coordinator/sip-coordinator/main.o
                0x000000000000abb0                popl::Value<std::__cxx11::basic_string<char, std::char_traits<char>, std::allocator<char> > >::argument_type() const
 *fill*         0x000000000000abb6        0xa 
 .text._ZNK4popl5ValueIbE13argument_typeEv
                0x000000000000abc0        0x6 /home/haron/Desktop/sip-example/build/sip_coordinator/sip-coordinator/main.o
                0x000000000000abc0                popl::Value<bool>::argument_type() const
 *fill*         0x000000000000abc6        0xa 
 .text._ZN4popl20ConsoleOptionPrinterD0Ev
                0x000000000000abd0        0xa /home/haron/Desktop/sip-example/build/sip_coordinator/sip-coordinator/main.o
                0x000000000000abd0                popl::ConsoleOptionPrinter::~ConsoleOptionPrinter()
 *fill*         0x000000000000abda        0x6 
 .text._ZN4popl18GroffOptionPrinterD0Ev
                0x000000000000abe0        0xa /home/haron/Desktop/sip-example/build/sip_coordinator/sip-coordinator/main.o
                0x000000000000abe0                popl::GroffOptionPrinter::~GroffOptionPrinter()
 *fill*         0x000000000000abea        0x6 
 .text._ZNSt23_Sp_counted_ptr_inplaceIN4popl5ValueIcEESaIvELN9__gnu_cxx12_Lock_policyE2EED0Ev
                0x000000000000abf0        0xa /home/haron/Desktop/sip-example/build/sip_coordinator/sip-coordinator/main.o
                0x000000000000abf0                std::_Sp_counted_ptr_inplace<popl::Value<char>, std::allocator<void>, (__gnu_cxx::_Lock_policy)2>::~_Sp_counted_ptr_inplace()
 *fill*         0x000000000000abfa        0x6 
 .text._ZNSt23_Sp_counted_ptr_inplaceIN4popl5ValueIjEESaIvELN9__gnu_cxx12_Lock_policyE2EED0Ev
                0x000000000000ac00        0xa /home/haron/Desktop/sip-example/build/sip_coordinator/sip-coordinator/main.o
                0x000000000000ac00                std::_Sp_counted_ptr_inplace<popl::Value<unsigned int>, std::allocator<void>, (__gnu_cxx::_Lock_policy)2>::~_Sp_counted_ptr_inplace()
 *fill*         0x000000000000ac0a        0x6 
 .text._ZNSt23_Sp_counted_ptr_inplaceIN4popl5ValueINSt7__cxx1112basic_stringIcSt11char_traitsIcESaIcEEEEESaIvELN9__gnu_cxx12_Lock_policyE2EED0Ev
                0x000000000000ac10        0xa /home/haron/Desktop/sip-example/build/sip_coordinator/sip-coordinator/main.o
                0x000000000000ac10                std::_Sp_counted_ptr_inplace<popl::Value<std::__cxx11::basic_string<char, std::char_traits<char>, std::allocator<char> > >, std::allocator<void>, (__gnu_cxx::_Lock_policy)2>::~_Sp_counted_ptr_inplace()
 *fill*         0x000000000000ac1a        0x6 
 .text._ZNSt23_Sp_counted_ptr_inplaceIN4popl6SwitchESaIvELN9__gnu_cxx12_Lock_policyE2EED0Ev
                0x000000000000ac20        0xa /home/haron/Desktop/sip-example/build/sip_coordinator/sip-coordinator/main.o
                0x000000000000ac20                std::_Sp_counted_ptr_inplace<popl::Switch, std::allocator<void>, (__gnu_cxx::_Lock_policy)2>::~_Sp_counted_ptr_inplace()
 *fill*         0x000000000000ac2a        0x6 
 .text._ZN7outpost3sip22PacketTransportWrapperD0Ev
                0x000000000000ac30       0x41 /home/haron/Desktop/sip-example/build/sip_coordinator/sip-coordinator/main.o
                0x000000000000ac30                outpost::sip::PacketTransportWrapper::~PacketTransportWrapper()
                0x000000000000ac40                non-virtual thunk to outpost::sip::PacketTransportWrapper::~PacketTransportWrapper()
                0x000000000000ac50                non-virtual thunk to outpost::sip::PacketTransportWrapper::~PacketTransportWrapper()
                0x000000000000ac60                virtual thunk to outpost::sip::PacketTransportWrapper::~PacketTransportWrapper()
 *fill*         0x000000000000ac71        0xf 
 .text._ZNK4popl5ValueIbE5countEv
                0x000000000000ac80       0x19 /home/haron/Desktop/sip-example/build/sip_coordinator/sip-coordinator/main.o
                0x000000000000ac80                popl::Value<bool>::count() const
 *fill*         0x000000000000ac99        0x7 
 .text._ZNK4popl5ValueIbE6is_setEv
                0x000000000000aca0       0x22 /home/haron/Desktop/sip-example/build/sip_coordinator/sip-coordinator/main.o
                0x000000000000aca0                popl::Value<bool>::is_set() const
 *fill*         0x000000000000acc2        0xe 
 .text._ZNK4popl5ValueINSt7__cxx1112basic_stringIcSt11char_traitsIcESaIcEEEE11get_defaultERSo
                0x000000000000acd0       0x33 /home/haron/Desktop/sip-example/build/sip_coordinator/sip-coordinator/main.o
                0x000000000000acd0                popl::Value<std::__cxx11::basic_string<char, std::char_traits<char>, std::allocator<char> > >::get_default(std::ostream&) const
 *fill*         0x000000000000ad03        0xd 
 .text._ZNK4popl5ValueIjE11get_defaultERSo
                0x000000000000ad10       0x2b /home/haron/Desktop/sip-example/build/sip_coordinator/sip-coordinator/main.o
                0x000000000000ad10                popl::Value<unsigned int>::get_default(std::ostream&) const
 *fill*         0x000000000000ad3b        0x5 
 .text._ZNK4popl5ValueIbE11get_defaultERSo
                0x000000000000ad40       0x2b /home/haron/Desktop/sip-example/build/sip_coordinator/sip-coordinator/main.o
                0x000000000000ad40                popl::Value<bool>::get_default(std::ostream&) const
 *fill*         0x000000000000ad6b        0x5 
 .text._ZN7outpost3sip25CoordinatorPacketReceiverD2Ev
                0x000000000000ad70        0xf /home/haron/Desktop/sip-example/build/sip_coordinator/sip-coordinator/main.o
                0x000000000000ad70                outpost::sip::CoordinatorPacketReceiver::~CoordinatorPacketReceiver()
                0x000000000000ad70                outpost::sip::CoordinatorPacketReceiver::~CoordinatorPacketReceiver()
 *fill*         0x000000000000ad7f        0x1 
 .text._ZN7outpost3sip11CoordinatorD2Ev
                0x000000000000ad80        0xc /home/haron/Desktop/sip-example/build/sip_coordinator/sip-coordinator/main.o
                0x000000000000ad80                outpost::sip::Coordinator::~Coordinator()
                0x000000000000ad80                outpost::sip::Coordinator::~Coordinator()
 *fill*         0x000000000000ad8c        0x4 
 .text._ZN7outpost9transport20FrameTransportSerialD1Ev
                0x000000000000ad90      0x128 /home/haron/Desktop/sip-example/build/sip_coordinator/sip-coordinator/main.o
                0x000000000000ad90                outpost::transport::FrameTransportSerial::~FrameTransportSerial()
                0x000000000000ade0                non-virtual thunk to outpost::transport::FrameTransportSerial::~FrameTransportSerial()
                0x000000000000ae20                non-virtual thunk to outpost::transport::FrameTransportSerial::~FrameTransportSerial()
                0x000000000000ae70                virtual thunk to outpost::transport::FrameTransportSerial::~FrameTransportSerial()
 *fill*         0x000000000000aeb8        0x8 
 .text._ZNSt23_Sp_counted_ptr_inplaceIN4popl5ValueIcEESaIvELN9__gnu_cxx12_Lock_policyE2EE14_M_get_deleterERKSt9type_info
                0x000000000000aec0       0x47 /home/haron/Desktop/sip-example/build/sip_coordinator/sip-coordinator/main.o
                0x000000000000aec0                std::_Sp_counted_ptr_inplace<popl::Value<char>, std::allocator<void>, (__gnu_cxx::_Lock_policy)2>::_M_get_deleter(std::type_info const&)
 *fill*         0x000000000000af07        0x9 
 .text._ZN4popl5ValueIcE16update_referenceEv
                0x000000000000af10       0xa4 /home/haron/Desktop/sip-example/build/sip_coordinator/sip-coordinator/main.o
                0x000000000000af10                popl::Value<char>::update_reference()
 *fill*         0x000000000000afb4        0xc 
 .text._ZN4popl5ValueIjE16update_referenceEv
                0x000000000000afc0       0x9c /home/haron/Desktop/sip-example/build/sip_coordinator/sip-coordinator/main.o
                0x000000000000afc0                popl::Value<unsigned int>::update_reference()
 *fill*         0x000000000000b05c        0x4 
 .text._ZN4popl5ValueINSt7__cxx1112basic_stringIcSt11char_traitsIcESaIcEEEE16update_referenceEv
                0x000000000000b060       0xa1 /home/haron/Desktop/sip-example/build/sip_coordinator/sip-coordinator/main.o
                0x000000000000b060                popl::Value<std::__cxx11::basic_string<char, std::char_traits<char>, std::allocator<char> > >::update_reference()
 *fill*         0x000000000000b101        0xf 
 .text._ZNSt23_Sp_counted_ptr_inplaceIN4popl5ValueIcEESaIvELN9__gnu_cxx12_Lock_policyE2EE10_M_destroyEv
                0x000000000000b110        0xa /home/haron/Desktop/sip-example/build/sip_coordinator/sip-coordinator/main.o
                0x000000000000b110                std::_Sp_counted_ptr_inplace<popl::Value<char>, std::allocator<void>, (__gnu_cxx::_Lock_policy)2>::_M_destroy()
 *fill*         0x000000000000b11a        0x6 
 .text._ZNSt23_Sp_counted_ptr_inplaceIN4popl5ValueIjEESaIvELN9__gnu_cxx12_Lock_policyE2EE10_M_destroyEv
                0x000000000000b120        0xa /home/haron/Desktop/sip-example/build/sip_coordinator/sip-coordinator/main.o
                0x000000000000b120                std::_Sp_counted_ptr_inplace<popl::Value<unsigned int>, std::allocator<void>, (__gnu_cxx::_Lock_policy)2>::_M_destroy()
 *fill*         0x000000000000b12a        0x6 
 .text._ZNSt23_Sp_counted_ptr_inplaceIN4popl5ValueINSt7__cxx1112basic_stringIcSt11char_traitsIcESaIcEEEEESaIvELN9__gnu_cxx12_Lock_policyE2EE10_M_destroyEv
                0x000000000000b130        0xa /home/haron/Desktop/sip-example/build/sip_coordinator/sip-coordinator/main.o
                0x000000000000b130                std::_Sp_counted_ptr_inplace<popl::Value<std::__cxx11::basic_string<char, std::char_traits<char>, std::allocator<char> > >, std::allocator<void>, (__gnu_cxx::_Lock_policy)2>::_M_destroy()
 *fill*         0x000000000000b13a        0x6 
 .text._ZNSt23_Sp_counted_ptr_inplaceIN4popl6SwitchESaIvELN9__gnu_cxx12_Lock_policyE2EE10_M_destroyEv
                0x000000000000b140        0xa /home/haron/Desktop/sip-example/build/sip_coordinator/sip-coordinator/main.o
                0x000000000000b140                std::_Sp_counted_ptr_inplace<popl::Switch, std::allocator<void>, (__gnu_cxx::_Lock_policy)2>::_M_destroy()
 *fill*         0x000000000000b14a        0x6 
 .text._ZNSt6vectorIhSaIhEED2Ev
                0x000000000000b150       0x21 /home/haron/Desktop/sip-example/build/sip_coordinator/sip-coordinator/main.o
                0x000000000000b150                std::vector<unsigned char, std::allocator<unsigned char> >::~vector()
                0x000000000000b150                std::vector<unsigned char, std::allocator<unsigned char> >::~vector()
 *fill*         0x000000000000b171        0xf 
 .text._ZN4popl5ValueIbE16update_referenceEv
                0x000000000000b180       0xfd /home/haron/Desktop/sip-example/build/sip_coordinator/sip-coordinator/main.o
                0x000000000000b180                popl::Value<bool>::update_reference()
 *fill*         0x000000000000b27d        0x3 
 .text._ZNSt23_Sp_counted_ptr_inplaceIN4popl6SwitchESaIvELN9__gnu_cxx12_Lock_policyE2EE14_M_get_deleterERKSt9type_info
                0x000000000000b280       0x47 /home/haron/Desktop/sip-example/build/sip_coordinator/sip-coordinator/main.o
                0x000000000000b280                std::_Sp_counted_ptr_inplace<popl::Switch, std::allocator<void>, (__gnu_cxx::_Lock_policy)2>::_M_get_deleter(std::type_info const&)
 *fill*         0x000000000000b2c7        0x9 
 .text._ZNSt23_Sp_counted_ptr_inplaceIN4popl5ValueINSt7__cxx1112basic_stringIcSt11char_traitsIcESaIcEEEEESaIvELN9__gnu_cxx12_Lock_policyE2EE14_M_get_deleterERKSt9type_info
                0x000000000000b2d0       0x47 /home/haron/Desktop/sip-example/build/sip_coordinator/sip-coordinator/main.o
                0x000000000000b2d0                std::_Sp_counted_ptr_inplace<popl::Value<std::__cxx11::basic_string<char, std::char_traits<char>, std::allocator<char> > >, std::allocator<void>, (__gnu_cxx::_Lock_policy)2>::_M_get_deleter(std::type_info const&)
 *fill*         0x000000000000b317        0x9 
 .text._ZNSt23_Sp_counted_ptr_inplaceIN4popl5ValueIjEESaIvELN9__gnu_cxx12_Lock_policyE2EE14_M_get_deleterERKSt9type_info
                0x000000000000b320       0x47 /home/haron/Desktop/sip-example/build/sip_coordinator/sip-coordinator/main.o
                0x000000000000b320                std::_Sp_counted_ptr_inplace<popl::Value<unsigned int>, std::allocator<void>, (__gnu_cxx::_Lock_policy)2>::_M_get_deleter(std::type_info const&)
 *fill*         0x000000000000b367        0x9 
 .text._ZN7outpost9transport20FrameTransportSerialD0Ev
                0x000000000000b370      0x145 /home/haron/Desktop/sip-example/build/sip_coordinator/sip-coordinator/main.o
                0x000000000000b370                outpost::transport::FrameTransportSerial::~FrameTransportSerial()
                0x000000000000b3c0                non-virtual thunk to outpost::transport::FrameTransportSerial::~FrameTransportSerial()
                0x000000000000b410                non-virtual thunk to outpost::transport::FrameTransportSerial::~FrameTransportSerial()
                0x000000000000b460                virtual thunk to outpost::transport::FrameTransportSerial::~FrameTransportSerial()
 *fill*         0x000000000000b4b5        0xb 
 .text._ZNK4popl5ValueIcE11get_defaultERSo
                0x000000000000b4c0       0x76 /home/haron/Desktop/sip-example/build/sip_coordinator/sip-coordinator/main.o
                0x000000000000b4c0                popl::Value<char>::get_default(std::ostream&) const
 *fill*         0x000000000000b536        0xa 
 .text._ZN4popl27BashCompletionOptionPrinterD2Ev
                0x000000000000b540       0x31 /home/haron/Desktop/sip-example/build/sip_coordinator/sip-coordinator/main.o
                0x000000000000b540                popl::BashCompletionOptionPrinter::~BashCompletionOptionPrinter()
                0x000000000000b540                popl::BashCompletionOptionPrinter::~BashCompletionOptionPrinter()
 *fill*         0x000000000000b571        0xf 
 .text._ZN4popl14invalid_optionD2Ev
                0x000000000000b580       0x31 /home/haron/Desktop/sip-example/build/sip_coordinator/sip-coordinator/main.o
                0x000000000000b580                popl::invalid_option::~invalid_option()
                0x000000000000b580                popl::invalid_option::~invalid_option()
 *fill*         0x000000000000b5b1        0xf 
 .text._ZN4popl27BashCompletionOptionPrinterD0Ev
                0x000000000000b5c0       0x36 /home/haron/Desktop/sip-example/build/sip_coordinator/sip-coordinator/main.o
                0x000000000000b5c0                popl::BashCompletionOptionPrinter::~BashCompletionOptionPrinter()
 *fill*         0x000000000000b5f6        0xa 
 .text._ZN4popl14invalid_optionD0Ev
                0x000000000000b600       0x3e /home/haron/Desktop/sip-example/build/sip_coordinator/sip-coordinator/main.o
                0x000000000000b600                popl::invalid_option::~invalid_option()
 *fill*         0x000000000000b63e        0x2 
 .text._ZN4popl5ValueIjE5clearEv
                0x000000000000b640       0xd5 /home/haron/Desktop/sip-example/build/sip_coordinator/sip-coordinator/main.o
                0x000000000000b640                popl::Value<unsigned int>::clear()
 *fill*         0x000000000000b715        0xb 
 .text._ZN4popl5ValueIcE5clearEv
                0x000000000000b720       0xd5 /home/haron/Desktop/sip-example/build/sip_coordinator/sip-coordinator/main.o
                0x000000000000b720                popl::Value<char>::clear()
 *fill*         0x000000000000b7f5        0xb 
 .text._ZN4popl5ValueIcED2Ev
                0x000000000000b800       0x9a /home/haron/Desktop/sip-example/build/sip_coordinator/sip-coordinator/main.o
                0x000000000000b800                popl::Value<char>::~Value()
                0x000000000000b800                popl::Value<char>::~Value()
 *fill*         0x000000000000b89a        0x6 
 .text._ZN4popl5ValueIjED2Ev
                0x000000000000b8a0       0x9a /home/haron/Desktop/sip-example/build/sip_coordinator/sip-coordinator/main.o
                0x000000000000b8a0                popl::Value<unsigned int>::~Value()
                0x000000000000b8a0                popl::Value<unsigned int>::~Value()
 *fill*         0x000000000000b93a        0x6 
 .text._ZN4popl5ValueINSt7__cxx1112basic_stringIcSt11char_traitsIcESaIcEEEE5clearEv
                0x000000000000b940      0x116 /home/haron/Desktop/sip-example/build/sip_coordinator/sip-coordinator/main.o
                0x000000000000b940                popl::Value<std::__cxx11::basic_string<char, std::char_traits<char>, std::allocator<char> > >::clear()
 *fill*         0x000000000000ba56        0xa 
 .text._ZN4popl5ValueIcED0Ev
                0x000000000000ba60       0xa2 /home/haron/Desktop/sip-example/build/sip_coordinator/sip-coordinator/main.o
                0x000000000000ba60                popl::Value<char>::~Value()
 *fill*         0x000000000000bb02        0xe 
 .text._ZN4popl5ValueIbED2Ev
                0x000000000000bb10       0x9a /home/haron/Desktop/sip-example/build/sip_coordinator/sip-coordinator/main.o
                0x000000000000bb10                popl::Value<bool>::~Value()
                0x000000000000bb10                popl::Value<bool>::~Value()
 *fill*         0x000000000000bbaa        0x6 
 .text._ZN4popl5ValueIjED0Ev
                0x000000000000bbb0       0xa2 /home/haron/Desktop/sip-example/build/sip_coordinator/sip-coordinator/main.o
                0x000000000000bbb0                popl::Value<unsigned int>::~Value()
 *fill*         0x000000000000bc52        0xe 
 .text._ZN4popl6SwitchD2Ev
                0x000000000000bc60       0x9a /home/haron/Desktop/sip-example/build/sip_coordinator/sip-coordinator/main.o
                0x000000000000bc60                popl::Switch::~Switch()
                0x000000000000bc60                popl::Switch::~Switch()
 *fill*         0x000000000000bcfa        0x6 
 .text._ZN4popl5ValueIbED0Ev
                0x000000000000bd00       0xa2 /home/haron/Desktop/sip-example/build/sip_coordinator/sip-coordinator/main.o
                0x000000000000bd00                popl::Value<bool>::~Value()
 *fill*         0x000000000000bda2        0xe 
 .text._ZN4popl6SwitchD0Ev
                0x000000000000bdb0       0xa2 /home/haron/Desktop/sip-example/build/sip_coordinator/sip-coordinator/main.o
                0x000000000000bdb0                popl::Switch::~Switch()
 *fill*         0x000000000000be52        0xe 
 .text._ZN4popl5ValueIbE5clearEv
                0x000000000000be60      0x121 /home/haron/Desktop/sip-example/build/sip_coordinator/sip-coordinator/main.o
                0x000000000000be60                popl::Value<bool>::clear()
 *fill*         0x000000000000bf81        0xf 
 .text._ZN4popl5ValueINSt7__cxx1112basic_stringIcSt11char_traitsIcESaIcEEEED2Ev
                0x000000000000bf90      0x105 /home/haron/Desktop/sip-example/build/sip_coordinator/sip-coordinator/main.o
                0x000000000000bf90                popl::Value<std::__cxx11::basic_string<char, std::char_traits<char>, std::allocator<char> > >::~Value()
                0x000000000000bf90                popl::Value<std::__cxx11::basic_string<char, std::char_traits<char>, std::allocator<char> > >::~Value()
 *fill*         0x000000000000c095        0xb 
 .text._ZN4popl5ValueINSt7__cxx1112basic_stringIcSt11char_traitsIcESaIcEEEED0Ev
                0x000000000000c0a0      0x109 /home/haron/Desktop/sip-example/build/sip_coordinator/sip-coordinator/main.o
                0x000000000000c0a0                popl::Value<std::__cxx11::basic_string<char, std::char_traits<char>, std::allocator<char> > >::~Value()
 *fill*         0x000000000000c1a9        0x7 
 .text._ZN4popl6OptionC2ERKNSt7__cxx1112basic_stringIcSt11char_traitsIcESaIcEEES8_S6_
                0x000000000000c1b0      0x39b /home/haron/Desktop/sip-example/build/sip_coordinator/sip-coordinator/main.o
                0x000000000000c1b0                popl::Option::Option(std::__cxx11::basic_string<char, std::char_traits<char>, std::allocator<char> > const&, std::__cxx11::basic_string<char, std::char_traits<char>, std::allocator<char> > const&, std::__cxx11::basic_string<char, std::char_traits<char>, std::allocator<char> >)
                0x000000000000c1b0                popl::Option::Option(std::__cxx11::basic_string<char, std::char_traits<char>, std::allocator<char> > const&, std::__cxx11::basic_string<char, std::char_traits<char>, std::allocator<char> > const&, std::__cxx11::basic_string<char, std::char_traits<char>, std::allocator<char> >)
 *fill*         0x000000000000c54b        0x5 
 .text._ZNK4popl6Option4nameB5cxx11ENS_10OptionNameEb
                0x000000000000c550      0x1ed /home/haron/Desktop/sip-example/build/sip_coordinator/sip-coordinator/main.o
                0x000000000000c550                popl::Option::name[abi:cxx11](popl::OptionName, bool) const
 *fill*         0x000000000000c73d        0x3 
 .text._ZStplIcSt11char_traitsIcESaIcEENSt7__cxx1112basic_stringIT_T0_T1_EEPKS5_OS8_
                0x000000000000c740      0x108 /home/haron/Desktop/sip-example/build/sip_coordinator/sip-coordinator/main.o
                0x000000000000c740                std::__cxx11::basic_string<char, std::char_traits<char>, std::allocator<char> > std::operator+<char, std::char_traits<char>, std::allocator<char> >(char const*, std::__cxx11::basic_string<char, std::char_traits<char>, std::allocator<char> >&&)
 *fill*         0x000000000000c848        0x8 
 .text._ZNSt16_Sp_counted_baseILN9__gnu_cxx12_Lock_policyE2EE24_M_release_last_use_coldEv
                0x000000000000c850       0x44 /home/haron/Desktop/sip-example/build/sip_coordinator/sip-coordinator/main.o
                0x000000000000c850                std::_Sp_counted_base<(__gnu_cxx::_Lock_policy)2>::_M_release_last_use_cold()
 *fill*         0x000000000000c894        0xc 
 .text._ZNSt16_Sp_counted_baseILN9__gnu_cxx12_Lock_policyE2EE10_M_releaseEv
                0x000000000000c8a0       0x75 /home/haron/Desktop/sip-example/build/sip_coordinator/sip-coordinator/main.o
                0x000000000000c8a0                std::_Sp_counted_base<(__gnu_cxx::_Lock_policy)2>::_M_release()
 *fill*         0x000000000000c915        0xb 
 .text._ZN4popl12OptionParserD2Ev
                0x000000000000c920      0x1a9 /home/haron/Desktop/sip-example/build/sip_coordinator/sip-coordinator/main.o
                0x000000000000c920                popl::OptionParser::~OptionParser()
                0x000000000000c920                popl::OptionParser::~OptionParser()
 *fill*         0x000000000000cac9        0x7 
 .text._ZN4popl12OptionParserD0Ev
                0x000000000000cad0      0x1a1 /home/haron/Desktop/sip-example/build/sip_coordinator/sip-coordinator/main.o
                0x000000000000cad0                popl::OptionParser::~OptionParser()
 *fill*         0x000000000000cc71        0xf 
 .text._ZNSt6vectorINSt7__cxx1112basic_stringIcSt11char_traitsIcESaIcEEESaIS5_EED2Ev
                0x000000000000cc80       0x65 /home/haron/Desktop/sip-example/build/sip_coordinator/sip-coordinator/main.o
                0x000000000000cc80                std::vector<std::__cxx11::basic_string<char, std::char_traits<char>, std::allocator<char> >, std::allocator<std::__cxx11::basic_string<char, std::char_traits<char>, std::allocator<char> > > >::~vector()
                0x000000000000cc80                std::vector<std::__cxx11::basic_string<char, std::char_traits<char>, std::allocator<char> >, std::allocator<std::__cxx11::basic_string<char, std::char_traits<char>, std::allocator<char> > > >::~vector()
 *fill*         0x000000000000cce5        0xb 
 .text._ZNSt7__cxx1115basic_stringbufIcSt11char_traitsIcESaIcEED2Ev
                0x000000000000ccf0       0x3c /home/haron/Desktop/sip-example/build/sip_coordinator/sip-coordinator/main.o
                0x000000000000ccf0                std::__cxx11::basic_stringbuf<char, std::char_traits<char>, std::allocator<char> >::~basic_stringbuf()
                0x000000000000ccf0                std::__cxx11::basic_stringbuf<char, std::char_traits<char>, std::allocator<char> >::~basic_stringbuf()
 *fill*         0x000000000000cd2c        0x4 
 .text._ZNSt7__cxx1115basic_stringbufIcSt11char_traitsIcESaIcEED0Ev
                0x000000000000cd30       0x49 /home/haron/Desktop/sip-example/build/sip_coordinator/sip-coordinator/main.o
                0x000000000000cd30                std::__cxx11::basic_stringbuf<char, std::char_traits<char>, std::allocator<char> >::~basic_stringbuf()
 *fill*         0x000000000000cd79        0x7 
 .text._ZNK4popl27BashCompletionOptionPrinter5printB5cxx11ERKNS_9AttributeE
                0x000000000000cd80      0x67f /home/haron/Desktop/sip-example/build/sip_coordinator/sip-coordinator/main.o
                0x000000000000cd80                popl::BashCompletionOptionPrinter::print[abi:cxx11](popl::Attribute const&) const
 *fill*         0x000000000000d3ff        0x1 
 .text._ZNK4popl18GroffOptionPrinter5printB5cxx11ERKNS_9AttributeE
                0x000000000000d400     0x15e9 /home/haron/Desktop/sip-example/build/sip_coordinator/sip-coordinator/main.o
                0x000000000000d400                popl::GroffOptionPrinter::print[abi:cxx11](popl::Attribute const&) const
 *fill*         0x000000000000e9e9        0x7 
 .text._ZNK4popl20ConsoleOptionPrinter9to_stringB5cxx11ESt10shared_ptrINS_6OptionEE.isra.0
                0x000000000000e9f0      0xe4a /home/haron/Desktop/sip-example/build/sip_coordinator/sip-coordinator/main.o
 *fill*         0x000000000000f83a        0x6 
 .text._ZNK4popl5ValueINSt7__cxx1112basic_stringIcSt11char_traitsIcESaIcEEEE5valueEm
                0x000000000000f840      0x552 /home/haron/Desktop/sip-example/build/sip_coordinator/sip-coordinator/main.o
                0x000000000000f840                popl::Value<std::__cxx11::basic_string<char, std::char_traits<char>, std::allocator<char> > >::value(unsigned long) const
 *fill*         0x000000000000fd92        0xe 
 .text._ZNK4popl5ValueIjE5valueEm
                0x000000000000fda0      0x514 /home/haron/Desktop/sip-example/build/sip_coordinator/sip-coordinator/main.o
                0x000000000000fda0                popl::Value<unsigned int>::value(unsigned long) const
 *fill*         0x00000000000102b4        0xc 
 .text._ZNK4popl5ValueIcE5valueEm
                0x00000000000102c0      0x514 /home/haron/Desktop/sip-example/build/sip_coordinator/sip-coordinator/main.o
                0x00000000000102c0                popl::Value<char>::value(unsigned long) const
 *fill*         0x00000000000107d4        0xc 
 .text._ZNSt12_Vector_baseIhSaIhEED2Ev
                0x00000000000107e0       0x21 /home/haron/Desktop/sip-example/build/sip_coordinator/sip-coordinator/main.o
                0x00000000000107e0                std::_Vector_base<unsigned char, std::allocator<unsigned char> >::~_Vector_base()
                0x00000000000107e0                std::_Vector_base<unsigned char, std::allocator<unsigned char> >::~_Vector_base()
 *fill*         0x0000000000010801       0x3f 
 .text._ZNSt6vectorINSt7__cxx1112basic_stringIcSt11char_traitsIcESaIcEEESaIS5_EE17_M_realloc_appendIJRKS5_EEEvDpOT_
                0x0000000000010840      0x220 /home/haron/Desktop/sip-example/build/sip_coordinator/sip-coordinator/main.o
                0x0000000000010840                void std::vector<std::__cxx11::basic_string<char, std::char_traits<char>, std::allocator<char> >, std::allocator<std::__cxx11::basic_string<char, std::char_traits<char>, std::allocator<char> > > >::_M_realloc_append<std::__cxx11::basic_string<char, std::char_traits<char>, std::allocator<char> > const&>(std::__cxx11::basic_string<char, std::char_traits<char>, std::allocator<char> > const&)
 .text._ZNK4popl20ConsoleOptionPrinter5printB5cxx11ERKNS_9AttributeE
                0x0000000000010a60     0x126e /home/haron/Desktop/sip-example/build/sip_coordinator/sip-coordinator/main.o
                0x0000000000010a60                popl::ConsoleOptionPrinter::print[abi:cxx11](popl::Attribute const&) const
 *fill*         0x0000000000011cce        0x2 
 .text._ZN4popl5ValueINSt7__cxx1112basic_stringIcSt11char_traitsIcESaIcEEEE9add_valueERKS6_
                0x0000000000011cd0      0x108 /home/haron/Desktop/sip-example/build/sip_coordinator/sip-coordinator/main.o
                0x0000000000011cd0                popl::Value<std::__cxx11::basic_string<char, std::char_traits<char>, std::allocator<char> > >::add_value(std::__cxx11::basic_string<char, std::char_traits<char>, std::allocator<char> > const&)
 *fill*         0x0000000000011dd8        0x8 
 .text._ZN4popl5ValueINSt7__cxx1112basic_stringIcSt11char_traitsIcESaIcEEEE5parseENS_10OptionNameEPKc
                0x0000000000011de0      0x3c0 /home/haron/Desktop/sip-example/build/sip_coordinator/sip-coordinator/main.o
                0x0000000000011de0                popl::Value<std::__cxx11::basic_string<char, std::char_traits<char>, std::allocator<char> > >::parse(popl::OptionName, char const*)
 *fill*         0x00000000000121a0       0x20 
 .text._ZNSt6vectorINSt7__cxx1112basic_stringIcSt11char_traitsIcESaIcEEESaIS5_EE17_M_realloc_appendIJRKPKcEEEvDpOT_
                0x00000000000121c0      0x302 /home/haron/Desktop/sip-example/build/sip_coordinator/sip-coordinator/main.o
                0x00000000000121c0                void std::vector<std::__cxx11::basic_string<char, std::char_traits<char>, std::allocator<char> >, std::allocator<std::__cxx11::basic_string<char, std::char_traits<char>, std::allocator<char> > > >::_M_realloc_append<char const* const&>(char const* const&)
 *fill*         0x00000000000124c2       0x1e 
 .text._ZN4popl12OptionParser5parseEiPKPKc
                0x00000000000124e0     0x198f /home/haron/Desktop/sip-example/build/sip_coordinator/sip-coordinator/main.o
                0x00000000000124e0                popl::OptionParser::parse(int, char const* const*)
 *fill*         0x0000000000013e6f        0x1 
 .text._ZNSt6vectorIhSaIhEE17_M_realloc_appendIJRKhEEEvDpOT_
                0x0000000000013e70       0xda /home/haron/Desktop/sip-example/build/sip_coordinator/sip-coordinator/main.o
                0x0000000000013e70                void std::vector<unsigned char, std::allocator<unsigned char> >::_M_realloc_append<unsigned char const&>(unsigned char const&)
 *fill*         0x0000000000013f4a       0x36 
 .text._ZNSt6vectorIbSaIbEE13_M_insert_auxESt13_Bit_iteratorb
                0x0000000000013f80      0x3f8 /home/haron/Desktop/sip-example/build/sip_coordinator/sip-coordinator/main.o
                0x0000000000013f80                std::vector<bool, std::allocator<bool> >::_M_insert_aux(std::_Bit_iterator, bool)
 *fill*         0x0000000000014378        0x8 
 .text._ZN4popl5ValueIbE9add_valueERKb
                0x0000000000014380      0x1cd /home/haron/Desktop/sip-example/build/sip_coordinator/sip-coordinator/main.o