Archive member included to satisfy reference by file (symbol)

/home/haron/Desktop/sip-example/build/sip_worker/lib/liboutpost_sip.a(packet_transport_wrapper.o)
                              /home/haron/Desktop/sip-example/build/sip_worker/sip-worker/main.o (outpost::sip::PacketTransportRxWrapper::receive(outpost::Slice<unsigned char> const&, outpost::time::Duration))
/home/haron/Desktop/sip-example/build/sip_worker/lib/liboutpost_sip.a(worker.o)
                              /home/haron/Desktop/sip-example/build/sip_worker/sip-worker/main.o (outpost::sip::Worker::Worker(unsigned char, outpost::sip::PacketTransport&))
/home/haron/Desktop/sip-example/build/sip_worker/lib/liboutpost_sip.a(packet_writer.o)
                              /home/haron/Desktop/sip-example/build/sip_worker/lib/liboutpost_sip.a(worker.o) (outpost::sip::PacketWriter::PacketWriter(outpost::Slice<unsigned char>))
/home/haron/Desktop/sip-example/build/sip_worker/lib/liboutpost_sip.a(packet_reader.o)
                              /home/haron/Desktop/sip-example/build/sip_worker/lib/liboutpost_sip.a(packet_transport_wrapper.o) (outpost::sip::PacketReader::PacketReader(outpost::Slice<unsigned char const>))
/home/haron/Desktop/sip-example/build/sip_worker/lib/liboutpost_hal_posix.a(serial_port.o)
                              /home/haron/Desktop/sip-example/build/sip_worker/sip-worker/main.o (outpost::posix::SerialPort::SerialPort())
/home/haron/Desktop/sip-example/build/sip_worker/lib/liboutpost_transport.a(frame_transport_serial.o)
                              /home/haron/Desktop/sip-example/build/sip_worker/sip-worker/main.o (outpost::transport::FrameTransportTxSerial::transmit(outpost::Slice<unsigned char const> const&))
/home/haron/Desktop/sip-example/build/sip_worker/lib/liboutpost_transport.a(frame_encoder_hdlc.o)
                              /home/haron/Desktop/sip-example/build/sip_worker/sip-worker/main.o (outpost::transport::FrameEncoderHdlc::~FrameEncoderHdlc())
/home/haron/Desktop/sip-example/build/sip_worker/lib/liboutpost_transport.a(buffered_frame_decoder_hdlc.o)
                              /home/haron/Desktop/sip-example/build/sip_worker/sip-worker/main.o (outpost::transport::BufferedFrameDecoderHdlc::~BufferedFrameDecoderHdlc())
/home/haron/Desktop/sip-example/build/sip_worker/lib/liboutpost_coding.a(hdlc.o)
                              /home/haron/Desktop/sip-example/build/sip_worker/lib/liboutpost_transport.a(frame_encoder_hdlc.o) (outpost::coding::HdlcStuffing::encode(outpost::Slice<unsigned char const> const&, outpost::Slice<unsigned char>&))
/home/haron/Desktop/sip-example/build/sip_worker/lib/libserial.a(serial.o)
                              /home/haron/Desktop/sip-example/build/sip_worker/lib/liboutpost_hal_posix.a(serial_port.o) (serial::Serial::~Serial())
/home/haron/Desktop/sip-example/build/sip_worker/lib/libserial.a(unix.o)
                              /home/haron/Desktop/sip-example/build/sip_worker/lib/libserial.a(serial.o) (serial::Serial::SerialImpl::isOpen() const)
/home/haron/Desktop/sip-example/build/sip_worker/lib/liboutpost_rtos_posix_base.a(thread.o)
                              /home/haron/Desktop/sip-example/build/sip_worker/lib/liboutpost_transport.a(frame_transport_serial.o) (outpost::posix::Thread::sleep(outpost::time::Duration))
/home/haron/Desktop/sip-example/build/sip_worker/lib/liboutpost_rtos_posix_base.a(failure_handler.o)
                              /home/haron/Desktop/sip-example/build/sip_worker/lib/liboutpost_rtos_posix_base.a(thread.o) (outpost::rtos::FailureHandler::fatal(outpost::rtos::FailureCode))
/home/haron/Desktop/sip-example/build/sip_worker/lib/liboutpost_rtos_posix_base.a(clock.o)
                              /home/haron/Desktop/sip-example/build/sip_worker/sip-worker/main.o (outpost::posix::SystemClock::now() const)
/home/haron/Desktop/sip-example/build/sip_worker/lib/liboutpost_rtos_posix_base.a(mutex.o)
                              /home/haron/Desktop/sip-example/build/sip_worker/lib/liboutpost_transport.a(frame_transport_serial.o) (outpost::posix::Mutex::Mutex())
/home/haron/Desktop/sip-example/build/sip_worker/lib/liboutpost_rtos_posix_base.a(time.o)
                              /home/haron/Desktop/sip-example/build/sip_worker/lib/liboutpost_rtos_posix_base.a(clock.o) (outpost::rtos::getTime(int))
/home/haron/Desktop/sip-example/build/sip_worker/lib/liboutpost_hal.a(serial.o)
                              /home/haron/Desktop/sip-example/build/sip_worker/lib/liboutpost_hal_posix.a(serial_port.o) (outpost::hal::Serial::~Serial())

Merging program properties

Removed property 0xc0000002 to merge /usr/lib/gcc/x86_64-pc-linux-gnu/14.2.1/../../../../lib/Scrt1.o (0x3) and /home/haron/Desktop/sip-example/build/sip_worker/sip-worker/main.o (not found)
Updated property 0xc0010001 (0x9) to merge /usr/lib/gcc/x86_64-pc-linux-gnu/14.2.1/../../../../lib/Scrt1.o (0x1) and /home/haron/Desktop/sip-example/build/sip_worker/sip-worker/main.o (0x9)
[...]
Memory Configuration

Name             Origin             Length             Attributes
*default*        0x0000000000000000 0xffffffffffffffff

Linker script and memory map

LOAD /usr/lib/gcc/x86_64-pc-linux-gnu/14.2.1/../../../../lib/Scrt1.o
LOAD /usr/lib/gcc/x86_64-pc-linux-gnu/14.2.1/../../../../lib/crti.o
LOAD /usr/lib/gcc/x86_64-pc-linux-gnu/14.2.1/crtbeginS.o
LOAD /home/haron/Desktop/sip-example/build/sip_worker/sip-worker/main.o
LOAD /home/haron/Desktop/sip-example/build/sip_worker/sip-worker/worker_thread.o
LOAD /home/haron/Desktop/sip-example/build/sip_worker/lib/liboutpost_sip.a
LOAD /home/haron/Desktop/sip-example/build/sip_worker/lib/liboutpost_hal_posix.a
LOAD /home/haron/Desktop/sip-example/build/sip_worker/lib/liboutpost_coding.a
LOAD /home/haron/Desktop/sip-example/build/sip_worker/lib/liboutpost_utils.a
LOAD /home/haron/Desktop/sip-example/build/sip_worker/lib/liboutpost_transport.a
LOAD /home/haron/Desktop/sip-example/build/sip_worker/lib/liboutpost_coding.a
LOAD /home/haron/Desktop/sip-example/build/sip_worker/lib/libserial.a
LOAD /home/haron/Desktop/sip-example/build/sip_worker/lib/liboutpost_rtos.a
LOAD /home/haron/Desktop/sip-example/build/sip_worker/lib/liboutpost_rtos_posix_base.a
LOAD /home/haron/Desktop/sip-example/build/sip_worker/lib/liboutpost_hal.a
LOAD /home/haron/Desktop/sip-example/build/sip_worker/lib/liboutpost_utils.a
LOAD /usr/lib/gcc/x86_64-pc-linux-gnu/14.2.1/../../../../lib/libpthread.a
LOAD /usr/lib/gcc/x86_64-pc-linux-gnu/14.2.1/../../../../lib/libpthread.a
LOAD /usr/lib/gcc/x86_64-pc-linux-gnu/14.2.1/../../../../lib/librt.a
LOAD /home/haron/Desktop/sip-example/build/sip_worker/lib/liboutpost_base.a
LOAD /home/haron/Desktop/sip-example/build/sip_worker/lib/liboutpost_swb.a
LOAD /home/haron/Desktop/sip-example/build/sip_worker/lib/liboutpost_container.a
LOAD /usr/lib/gcc/x86_64-pc-linux-gnu/14.2.1/../../../../lib/libpthread.a
LOAD /home/haron/Desktop/sip-example/build/sip_worker/lib/liboutpost_rtos_posix_base.a
LOAD /home/haron/Desktop/sip-example/build/sip_worker/lib/liboutpost_rtos.a
LOAD /home/haron/Desktop/sip-example/build/sip_worker/lib/liboutpost_traits.a
LOAD /home/haron/Desktop/sip-example/build/sip_worker/lib/liboutpost_storage.a
LOAD /home/haron/Desktop/sip-example/build/sip_worker/lib/liboutpost_utils.a
LOAD /usr/lib/gcc/x86_64-pc-linux-gnu/14.2.1/../../../../lib/libpthread.a
LOAD /usr/lib/gcc/x86_64-pc-linux-gnu/14.2.1/../../../../lib/librt.a
LOAD /home/haron/Desktop/sip-example/build/sip_worker/lib/liboutpost_time.a
LOAD /home/haron/Desktop/sip-example/build/sip_worker/lib/liboutpost_rtos_posix_base.a
LOAD /usr/lib/gcc/x86_64-pc-linux-gnu/14.2.1/../../../../lib/libpthread.a
LOAD /home/haron/Desktop/sip-example/build/sip_worker/lib/liboutpost_base.a
LOAD /home/haron/Desktop/sip-example/build/sip_worker/lib/liboutpost_support.a
LOAD /home/haron/Desktop/sip-example/build/sip_worker/lib/liboutpost_smpc.a
LOAD /usr/lib/gcc/x86_64-pc-linux-gnu/14.2.1/../../../../lib/libpthread.a
LOAD /home/haron/Desktop/sip-example/build/sip_worker/lib/liboutpost_rtos_posix_base.a
LOAD /home/haron/Desktop/sip-example/build/sip_worker/lib/liboutpost_container.a
LOAD /home/haron/Desktop/sip-example/build/sip_worker/lib/liboutpost_rtos.a
LOAD /home/haron/Desktop/sip-example/build/sip_worker/lib/liboutpost_utils.a
LOAD /usr/lib/gcc/x86_64-pc-linux-gnu/14.2.1/../../../../lib/libstdc++.so
LOAD /usr/lib/gcc/x86_64-pc-linux-gnu/14.2.1/../../../../lib/libm.so
START GROUP
LOAD /usr/lib/libm.so.6
LOAD /usr/lib/libmvec.so.1
END GROUP
LOAD /usr/lib/gcc/x86_64-pc-linux-gnu/14.2.1/../../../../lib/libgcc_s.so
START GROUP
LOAD /usr/lib/gcc/x86_64-pc-linux-gnu/14.2.1/../../../../lib/libgcc_s.so.1
LOAD /usr/lib/gcc/x86_64-pc-linux-gnu/14.2.1/libgcc.a
END GROUP
LOAD /usr/lib/gcc/x86_64-pc-linux-gnu/14.2.1/libgcc.a
LOAD /usr/lib/gcc/x86_64-pc-linux-gnu/14.2.1/../../../../lib/libc.so
START GROUP
LOAD /usr/lib/libc.so.6
LOAD /usr/lib/libc_nonshared.a
LOAD /usr/lib/ld-linux-x86-64.so.2
END GROUP
LOAD /usr/lib/gcc/x86_64-pc-linux-gnu/14.2.1/../../../../lib/libgcc_s.so
START GROUP
LOAD /usr/lib/gcc/x86_64-pc-linux-gnu/14.2.1/../../../../lib/libgcc_s.so.1
LOAD /usr/lib/gcc/x86_64-pc-linux-gnu/14.2.1/libgcc.a
END GROUP
LOAD /usr/lib/gcc/x86_64-pc-linux-gnu/14.2.1/libgcc.a
LOAD /usr/lib/gcc/x86_64-pc-linux-gnu/14.2.1/crtendS.o
LOAD /usr/lib/gcc/x86_64-pc-linux-gnu/14.2.1/../../../../lib/crtn.o
                [!provide]                        PROVIDE (__executable_start = SEGMENT_START ("text-segment", 0x0))
                0x0000000000000318                . = (SEGMENT_START ("text-segment", 0x0) + SIZEOF_HEADERS)

.interp         0x0000000000000318       0x1c
 *(.interp)
 .interp        0x0000000000000318       0x1c /usr/lib/gcc/x86_64-pc-linux-gnu/14.2.1/../../../../lib/Scrt1.o

.note.gnu.property
                0x0000000000000338       0x40
 .note.gnu.property
                0x0000000000000338       0x40 /usr/lib/gcc/x86_64-pc-linux-gnu/14.2.1/../../../../lib/Scrt1.o

.note.gnu.build-id
                0x0000000000000378       0x24
 *(.note.gnu.build-id)
 .note.gnu.build-id
                0x0000000000000378       0x24 /usr/lib/gcc/x86_64-pc-linux-gnu/14.2.1/../../../../lib/Scrt1.o

.note.ABI-tag   0x000000000000039c       0x20
 .note.ABI-tag  0x000000000000039c       0x20 /usr/lib/gcc/x86_64-pc-linux-gnu/14.2.1/../../../../lib/Scrt1.o

.hash
 *(.hash)

.gnu.hash       0x00000000000003c0       0x68
 *(.gnu.hash)
 .gnu.hash      0x00000000000003c0       0x68 /usr/lib/gcc/x86_64-pc-linux-gnu/14.2.1/../../../../lib/Scrt1.o

.dynsym         0x0000000000000428      0xc60
 *(.dynsym)
 .dynsym        0x0000000000000428      0xc60 /usr/lib/gcc/x86_64-pc-linux-gnu/14.2.1/../../../../lib/Scrt1.o

.dynstr         0x0000000000001088     0x1077
 *(.dynstr)
 .dynstr        0x0000000000001088     0x1077 /usr/lib/gcc/x86_64-pc-linux-gnu/14.2.1/../../../../lib/Scrt1.o

.gnu.version    0x0000000000002100      0x108
 *(.gnu.version)
 .gnu.version   0x0000000000002100      0x108 /usr/lib/gcc/x86_64-pc-linux-gnu/14.2.1/../../../../lib/Scrt1.o

.gnu.version_d  0x0000000000002208        0x0
 *(.gnu.version_d)
 .gnu.version_d
                0x0000000000002208        0x0 /usr/lib/gcc/x86_64-pc-linux-gnu/14.2.1/../../../../lib/Scrt1.o

.gnu.version_r  0x0000000000002208      0x130
 *(.gnu.version_r)
 .gnu.version_r
                0x0000000000002208      0x130 /usr/lib/gcc/x86_64-pc-linux-gnu/14.2.1/../../../../lib/Scrt1.o

.rela.dyn       0x0000000000002338     0x26b8
 *(.rela.init)
 *(.rela.text .rela.text.* .rela.gnu.linkonce.t.*)
 .rela.text._ZN7outpost9transport20FrameTransportSerialD1Ev
                0x0000000000002338        0x0 /usr/lib/gcc/x86_64-pc-linux-gnu/14.2.1/../../../../lib/Scrt1.o
 .rela.text._ZNSt23_Sp_counted_ptr_inplaceIN4popl5ValueIcEESaIvELN9__gnu_cxx12_Lock_policyE2EE14_M_get_deleterERKSt9type_info
                0x0000000000002338        0x0 /usr/lib/gcc/x86_64-pc-linux-gnu/14.2.1/../../../../lib/Scrt1.o
 .rela.text._ZN4popl5ValueIcE16update_referenceEv
                0x0000000000002338        0x0 /usr/lib/gcc/x86_64-pc-linux-gnu/14.2.1/../../../../lib/Scrt1.o
 .rela.text._ZN4popl5ValueIjE16update_referenceEv
                0x0000000000002338        0x0 /usr/lib/gcc/x86_64-pc-linux-gnu/14.2.1/../../../../lib/Scrt1.o
 .rela.text._ZN4popl5ValueINSt7__cxx1112basic_stringIcSt11char_traitsIcESaIcEEEE16update_referenceEv
                0x0000000000002338        0x0 /usr/lib/gcc/x86_64-pc-linux-gnu/14.2.1/../../../../lib/Scrt1.o
 .rela.text._ZN4popl5ValueIbE16update_referenceEv
                0x0000000000002338        0x0 /usr/lib/gcc/x86_64-pc-linux-gnu/14.2.1/../../../../lib/Scrt1.o
 .rela.text._ZNSt23_Sp_counted_ptr_inplaceIN4popl6SwitchESaIvELN9__gnu_cxx12_Lock_policyE2EE14_M_get_deleterERKSt9type_info
                0x0000000000002338        0x0 /usr/lib/gcc/x86_64-pc-linux-gnu/14.2.1/../../../../lib/Scrt1.o
 .rela.text._ZNSt23_Sp_counted_ptr_inplaceIN4popl5ValueINSt7__cxx1112basic_stringIcSt11char_traitsIcESaIcEEEEESaIvELN9__gnu_cxx12_Lock_policyE2EE14_M_get_deleterERKSt9type_info
                0x0000000000002338        0x0 /usr/lib/gcc/x86_64-pc-linux-gnu/14.2.1/../../../../lib/Scrt1.o
 .rela.text._ZNSt23_Sp_counted_ptr_inplaceIN4popl5ValueIjEESaIvELN9__gnu_cxx12_Lock_policyE2EE14_M_get_deleterERKSt9type_info
                0x0000000000002338        0x0 /usr/lib/gcc/x86_64-pc-linux-gnu/14.2.1/../../../../lib/Scrt1.o
 .rela.text._ZN7outpost9transport20FrameTransportSerialD0Ev
                0x0000000000002338        0x0 /usr/lib/gcc/x86_64-pc-linux-gnu/14.2.1/../../../../lib/Scrt1.o
 .rela.text._ZN4popl27BashCompletionOptionPrinterD2Ev
                0x0000000000002338        0x0 /usr/lib/gcc/x86_64-pc-linux-gnu/14.2.1/../../../../lib/Scrt1.o
 .rela.text._ZN4popl14invalid_optionD2Ev
                0x0000000000002338        0x0 /usr/lib/gcc/x86_64-pc-linux-gnu/14.2.1/../../../../lib/Scrt1.o
 .rela.text._ZN4popl27BashCompletionOptionPrinterD0Ev
                0x0000000000002338        0x0 /usr/lib/gcc/x86_64-pc-linux-gnu/14.2.1/../../../../lib/Scrt1.o
 .rela.text._ZN4popl14invalid_optionD0Ev
                0x0000000000002338        0x0 /usr/lib/gcc/x86_64-pc-linux-gnu/14.2.1/../../../../lib/Scrt1.o
 .rela.text._ZN4popl5ValueIjE5clearEv
                0x0000000000002338        0x0 /usr/lib/gcc/x86_64-pc-linux-gnu/14.2.1/../../../../lib/Scrt1.o
 .rela.text._ZN4popl5ValueIcE5clearEv
                0x0000000000002338        0x0 /usr/lib/gcc/x86_64-pc-linux-gnu/14.2.1/../../../../lib/Scrt1.o
 .rela.text._ZN4popl5ValueIcED2Ev
                0x0000000000002338        0x0 /usr/lib/gcc/x86_64-pc-linux-gnu/14.2.1/../../../../lib/Scrt1.o
 .rela.text._ZN4popl5ValueIjED2Ev
                0x0000000000002338        0x0 /usr/lib/gcc/x86_64-pc-linux-gnu/14.2.1/../../../../lib/Scrt1.o
 .rela.text._ZN4popl5ValueINSt7__cxx1112basic_stringIcSt11char_traitsIcESaIcEEEE5clearEv
                0x0000000000002338        0x0 /usr/lib/gcc/x86_64-pc-linux-gnu/14.2.1/../../../../lib/Scrt1.o
 .rela.text._ZN4popl5ValueIcED0Ev
                0x0000000000002338        0x0 /usr/lib/gcc/x86_64-pc-linux-gnu/14.2.1/../../../../lib/Scrt1.o
 .rela.text._ZN4popl5ValueIbED2Ev
                0x0000000000002338        0x0 /usr/lib/gcc/x86_64-pc-linux-gnu/14.2.1/../../../../lib/Scrt1.o
 .rela.text._ZN4popl5ValueIjED0Ev
                0x0000000000002338        0x0 /usr/lib/gcc/x86_64-pc-linux-gnu/14.2.1/../../../../lib/Scrt1.o
 .rela.text._ZN4popl6SwitchD2Ev
                0x0000000000002338        0x0 /usr/lib/gcc/x86_64-pc-linux-gnu/14.2.1/../../../../lib/Scrt1.o
 .rela.text._ZN4popl5ValueIbED0Ev
                0x0000000000002338        0x0 /usr/lib/gcc/x86_64-pc-linux-gnu/14.2.1/../../../../lib/Scrt1.o
 .rela.text._ZN4popl6SwitchD0Ev
                0x0000000000002338        0x0 /usr/lib/gcc/x86_64-pc-linux-gnu/14.2.1/../../../../lib/Scrt1.o
 .rela.text._ZN4popl5ValueIbE5clearEv
                0x0000000000002338        0x0 /usr/lib/gcc/x86_64-pc-linux-gnu/14.2.1/../../../../lib/Scrt1.o
 .rela.text._ZN4popl5ValueINSt7__cxx1112basic_stringIcSt11char_traitsIcESaIcEEEED2Ev
                0x0000000000002338        0x0 /usr/lib/gcc/x86_64-pc-linux-gnu/14.2.1/../../../../lib/Scrt1.o
 .rela.text._ZN4popl5ValueINSt7__cxx1112basic_stringIcSt11char_traitsIcESaIcEEEED0Ev
                0x0000000000002338        0x0 /usr/lib/gcc/x86_64-pc-linux-gnu/14.2.1/../../../../lib/Scrt1.o
 .rela.text._ZN4popl6OptionC2ERKNSt7__cxx1112basic_stringIcSt11char_traitsIcESaIcEEES8_S6_
                0x0000000000002338        0x0 /usr/lib/gcc/x86_64-pc-linux-gnu/14.2.1/../../../../lib/Scrt1.o
 .rela.text._ZNSt16_Sp_counted_baseILN9__gnu_cxx12_Lock_policyE2EE24_M_release_last_use_coldEv
                0x0000000000002338        0x0 /usr/lib/gcc/x86_64-pc-linux-gnu/14.2.1/../../../../lib/Scrt1.o
 .rela.text._ZNSt16_Sp_counted_baseILN9__gnu_cxx12_Lock_policyE2EE10_M_releaseEv
                0x0000000000002338        0x0 /usr/lib/gcc/x86_64-pc-linux-gnu/14.2.1/../../../../lib/Scrt1.o
 .rela.text._ZN4popl12OptionParserD2Ev
                0x0000000000002338        0x0 /usr/lib/gcc/x86_64-pc-linux-gnu/14.2.1/../../../../lib/Scrt1.o
 .rela.text._ZN4popl12OptionParserD0Ev
                0x0000000000002338        0x0 /usr/lib/gcc/x86_64-pc-linux-gnu/14.2.1/../../../../lib/Scrt1.o
 .rela.text._ZNSt7__cxx1115basic_stringbufIcSt11char_traitsIcESaIcEED2Ev
                0x0000000000002338        0x0 /usr/lib/gcc/x86_64-pc-linux-gnu/14.2.1/../../../../lib/Scrt1.o
 .rela.text._ZNSt7__cxx1115basic_stringbufIcSt11char_traitsIcESaIcEED0Ev
                0x0000000000002338        0x0 /usr/lib/gcc/x86_64-pc-linux-gnu/14.2.1/../../../../lib/Scrt1.o
 .rela.text._ZNK4popl27BashCompletionOptionPrinter5printB5cxx11ERKNS_9AttributeE
                0x0000000000002338        0x0 /usr/lib/gcc/x86_64-pc-linux-gnu/14.2.1/../../../../lib/Scrt1.o
 .rela.text._ZNK4popl18GroffOptionPrinter5printB5cxx11ERKNS_9AttributeE
                0x0000000000002338        0x0 /usr/lib/gcc/x86_64-pc-linux-gnu/14.2.1/../../../../lib/Scrt1.o
 .rela.text._ZNK4popl20ConsoleOptionPrinter9to_stringB5cxx11ESt10shared_ptrINS_6OptionEE.isra.0
                0x0000000000002338        0x0 /usr/lib/gcc/x86_64-pc-linux-gnu/14.2.1/../../../../lib/Scrt1.o
 .rela.text._ZNK4popl5ValueINSt7__cxx1112basic_stringIcSt11char_traitsIcESaIcEEEE5valueEm
                0x0000000000002338        0x0 /usr/lib/gcc/x86_64-pc-linux-gnu/14.2.1/../../../../lib/Scrt1.o
 .rela.text._ZNK4popl5ValueIjE5valueEm
                0x0000000000002338        0x0 /usr/lib/gcc/x86_64-pc-linux-gnu/14.2.1/../../../../lib/Scrt1.o
 .rela.text._ZNK4popl5ValueIcE5valueEm
                0x0000000000002338        0x0 /usr/lib/gcc/x86_64-pc-linux-gnu/14.2.1/../../../../lib/Scrt1.o
 .rela.text._ZNK4popl20ConsoleOptionPrinter5printB5cxx11ERKNS_9AttributeE
                0x0000000000002338        0x0 /usr/lib/gcc/x86_64-pc-linux-gnu/14.2.1/../../../../lib/Scrt1.o
 .rela.text._ZN4popl5ValueINSt7__cxx1112basic_stringIcSt11char_traitsIcESaIcEEEE9add_valueERKS6_
                0x0000000000002338        0x0 /usr/lib/gcc/x86_64-pc-linux-gnu/14.2.1/../../../../lib/Scrt1.o
 .rela.text._ZN4popl5ValueINSt7__cxx1112basic_stringIcSt11char_traitsIcESaIcEEEE5parseENS_10OptionNameEPKc
                0x0000000000002338        0x0 /usr/lib/gcc/x86_64-pc-linux-gnu/14.2.1/../../../../lib/Scrt1.o
 .rela.text._ZN4popl12OptionParser5parseEiPKPKc
                0x0000000000002338        0x0 /usr/lib/gcc/x86_64-pc-linux-gnu/14.2.1/../../../../lib/Scrt1.o
 .rela.text._ZN4popl5ValueIbE9add_valueERKb
                0x0000000000002338        0x0 /usr/lib/gcc/x86_64-pc-linux-gnu/14.2.1/../../../../lib/Scrt1.o
 .rela.text._ZN4popl6Switch5parseENS_10OptionNameEPKc
                0x0000000000002338        0x0 /usr/lib/gcc/x86_64-pc-linux-gnu/14.2.1/../../../../lib/Scrt1.o
 .rela.text._ZN4popl5ValueIbE5parseENS_10OptionNameEPKc
                0x0000000000002338        0x0 /usr/lib/gcc/x86_64-pc-linux-gnu/14.2.1/../../../../lib/Scrt1.o
 .rela.text._ZN4popl12OptionParser3addINS_6SwitchELNS_9AttributeE3EJRA2_KcRA5_S4_RA21_S4_EEESt10shared_ptrIT_EDpOT1_
                0x0000000000002338        0x0 /usr/lib/gcc/x86_64-pc-linux-gnu/14.2.1/../../../../lib/Scrt1.o
 .rela.text._ZN4popl12OptionParser3addINS_5ValueIcEELNS_9AttributeE3EJRA2_KcRA7_S5_RA23_S5_cEEESt10shared_ptrIT_EDpOT1_
                0x0000000000002338        0x0 /usr/lib/gcc/x86_64-pc-linux-gnu/14.2.1/../../../../lib/Scrt1.o
 .rela.text._ZN4popl12OptionParser3addINS_5ValueIjEELNS_9AttributeE3EJRA2_KcRA5_S5_RA25_S5_iEEESt10shared_ptrIT_EDpOT1_
                0x0000000000002338        0x0 /usr/lib/gcc/x86_64-pc-linux-gnu/14.2.1/../../../../lib/Scrt1.o
 .rela.text._ZSt10_ConstructIN4popl5ValueINSt7__cxx1112basic_stringIcSt11char_traitsIcESaIcEEEEEJRA2_KcRA5_S9_RA27_S9_RA11_S9_EEvPT_DpOT0_
                0x0000000000002338        0x0 /usr/lib/gcc/x86_64-pc-linux-gnu/14.2.1/../../../../lib/Scrt1.o
 .rela.text._ZN4popl12OptionParser3addINS_5ValueINSt7__cxx1112basic_stringIcSt11char_traitsIcESaIcEEEEELNS_9AttributeE3EJRA2_KcRA5_SB_RA27_SB_RA11_SB_EEESt10shared_ptrIT_EDpOT1_
                0x0000000000002338        0x0 /usr/lib/gcc/x86_64-pc-linux-gnu/14.2.1/../../../../lib/Scrt1.o
 .rela.text.startup
                0x0000000000002338        0x0 /usr/lib/gcc/x86_64-pc-linux-gnu/14.2.1/../../../../lib/Scrt1.o
 .rela.text._ZN4popl5ValueIcE9add_valueERKc
                0x0000000000002338        0x0 /usr/lib/gcc/x86_64-pc-linux-gnu/14.2.1/../../../../lib/Scrt1.o
 .rela.text._ZN4popl5ValueIcE5parseENS_10OptionNameEPKc
                0x0000000000002338        0x0 /usr/lib/gcc/x86_64-pc-linux-gnu/14.2.1/../../../../lib/Scrt1.o
 .rela.text._ZN4popl5ValueIjE9add_valueERKj
                0x0000000000002338        0x0 /usr/lib/gcc/x86_64-pc-linux-gnu/14.2.1/../../../../lib/Scrt1.o
 .rela.text._ZN4popl5ValueIjE5parseENS_10OptionNameEPKc
                0x0000000000002338        0x0 /usr/lib/gcc/x86_64-pc-linux-gnu/14.2.1/../../../../lib/Scrt1.o
 .rela.text     0x0000000000002338        0x0 /usr/lib/gcc/x86_64-pc-linux-gnu/14.2.1/../../../../lib/Scrt1.o
 .rela.text._ZN6serial15SerialExceptionD2Ev
                0x0000000000002338        0x0 /usr/lib/gcc/x86_64-pc-linux-gnu/14.2.1/../../../../lib/Scrt1.o
 .rela.text._ZN6serial22PortNotOpenedExceptionD2Ev
                0x0000000000002338        0x0 /usr/lib/gcc/x86_64-pc-linux-gnu/14.2.1/../../../../lib/Scrt1.o
 .rela.text._ZN6serial15SerialExceptionD0Ev
                0x0000000000002338        0x0 /usr/lib/gcc/x86_64-pc-linux-gnu/14.2.1/../../../../lib/Scrt1.o
 .rela.text._ZN6serial22PortNotOpenedExceptionD0Ev
                0x0000000000002338        0x0 /usr/lib/gcc/x86_64-pc-linux-gnu/14.2.1/../../../../lib/Scrt1.o
 .rela.text._ZN6serial11IOExceptionD2Ev
                0x0000000000002338        0x0 /usr/lib/gcc/x86_64-pc-linux-gnu/14.2.1/../../../../lib/Scrt1.o
 .rela.text._ZN6serial11IOExceptionD0Ev
                0x0000000000002338        0x0 /usr/lib/gcc/x86_64-pc-linux-gnu/14.2.1/../../../../lib/Scrt1.o
 .rela.text._ZN6serial15SerialExceptionC2EPKc
                0x0000000000002338        0x0 /usr/lib/gcc/x86_64-pc-linux-gnu/14.2.1/../../../../lib/Scrt1.o
 .rela.text.unlikely
                0x0000000000002338        0x0 /usr/lib/gcc/x86_64-pc-linux-gnu/14.2.1/../../../../lib/Scrt1.o
 .rela.text._ZN6serial22PortNotOpenedExceptionC2EPKc
                0x0000000000002338        0x0 /usr/lib/gcc/x86_64-pc-linux-gnu/14.2.1/../../../../lib/Scrt1.o
 .rela.text._ZN6serial11IOExceptionC2ENSt7__cxx1112basic_stringIcSt11char_traitsIcESaIcEEEiPKc
                0x0000000000002338        0x0 /usr/lib/gcc/x86_64-pc-linux-gnu/14.2.1/../../../../lib/Scrt1.o
 .rela.text._ZN6serial11IOExceptionC2ENSt7__cxx1112basic_stringIcSt11char_traitsIcESaIcEEEii
                0x0000000000002338        0x0 /usr/lib/gcc/x86_64-pc-linux-gnu/14.2.1/../../../../lib/Scrt1.o
 *(.rela.fini)
 *(.rela.rodata .rela.rodata.* .rela.gnu.linkonce.r.*)
 *(.rela.data .rela.data.* .rela.gnu.linkonce.d.*)
 .rela.data.rel.ro
                0x0000000000002338      0x168 /usr/lib/gcc/x86_64-pc-linux-gnu/14.2.1/../../../../lib/Scrt1.o
 .rela.data.rel.local
                0x00000000000024a0       0x48 /usr/lib/gcc/x86_64-pc-linux-gnu/14.2.1/../../../../lib/Scrt1.o
 .rela.data.rel.ro._ZTISt11_Mutex_baseILN9__gnu_cxx12_Lock_policyE2EE
                0x00000000000024e8       0x30 /usr/lib/gcc/x86_64-pc-linux-gnu/14.2.1/../../../../lib/Scrt1.o
 .rela.data.rel.ro._ZTISt16_Sp_counted_baseILN9__gnu_cxx12_Lock_policyE2EE
                0x0000000000002518       0x48 /usr/lib/gcc/x86_64-pc-linux-gnu/14.2.1/../../../../lib/Scrt1.o
 .rela.data.rel.ro._ZTIN4popl6OptionE
                0x0000000000002560       0x30 /usr/lib/gcc/x86_64-pc-linux-gnu/14.2.1/../../../../lib/Scrt1.o
 .rela.data.rel.ro._ZTIN4popl5ValueIbEE
                0x0000000000002590       0x48 /usr/lib/gcc/x86_64-pc-linux-gnu/14.2.1/../../../../lib/Scrt1.o
 .rela.data.rel.ro._ZTIN4popl6SwitchE
                0x00000000000025d8       0x48 /usr/lib/gcc/x86_64-pc-linux-gnu/14.2.1/../../../../lib/Scrt1.o
 .rela.data.rel.ro._ZTIN4popl12OptionParserE
                0x0000000000002620       0x30 /usr/lib/gcc/x86_64-pc-linux-gnu/14.2.1/../../../../lib/Scrt1.o
 .rela.data.rel.ro._ZTIN4popl14invalid_optionE
                0x0000000000002650       0x48 /usr/lib/gcc/x86_64-pc-linux-gnu/14.2.1/../../../../lib/Scrt1.o
 .rela.data.rel.ro._ZTIN4popl13OptionPrinterE
                0x0000000000002698       0x30 /usr/lib/gcc/x86_64-pc-linux-gnu/14.2.1/../../../../lib/Scrt1.o
 .rela.data.rel.ro._ZTIN4popl20ConsoleOptionPrinterE
                0x00000000000026c8       0x48 /usr/lib/gcc/x86_64-pc-linux-gnu/14.2.1/../../../../lib/Scrt1.o
 .rela.data.rel.ro._ZTIN4popl18GroffOptionPrinterE
                0x0000000000002710       0x48 /usr/lib/gcc/x86_64-pc-linux-gnu/14.2.1/../../../../lib/Scrt1.o
 .rela.data.rel.ro._ZTIN4popl27BashCompletionOptionPrinterE
                0x0000000000002758       0x48 /usr/lib/gcc/x86_64-pc-linux-gnu/14.2.1/../../../../lib/Scrt1.o
 .rela.data.rel.ro._ZTIN4popl5ValueINSt7__cxx1112basic_stringIcSt11char_traitsIcESaIcEEEEE
                0x00000000000027a0       0x48 /usr/lib/gcc/x86_64-pc-linux-gnu/14.2.1/../../../../lib/Scrt1.o
 .rela.data.rel.ro._ZTIN7outpost9transport16FrameTransportTxE
                0x00000000000027e8       0x30 /usr/lib/gcc/x86_64-pc-linux-gnu/14.2.1/../../../../lib/Scrt1.o
 .rela.data.rel.ro._ZTIN7outpost9transport16FrameTransportRxE
                0x0000000000002818       0x30 /usr/lib/gcc/x86_64-pc-linux-gnu/14.2.1/../../../../lib/Scrt1.o
 .rela.data.rel.ro._ZTIN7outpost9transport14FrameTransportE
                0x0000000000002848       0x60 /usr/lib/gcc/x86_64-pc-linux-gnu/14.2.1/../../../../lib/Scrt1.o
 .rela.data.rel.ro._ZTIN7outpost9transport20FrameTransportSerialE
                0x00000000000028a8       0x78 /usr/lib/gcc/x86_64-pc-linux-gnu/14.2.1/../../../../lib/Scrt1.o
 .rela.data.rel.ro._ZTIN4popl5ValueIjEE
                0x0000000000002920       0x48 /usr/lib/gcc/x86_64-pc-linux-gnu/14.2.1/../../../../lib/Scrt1.o
 .rela.data.rel.ro._ZTIN4popl5ValueIcEE
                0x0000000000002968       0x48 /usr/lib/gcc/x86_64-pc-linux-gnu/14.2.1/../../../../lib/Scrt1.o
 .rela.data.rel.ro._ZTISt23_Sp_counted_ptr_inplaceIN4popl6SwitchESaIvELN9__gnu_cxx12_Lock_policyE2EE
                0x00000000000029b0       0x48 /usr/lib/gcc/x86_64-pc-linux-gnu/14.2.1/../../../../lib/Scrt1.o
 .rela.data.rel.ro._ZTISt23_Sp_counted_ptr_inplaceIN4popl5ValueINSt7__cxx1112basic_stringIcSt11char_traitsIcESaIcEEEEESaIvELN9__gnu_cxx12_Lock_policyE2EE
                0x00000000000029f8       0x48 /usr/lib/gcc/x86_64-pc-linux-gnu/14.2.1/../../../../lib/Scrt1.o
 .rela.data.rel.ro._ZTISt23_Sp_counted_ptr_inplaceIN4popl5ValueIjEESaIvELN9__gnu_cxx12_Lock_policyE2EE
                0x0000000000002a40       0x48 /usr/lib/gcc/x86_64-pc-linux-gnu/14.2.1/../../../../lib/Scrt1.o
 .rela.data.rel.ro._ZTISt23_Sp_counted_ptr_inplaceIN4popl5ValueIcEESaIvELN9__gnu_cxx12_Lock_policyE2EE
                0x0000000000002a88       0x48 /usr/lib/gcc/x86_64-pc-linux-gnu/14.2.1/../../../../lib/Scrt1.o
 .rela.data.rel.ro._ZTVN4popl6OptionE
                0x0000000000002ad0       0xa8 /usr/lib/gcc/x86_64-pc-linux-gnu/14.2.1/../../../../lib/Scrt1.o
 .rela.data.rel.ro.local._ZTVN4popl5ValueIbEE
                0x0000000000002b78      0x108 /usr/lib/gcc/x86_64-pc-linux-gnu/14.2.1/../../../../lib/Scrt1.o
 .rela.data.rel.ro.local._ZTVN4popl12OptionParserE
                0x0000000000002c80       0x48 /usr/lib/gcc/x86_64-pc-linux-gnu/14.2.1/../../../../lib/Scrt1.o
 .rela.data.rel.ro._ZTVN4popl14invalid_optionE
                0x0000000000002cc8       0x60 /usr/lib/gcc/x86_64-pc-linux-gnu/14.2.1/../../../../lib/Scrt1.o
 .rela.data.rel.ro.local._ZTVN4popl5ValueINSt7__cxx1112basic_stringIcSt11char_traitsIcESaIcEEEEE
                0x0000000000002d28      0x108 /usr/lib/gcc/x86_64-pc-linux-gnu/14.2.1/../../../../lib/Scrt1.o
 .rela.data.rel.ro.local._ZTVN4popl6SwitchE
                0x0000000000002e30      0x108 /usr/lib/gcc/x86_64-pc-linux-gnu/14.2.1/../../../../lib/Scrt1.o
 .rela.data.rel.ro.local._ZTVN4popl20ConsoleOptionPrinterE
                0x0000000000002f38       0x60 /usr/lib/gcc/x86_64-pc-linux-gnu/14.2.1/../../../../lib/Scrt1.o
 .rela.data.rel.ro.local._ZTVN4popl18GroffOptionPrinterE
                0x0000000000002f98       0x60 /usr/lib/gcc/x86_64-pc-linux-gnu/14.2.1/../../../../lib/Scrt1.o
 .rela.data.rel.ro.local._ZTVN4popl27BashCompletionOptionPrinterE
                0x0000000000002ff8       0x60 /usr/lib/gcc/x86_64-pc-linux-gnu/14.2.1/../../../../lib/Scrt1.o
 .rela.data.rel.ro._ZTCN7outpost9transport20FrameTransportSerialE136_NS0_14FrameTransportE
                0x0000000000003058       0x90 /usr/lib/gcc/x86_64-pc-linux-gnu/14.2.1/../../../../lib/Scrt1.o
 .rela.data.rel.ro._ZTCN7outpost9transport20FrameTransportSerialE80_NS0_22FrameTransportRxSerialE
                0x00000000000030e8       0x30 /usr/lib/gcc/x86_64-pc-linux-gnu/14.2.1/../../../../lib/Scrt1.o
 .rela.data.rel.ro._ZTCN7outpost9transport20FrameTransportSerialE0_NS0_22FrameTransportTxSerialE
                0x0000000000003118       0x30 /usr/lib/gcc/x86_64-pc-linux-gnu/14.2.1/../../../../lib/Scrt1.o
 .rela.data.rel.ro.local._ZTTN7outpost9transport20FrameTransportSerialE
                0x0000000000003148      0x120 /usr/lib/gcc/x86_64-pc-linux-gnu/14.2.1/../../../../lib/Scrt1.o
 .rela.data.rel.ro._ZTVN7outpost9transport20FrameTransportSerialE
                0x0000000000003268      0x108 /usr/lib/gcc/x86_64-pc-linux-gnu/14.2.1/../../../../lib/Scrt1.o
 .rela.data.rel.ro.local._ZTVN4popl5ValueIjEE
                0x0000000000003370      0x108 /usr/lib/gcc/x86_64-pc-linux-gnu/14.2.1/../../../../lib/Scrt1.o
 .rela.data.rel.ro.local._ZTVN4popl5ValueIcEE
                0x0000000000003478      0x108 /usr/lib/gcc/x86_64-pc-linux-gnu/14.2.1/../../../../lib/Scrt1.o
 .rela.data.rel.ro.local._ZTVSt23_Sp_counted_ptr_inplaceIN4popl6SwitchESaIvELN9__gnu_cxx12_Lock_policyE2EE
                0x0000000000003580       0x90 /usr/lib/gcc/x86_64-pc-linux-gnu/14.2.1/../../../../lib/Scrt1.o
 .rela.data.rel.ro.local._ZTVSt23_Sp_counted_ptr_inplaceIN4popl5ValueINSt7__cxx1112basic_stringIcSt11char_traitsIcESaIcEEEEESaIvELN9__gnu_cxx12_Lock_policyE2EE
                0x0000000000003610       0x90 /usr/lib/gcc/x86_64-pc-linux-gnu/14.2.1/../../../../lib/Scrt1.o
 .rela.data.rel.ro.local._ZTVSt23_Sp_counted_ptr_inplaceIN4popl5ValueIjEESaIvELN9__gnu_cxx12_Lock_policyE2EE
                0x00000000000036a0       0x90 /usr/lib/gcc/x86_64-pc-linux-gnu/14.2.1/../../../../lib/Scrt1.o
 .rela.data.rel.ro.local._ZTVSt23_Sp_counted_ptr_inplaceIN4popl5ValueIcEESaIvELN9__gnu_cxx12_Lock_policyE2EE
                0x0000000000003730       0x90 /usr/lib/gcc/x86_64-pc-linux-gnu/14.2.1/../../../../lib/Scrt1.o
 .rela.data.rel
                0x00000000000037c0       0x18 /usr/lib/gcc/x86_64-pc-linux-gnu/14.2.1/../../../../lib/Scrt1.o
 .rela.data.rel.local.DW.ref._ZTISt9exception
                0x00000000000037d8       0x18 /usr/lib/gcc/x86_64-pc-linux-gnu/14.2.1/../../../../lib/Scrt1.o
 .rela.data.rel.local.DW.ref.__gxx_personality_v0
                0x00000000000037f0       0x18 /usr/lib/gcc/x86_64-pc-linux-gnu/14.2.1/../../../../lib/Scrt1.o
 .rela.data.rel.ro._ZTIN7outpost3sip17PacketTransportTxE
                0x0000000000003808       0x30 /usr/lib/gcc/x86_64-pc-linux-gnu/14.2.1/../../../../lib/Scrt1.o
 .rela.data.rel.ro._ZTIN7outpost3sip17PacketTransportRxE
                0x0000000000003838       0x30 /usr/lib/gcc/x86_64-pc-linux-gnu/14.2.1/../../../../lib/Scrt1.o
 .rela.data.rel.ro._ZTIN7outpost3sip15PacketTransportE
                0x0000000000003868       0x60 /usr/lib/gcc/x86_64-pc-linux-gnu/14.2.1/../../../../lib/Scrt1.o
 .rela.data.rel.ro._ZTIN7outpost3sip24PacketTransportTxWrapperE
                0x00000000000038c8       0x48 /usr/lib/gcc/x86_64-pc-linux-gnu/14.2.1/../../../../lib/Scrt1.o
 .rela.data.rel.ro._ZTIN7outpost3sip24PacketTransportRxWrapperE
                0x0000000000003910       0x48 /usr/lib/gcc/x86_64-pc-linux-gnu/14.2.1/../../../../lib/Scrt1.o
 .rela.data.rel.ro._ZTIN7outpost3sip22PacketTransportWrapperE
                0x0000000000003958       0x78 /usr/lib/gcc/x86_64-pc-linux-gnu/14.2.1/../../../../lib/Scrt1.o
 .rela.data.rel.ro.local._ZTCN7outpost3sip22PacketTransportWrapperE24_NS0_24PacketTransportRxWrapperE
                0x00000000000039d0       0x30 /usr/lib/gcc/x86_64-pc-linux-gnu/14.2.1/../../../../lib/Scrt1.o
 .rela.data.rel.ro.local._ZTCN7outpost3sip22PacketTransportWrapperE8_NS0_24PacketTransportTxWrapperE
                0x0000000000003a00       0x60 /usr/lib/gcc/x86_64-pc-linux-gnu/14.2.1/../../../../lib/Scrt1.o
 .rela.data.rel.ro._ZTCN7outpost3sip22PacketTransportWrapperE0_NS0_15PacketTransportE
                0x0000000000003a60       0x60 /usr/lib/gcc/x86_64-pc-linux-gnu/14.2.1/../../../../lib/Scrt1.o
 .rela.data.rel.ro.local._ZTTN7outpost3sip22PacketTransportWrapperE
                0x0000000000003ac0      0x120 /usr/lib/gcc/x86_64-pc-linux-gnu/14.2.1/../../../../lib/Scrt1.o
 .rela.data.rel.ro.local._ZTVN7outpost3sip22PacketTransportWrapperE
                0x0000000000003be0      0x120 /usr/lib/gcc/x86_64-pc-linux-gnu/14.2.1/../../../../lib/Scrt1.o
 .rela.data.rel.ro.local._ZTTN7outpost3sip24PacketTransportTxWrapperE
                0x0000000000003d00       0x30 /usr/lib/gcc/x86_64-pc-linux-gnu/14.2.1/../../../../lib/Scrt1.o
 .rela.data.rel.ro.local._ZTVN7outpost3sip24PacketTransportTxWrapperE
                0x0000000000003d30       0x60 /usr/lib/gcc/x86_64-pc-linux-gnu/14.2.1/../../../../lib/Scrt1.o
 .rela.data.rel.ro.local._ZTTN7outpost3sip24PacketTransportRxWrapperE
                0x0000000000003d90       0x30 /usr/lib/gcc/x86_64-pc-linux-gnu/14.2.1/../../../../lib/Scrt1.o
 .rela.data.rel.ro.local._ZTVN7outpost3sip24PacketTransportRxWrapperE
                0x0000000000003dc0       0x60 /usr/lib/gcc/x86_64-pc-linux-gnu/14.2.1/../../../../lib/Scrt1.o
 .rela.data.rel.ro.local
                0x0000000000003e20       0x30 /usr/lib/gcc/x86_64-pc-linux-gnu/14.2.1/../../../../lib/Scrt1.o
 .rela.data.rel.ro._ZTIN6serial15SerialExceptionE
                0x0000000000003e50       0x48 /usr/lib/gcc/x86_64-pc-linux-gnu/14.2.1/../../../../lib/Scrt1.o
 .rela.data.rel.ro._ZTIN6serial11IOExceptionE
                0x0000000000003e98       0x48 /usr/lib/gcc/x86_64-pc-linux-gnu/14.2.1/../../../../lib/Scrt1.o
 .rela.data.rel.ro._ZTIN6serial22PortNotOpenedExceptionE
                0x0000000000003ee0       0x48 /usr/lib/gcc/x86_64-pc-linux-gnu/14.2.1/../../../../lib/Scrt1.o
 .rela.data.rel.ro._ZTIN7outpost3hal8SerialRxE
                0x0000000000003f28       0x30 /usr/lib/gcc/x86_64-pc-linux-gnu/14.2.1/../../../../lib/Scrt1.o
 .rela.data.rel.ro._ZTIN7outpost3hal8SerialTxE
                0x0000000000003f58       0x30 /usr/lib/gcc/x86_64-pc-linux-gnu/14.2.1/../../../../lib/Scrt1.o
 .rela.data.rel.ro._ZTIN7outpost3hal6SerialE
                0x0000000000003f88       0x60 /usr/lib/gcc/x86_64-pc-linux-gnu/14.2.1/../../../../lib/Scrt1.o
 .rela.data.rel.ro._ZTIN7outpost5posix10SerialPortE
                0x0000000000003fe8       0x48 /usr/lib/gcc/x86_64-pc-linux-gnu/14.2.1/../../../../lib/Scrt1.o
 .rela.data.rel.ro.local._ZTVN7outpost5posix10SerialPortE
                0x0000000000004030      0x168 /usr/lib/gcc/x86_64-pc-linux-gnu/14.2.1/../../../../lib/Scrt1.o
 .rela.data.rel.local.DW.ref._ZTIN6serial11IOExceptionE
                0x0000000000004198       0x18 /usr/lib/gcc/x86_64-pc-linux-gnu/14.2.1/../../../../lib/Scrt1.o
 .rela.data.rel.local.DW.ref._ZTIN6serial15SerialExceptionE
                0x00000000000041b0       0x18 /usr/lib/gcc/x86_64-pc-linux-gnu/14.2.1/../../../../lib/Scrt1.o
 .rela.data.rel.local.DW.ref._ZTIN6serial22PortNotOpenedExceptionE
                0x00000000000041c8       0x18 /usr/lib/gcc/x86_64-pc-linux-gnu/14.2.1/../../../../lib/Scrt1.o
 .rela.data.rel.ro._ZTIN7outpost9transport22FrameTransportTxSerialE
                0x00000000000041e0       0x48 /usr/lib/gcc/x86_64-pc-linux-gnu/14.2.1/../../../../lib/Scrt1.o
 .rela.data.rel.ro._ZTIN7outpost9transport22FrameTransportRxSerialE
                0x0000000000004228       0x48 /usr/lib/gcc/x86_64-pc-linux-gnu/14.2.1/../../../../lib/Scrt1.o
 .rela.data.rel.ro._ZTVN7outpost9transport16FrameTransportRxE
                0x0000000000004270       0x30 /usr/lib/gcc/x86_64-pc-linux-gnu/14.2.1/../../../../lib/Scrt1.o
 .rela.data.rel.ro.local._ZTTN7outpost9transport22FrameTransportTxSerialE
                0x00000000000042a0       0x30 /usr/lib/gcc/x86_64-pc-linux-gnu/14.2.1/../../../../lib/Scrt1.o
 .rela.data.rel.ro.local._ZTVN7outpost9transport22FrameTransportTxSerialE
                0x00000000000042d0       0x60 /usr/lib/gcc/x86_64-pc-linux-gnu/14.2.1/../../../../lib/Scrt1.o
 .rela.data.rel.ro.local._ZTTN7outpost9transport22FrameTransportRxSerialE
                0x0000000000004330       0x30 /usr/lib/gcc/x86_64-pc-linux-gnu/14.2.1/../../../../lib/Scrt1.o
 .rela.data.rel.ro.local._ZTVN7outpost9transport22FrameTransportRxSerialE
                0x0000000000004360       0x60 /usr/lib/gcc/x86_64-pc-linux-gnu/14.2.1/../../../../lib/Scrt1.o
 .rela.data.rel.ro._ZTIN7outpost9transport12FrameEncoderE
                0x00000000000043c0       0x30 /usr/lib/gcc/x86_64-pc-linux-gnu/14.2.1/../../../../lib/Scrt1.o
 .rela.data.rel.ro._ZTIN7outpost9transport16FrameEncoderHdlcE
                0x00000000000043f0       0x48 /usr/lib/gcc/x86_64-pc-linux-gnu/14.2.1/../../../../lib/Scrt1.o
 .rela.data.rel.ro.local._ZTVN7outpost9transport16FrameEncoderHdlcE
                0x0000000000004438       0x60 /usr/lib/gcc/x86_64-pc-linux-gnu/14.2.1/../../../../lib/Scrt1.o
 .rela.data.rel.ro._ZTIN7outpost9transport20BufferedFrameDecoderE
                0x0000000000004498       0x30 /usr/lib/gcc/x86_64-pc-linux-gnu/14.2.1/../../../../lib/Scrt1.o
 .rela.data.rel.ro._ZTIN7outpost9transport24BufferedFrameDecoderHdlcE
                0x00000000000044c8       0x48 /usr/lib/gcc/x86_64-pc-linux-gnu/14.2.1/../../../../lib/Scrt1.o
 .rela.data.rel.ro.local._ZTVN7outpost9transport24BufferedFrameDecoderHdlcE
                0x0000000000004510       0x78 /usr/lib/gcc/x86_64-pc-linux-gnu/14.2.1/../../../../lib/Scrt1.o
 .rela.data.rel.ro._ZTIN6serial6SerialE
                0x0000000000004588       0x30 /usr/lib/gcc/x86_64-pc-linux-gnu/14.2.1/../../../../lib/Scrt1.o
 .rela.data.rel.ro.local._ZTVN6serial6SerialE
                0x00000000000045b8       0x48 /usr/lib/gcc/x86_64-pc-linux-gnu/14.2.1/../../../../lib/Scrt1.o
 .rela.data.rel.ro._ZTIN6serial6Serial10SerialImplE
                0x0000000000004600       0x30 /usr/lib/gcc/x86_64-pc-linux-gnu/14.2.1/../../../../lib/Scrt1.o
 .rela.data.rel.ro.local._ZTVN6serial15SerialExceptionE
                0x0000000000004630       0x60 /usr/lib/gcc/x86_64-pc-linux-gnu/14.2.1/../../../../lib/Scrt1.o
 .rela.data.rel.ro.local._ZTVN6serial11IOExceptionE
                0x0000000000004690       0x60 /usr/lib/gcc/x86_64-pc-linux-gnu/14.2.1/../../../../lib/Scrt1.o
 .rela.data.rel.ro.local._ZTVN6serial22PortNotOpenedExceptionE
                0x00000000000046f0       0x60 /usr/lib/gcc/x86_64-pc-linux-gnu/14.2.1/../../../../lib/Scrt1.o
 .rela.data.rel.ro.local._ZTVN6serial6Serial10SerialImplE
                0x0000000000004750       0x48 /usr/lib/gcc/x86_64-pc-linux-gnu/14.2.1/../../../../lib/Scrt1.o
 .rela.data.rel.ro._ZTIN7outpost5posix6ThreadE
                0x0000000000004798       0x30 /usr/lib/gcc/x86_64-pc-linux-gnu/14.2.1/../../../../lib/Scrt1.o
 .rela.data.rel.ro._ZTVN7outpost5posix6ThreadE
                0x00000000000047c8       0x30 /usr/lib/gcc/x86_64-pc-linux-gnu/14.2.1/../../../../lib/Scrt1.o
 .rela.data.rel.ro._ZTIN7outpost4time5ClockE
                0x00000000000047f8       0x30 /usr/lib/gcc/x86_64-pc-linux-gnu/14.2.1/../../../../lib/Scrt1.o
 .rela.data.rel.ro._ZTIN7outpost5posix11SystemClockE
                0x0000000000004828       0x48 /usr/lib/gcc/x86_64-pc-linux-gnu/14.2.1/../../../../lib/Scrt1.o
 .rela.data.rel.ro.local._ZTVN7outpost5posix11SystemClockE
                0x0000000000004870       0x60 /usr/lib/gcc/x86_64-pc-linux-gnu/14.2.1/../../../../lib/Scrt1.o
 *(.rela.tdata .rela.tdata.* .rela.gnu.linkonce.td.*)
 *(.rela.tbss .rela.tbss.* .rela.gnu.linkonce.tb.*)
 *(.rela.ctors)
 *(.rela.dtors)
 *(.rela.got)
 .rela.got      0x00000000000048d0       0xa8 /usr/lib/gcc/x86_64-pc-linux-gnu/14.2.1/../../../../lib/Scrt1.o
 *(.rela.bss .rela.bss.* .rela.gnu.linkonce.b.*)
 .rela.bss      0x0000000000004978       0x30 /usr/lib/gcc/x86_64-pc-linux-gnu/14.2.1/../../../../lib/Scrt1.o
 *(.rela.ldata .rela.ldata.* .rela.gnu.linkonce.l.*)
 *(.rela.lbss .rela.lbss.* .rela.gnu.linkonce.lb.*)
 *(.rela.lrodata .rela.lrodata.* .rela.gnu.linkonce.lr.*)
 *(.rela.ifunc)
 .rela.ifunc    0x00000000000049a8        0x0 /usr/lib/gcc/x86_64-pc-linux-gnu/14.2.1/../../../../lib/Scrt1.o
 .rela.fini_array
                0x00000000000049a8       0x18 /usr/lib/gcc/x86_64-pc-linux-gnu/14.2.1/../../../../lib/Scrt1.o
 .rela.init_array
                0x00000000000049c0       0x30 /usr/lib/gcc/x86_64-pc-linux-gnu/14.2.1/../../../../lib/Scrt1.o
 .rela.gcc_except_table
                0x00000000000049f0        0x0 /usr/lib/gcc/x86_64-pc-linux-gnu/14.2.1/../../../../lib/Scrt1.o
 .rela.eh_frame
                0x00000000000049f0        0x0 /usr/lib/gcc/x86_64-pc-linux-gnu/14.2.1/../../../../lib/Scrt1.o

.rela.plt       0x00000000000049f0      0x978
 *(.rela.plt)
 .rela.plt      0x00000000000049f0      0x978 /usr/lib/gcc/x86_64-pc-linux-gnu/14.2.1/../../../../lib/Scrt1.o
 *(.rela.iplt)

.relr.dyn
 *(.relr.dyn)
                0x0000000000006000                . = ALIGN (CONSTANT (MAXPAGESIZE))

.init           0x0000000000006000       0x1b
 *(SORT_NONE(.init))
 .init          0x0000000000006000       0x16 /usr/lib/gcc/x86_64-pc-linux-gnu/14.2.1/../../../../lib/crti.o
                0x0000000000006000                _init
 .init          0x0000000000006016        0x5 /usr/lib/gcc/x86_64-pc-linux-gnu/14.2.1/../../../../lib/crtn.o

.plt            0x0000000000006020      0x660
 *(.plt)
 .plt           0x0000000000006020      0x660 /usr/lib/gcc/x86_64-pc-linux-gnu/14.2.1/../../../../lib/Scrt1.o
                0x0000000000006030                operator new[](unsigned long)@@GLIBCXX_3.4
                0x0000000000006040                std::ostream::put(char)@@GLIBCXX_3.4
                0x0000000000006050                __errno_location@@GLIBC_2.2.5
                0x0000000000006060                printf@@GLIBC_2.2.5
                0x0000000000006070                pthread_mutexattr_init@@GLIBC_2.34
                0x0000000000006080                syscall@@GLIBC_2.2.5
                0x0000000000006090                std::__cxx11::basic_string<char, std::char_traits<char>, std::allocator<char> >::append(char const*, unsigned long)@@GLIBCXX_3.4.21
                0x00000000000060a0                std::basic_iostream<char, std::char_traits<char> >::~basic_iostream()@@GLIBCXX_3.4
                0x00000000000060b0                std::ios_base::ios_base()@@GLIBCXX_3.4
                0x00000000000060c0                std::__cxx11::basic_string<char, std::char_traits<char>, std::allocator<char> >::resize(unsigned long, char)@@GLIBCXX_3.4.21
                0x00000000000060d0                std::__cxx11::basic_string<char, std::char_traits<char>, std::allocator<char> >::_M_append(char const*, unsigned long)@@GLIBCXX_3.4.21
                0x00000000000060e0                std::ios_base::~ios_base()@@GLIBCXX_3.4
                0x00000000000060f0                strerror@@GLIBC_2.2.5
                0x0000000000006100                write@@GLIBC_2.2.5
                0x0000000000006110                std::invalid_argument::~invalid_argument()@@GLIBCXX_3.4.15
                0x0000000000006120                std::istream::peek()@@GLIBCXX_3.4
                0x0000000000006130                __cxa_begin_catch@@CXXABI_1.3
                0x0000000000006140                std::__cxx11::basic_string<char, std::char_traits<char>, std::allocator<char> >::basic_string(std::__cxx11::basic_string<char, std::char_traits<char>, std::allocator<char> > const&)@@GLIBCXX_3.4.21
                0x0000000000006150                strlen@@GLIBC_2.2.5
                0x0000000000006160                memcmp@@GLIBC_2.2.5
                0x0000000000006170                std::__cxx11::basic_istringstream<char, std::char_traits<char>, std::allocator<char> >::~basic_istringstream()@@GLIBCXX_3.4.21
                0x0000000000006180                __cxa_allocate_exception@@CXXABI_1.3
                0x0000000000006190                std::__throw_length_error(char const*)@@GLIBCXX_3.4
                0x00000000000061a0                std::__cxx11::basic_string<char, std::char_traits<char>, std::allocator<char> >::_M_assign(std::__cxx11::basic_string<char, std::char_traits<char>, std::allocator<char> > const&)@@GLIBCXX_3.4.21
                0x00000000000061b0                std::__cxx11::basic_string<char, std::char_traits<char>, std::allocator<char> >::basic_string(std::__cxx11::basic_string<char, std::char_traits<char>, std::allocator<char> >&&)@@GLIBCXX_3.4.21
                0x00000000000061c0                cfsetispeed@@GLIBC_2.2.5
                0x00000000000061d0                std::ostream& std::ostream::_M_insert<unsigned long>(unsigned long)@@GLIBCXX_3.4.9
                0x00000000000061e0                std::ostream::flush()@@GLIBCXX_3.4
                0x00000000000061f0                std::__throw_logic_error(char const*)@@GLIBCXX_3.4
                0x0000000000006200                __cxa_free_exception@@CXXABI_1.3
                0x0000000000006210                open@@GLIBC_2.2.5
                0x0000000000006220                std::__cxx11::basic_stringstream<char, std::char_traits<char>, std::allocator<char> >::~basic_stringstream()@@GLIBCXX_3.4.21
                0x0000000000006230                pthread_mutex_unlock@@GLIBC_2.2.5
                0x0000000000006240                memcpy@@GLIBC_2.14
                0x0000000000006250                __cxa_atexit@@GLIBC_2.2.5
                0x0000000000006260                pthread_join@@GLIBC_2.34
                0x0000000000006270                clock_gettime@@GLIBC_2.17
                0x0000000000006280                operator new(unsigned long)@@GLIBCXX_3.4
                0x0000000000006290                operator delete(void*, unsigned long)@@CXXABI_1.3.9
                0x00000000000062a0                tcsendbreak@@GLIBC_2.2.5
                0x00000000000062b0                pselect@@GLIBC_2.2.5
                0x00000000000062c0                cfsetospeed@@GLIBC_2.2.5
                0x00000000000062d0                __stack_chk_fail@@GLIBC_2.4
                0x00000000000062e0                tcgetattr@@GLIBC_2.2.5
                0x00000000000062f0                std::invalid_argument::invalid_argument(char const*)@@GLIBCXX_3.4.21
                0x0000000000006300                std::basic_ostream<char, std::char_traits<char> >& std::__ostream_insert<char, std::char_traits<char> >(std::basic_ostream<char, std::char_traits<char> >&, char const*, long)@@GLIBCXX_3.4.9
                0x0000000000006310                std::ctype<char>::_M_widen_init() const@@GLIBCXX_3.4.11
                0x0000000000006320                std::__cxx11::basic_string<char, std::char_traits<char>, std::allocator<char> >::_M_construct(unsigned long, char)@@GLIBCXX_3.4.21
                0x0000000000006330                pthread_setname_np@@GLIBC_2.34
                0x0000000000006340                pthread_mutex_destroy@@GLIBC_2.2.5
                0x0000000000006350                exit@@GLIBC_2.2.5
                0x0000000000006360                pthread_attr_init@@GLIBC_2.2.5
                0x0000000000006370                std::__cxx11::basic_string<char, std::char_traits<char>, std::allocator<char> >::_M_dispose()@@GLIBCXX_3.4.21
                0x0000000000006380                std::__throw_bad_cast()@@GLIBCXX_3.4
                0x0000000000006390                tcsetattr@@GLIBC_2.2.5
                0x00000000000063a0                operator delete[](void*)@@GLIBCXX_3.4
                0x00000000000063b0                std::__cxx11::basic_stringbuf<char, std::char_traits<char>, std::allocator<char> >::_M_sync(char*, unsigned long, unsigned long)@@GLIBCXX_3.4.21
                0x00000000000063c0                std::__cxx11::basic_string<char, std::char_traits<char>, std::allocator<char> >::find(char, unsigned long) const@@GLIBCXX_3.4.21
                0x00000000000063d0                std::basic_istream<char, std::char_traits<char> >& std::operator>><char, std::char_traits<char> >(std::basic_istream<char, std::char_traits<char> >&, char&)@@GLIBCXX_3.4
                0x00000000000063e0                std::basic_ios<char, std::char_traits<char> >::init(std::basic_streambuf<char, std::char_traits<char> >*)@@GLIBCXX_3.4
                0x00000000000063f0                putchar@@GLIBC_2.2.5
                0x0000000000006400                pthread_cancel@@GLIBC_2.34
                0x0000000000006410                strcmp@@GLIBC_2.2.5
                0x0000000000006420                ioctl@@GLIBC_2.2.5
                0x0000000000006430                std::locale::~locale()@@GLIBCXX_3.4
                0x0000000000006440                read@@GLIBC_2.2.5
                0x0000000000006450                sched_yield@@GLIBC_2.2.5
                0x0000000000006460                pthread_mutex_lock@@GLIBC_2.2.5
                0x0000000000006470                pthread_mutexattr_settype@@GLIBC_2.34
                0x0000000000006480                pthread_mutexattr_destroy@@GLIBC_2.34
                0x0000000000006490                pthread_mutex_init@@GLIBC_2.2.5
                0x00000000000064a0                std::__throw_out_of_range_fmt(char const*, ...)@@GLIBCXX_3.4.20
                0x00000000000064b0                tcflush@@GLIBC_2.2.5
                0x00000000000064c0                std::out_of_range::out_of_range(std::__cxx11::basic_string<char, std::char_traits<char>, std::allocator<char> > const&)@@GLIBCXX_3.4.21
                0x00000000000064d0                puts@@GLIBC_2.2.5
                0x00000000000064e0                std::__cxx11::basic_string<char, std::char_traits<char>, std::allocator<char> >::_M_replace(unsigned long, unsigned long, char const*, unsigned long)@@GLIBCXX_3.4.21
                0x00000000000064f0                std::__cxx11::basic_string<char, std::char_traits<char>, std::allocator<char> >::reserve(unsigned long)@@GLIBCXX_3.4.21
                0x0000000000006500                std::__cxx11::basic_stringbuf<char, std::char_traits<char>, std::allocator<char> >::str() const@@GLIBCXX_3.4.21
                0x0000000000006510                memmove@@GLIBC_2.2.5
                0x0000000000006520                __cxa_end_catch@@CXXABI_1.3
                0x0000000000006530                std::ostream& std::ostream::_M_insert<bool>(bool)@@GLIBCXX_3.4.9
                0x0000000000006540                pthread_attr_destroy@@GLIBC_2.2.5
                0x0000000000006550                std::basic_ios<char, std::char_traits<char> >::clear(std::_Ios_Iostate)@@GLIBCXX_3.4
                0x0000000000006560                __cxa_throw@@CXXABI_1.3
                0x0000000000006570                std::ostream::operator<<(int)@@GLIBCXX_3.4
                0x0000000000006580                std::invalid_argument::invalid_argument(std::__cxx11::basic_string<char, std::char_traits<char>, std::allocator<char> > const&)@@GLIBCXX_3.4.21
                0x0000000000006590                std::__cxx11::basic_string<char, std::char_traits<char>, std::allocator<char> >::find(char const*, unsigned long, unsigned long) const@@GLIBCXX_3.4.21
                0x00000000000065a0                std::istream& std::istream::_M_extract<unsigned int>(unsigned int&)@@GLIBCXX_3.4.9
                0x00000000000065b0                _Unwind_Resume@@GCC_3.0
                0x00000000000065c0                pthread_exit@@GLIBC_2.2.5
                0x00000000000065d0                std::__cxx11::basic_string<char, std::char_traits<char>, std::allocator<char> >::_M_create(unsigned long&, unsigned long)@@GLIBCXX_3.4.21
                0x00000000000065e0                tcdrain@@GLIBC_2.2.5
                0x00000000000065f0                pthread_create@@GLIBC_2.34
                0x0000000000006600                std::exception::~exception()@@GLIBCXX_3.4
                0x0000000000006610                std::basic_istream<char, std::char_traits<char> >& std::getline<char, std::char_traits<char>, std::allocator<char> >(std::basic_istream<char, std::char_traits<char> >&, std::__cxx11::basic_string<char, std::char_traits<char>, std::allocator<char> >&, char)@@GLIBCXX_3.4.21
                0x0000000000006620                std::invalid_argument::invalid_argument(char const*)@@GLIBCXX_3.4.21
                0x0000000000006630                clock_nanosleep@@GLIBC_2.17
                0x0000000000006640                std::__cxx11::basic_string<char, std::char_traits<char>, std::allocator<char> >::append(char const*)@@GLIBCXX_3.4.21
                0x0000000000006650                close@@GLIBC_2.2.5
                0x0000000000006660                pthread_mutex_timedlock@@GLIBC_2.34
                0x0000000000006670                std::locale::locale()@@GLIBCXX_3.4
 *(.iplt)

.plt.got        0x0000000000006680        0x0
 *(.plt.got)
 .plt.got       0x0000000000006680        0x0 /usr/lib/gcc/x86_64-pc-linux-gnu/14.2.1/../../../../lib/Scrt1.o

.plt.sec
 *(.plt.sec)

.text           0x0000000000006680    0x19aea
 *(.text.unlikely .text.*_unlikely .text.unlikely.*)
 .text.unlikely
                0x0000000000006680      0x144 /home/haron/Desktop/sip-example/build/sip_worker/sip-worker/main.o
 .text.unlikely
                0x00000000000067c4       0xd7 /home/haron/Desktop/sip-example/build/sip_worker/lib/liboutpost_hal_posix.a(serial_port.o)
 *fill*         0x000000000000689b        0x1 
 .text.unlikely
                0x000000000000689c      0x20f /home/haron/Desktop/sip-example/build/sip_worker/lib/libserial.a(serial.o)
 *fill*         0x0000000000006aab        0x1 
 .text.unlikely
                0x0000000000006aac     0x1df0 /home/haron/Desktop/sip-example/build/sip_worker/lib/libserial.a(unix.o)
 .text.unlikely
                0x000000000000889c        0x5 /home/haron/Desktop/sip-example/build/sip_worker/lib/liboutpost_rtos_posix_base.a(thread.o)
 *(.text.exit .text.exit.*)
 *(.text.startup .text.startup.*)
 *fill*         0x00000000000088a1       0x1f 
 .text.startup  0x00000000000088c0      0x854 /home/haron/Desktop/sip-example/build/sip_worker/sip-worker/main.o
                0x00000000000088c0                main
 *(.text.hot .text.hot.*)
 *(SORT_BY_NAME(.text.sorted.*))
 *(.text .stub .text.* .gnu.linkonce.t.*)
 *fill*         0x0000000000009114        0xc 
 .text          0x0000000000009120       0x26 /usr/lib/gcc/x86_64-pc-linux-gnu/14.2.1/../../../../lib/Scrt1.o
                0x0000000000009120                _start
 .text          0x0000000000009146        0x0 /usr/lib/gcc/x86_64-pc-linux-gnu/14.2.1/../../../../lib/crti.o
 *fill*         0x0000000000009146        0xa 
 .text          0x0000000000009150       0xc9 /usr/lib/gcc/x86_64-pc-linux-gnu/14.2.1/crtbeginS.o
 *fill*         0x0000000000009219        0x7 
 .text          0x0000000000009220      0x3bd /home/haron/Desktop/sip-example/build/sip_worker/sip-worker/main.o
                0x0000000000009440                printTableHead()
                0x0000000000009490                printPacket(outpost::sip::PacketReader const&, outpost::time::Duration)
 *fill*         0x00000000000095dd        0x3 
 .text._ZNK4popl6Switch13argument_typeEv
                0x00000000000095e0        0x3 /home/haron/Desktop/sip-example/build/sip_worker/sip-worker/main.o
                0x00000000000095e0                popl::Switch::argument_type() const
 *fill*         0x00000000000095e3        0xd 
 .text._ZN4popl20ConsoleOptionPrinterD2Ev
                0x00000000000095f0        0x1 /home/haron/Desktop/sip-example/build/sip_worker/sip-worker/main.o
                0x00000000000095f0                popl::ConsoleOptionPrinter::~ConsoleOptionPrinter()
                0x00000000000095f0                popl::ConsoleOptionPrinter::~ConsoleOptionPrinter()
 *fill*         0x00000000000095f1        0xf 
 .text._ZNK4popl5ValueINSt7__cxx1112basic_stringIcSt11char_traitsIcESaIcEEEE6is_setEv
                0x0000000000009600       0x12 /home/haron/Desktop/sip-example/build/sip_worker/sip-worker/main.o
                0x0000000000009600                popl::Value<std::__cxx11::basic_string<char, std::char_traits<char>, std::allocator<char> > >::is_set() const
 *fill*         0x0000000000009612        0xe 
 .text._ZNK4popl5ValueINSt7__cxx1112basic_stringIcSt11char_traitsIcESaIcEEEE5countEv
                0x0000000000009620       0x13 /home/haron/Desktop/sip-example/build/sip_worker/sip-worker/main.o
                0x0000000000009620                popl::Value<std::__cxx11::basic_string<char, std::char_traits<char>, std::allocator<char> > >::count() const
 *fill*         0x0000000000009633        0xd 
 .text._ZNK4popl5ValueIjE6is_setEv
                0x0000000000009640       0x12 /home/haron/Desktop/sip-example/build/sip_worker/sip-worker/main.o
                0x0000000000009640                popl::Value<unsigned int>::is_set() const
 *fill*         0x0000000000009652        0xe 
 .text._ZNK4popl5ValueIjE5countEv
                0x0000000000009660       0x13 /home/haron/Desktop/sip-example/build/sip_worker/sip-worker/main.o
                0x0000000000009660                popl::Value<unsigned int>::count() const
 *fill*         0x0000000000009673        0xd 
 .text._ZNK4popl5ValueIcE6is_setEv
                0x0000000000009680       0x12 /home/haron/Desktop/sip-example/build/sip_worker/sip-worker/main.o
                0x0000000000009680                popl::Value<char>::is_set() const
 *fill*         0x0000000000009692        0xe 
 .text._ZNK4popl5ValueIcE5countEv
                0x00000000000096a0        0xf /home/haron/Desktop/sip-example/build/sip_worker/sip-worker/main.o
                0x00000000000096a0                popl::Value<char>::count() const
 *fill*         0x00000000000096af        0x1 
 .text._ZN4popl18GroffOptionPrinterD2Ev
                0x00000000000096b0        0x1 /home/haron/Desktop/sip-example/build/sip_worker/sip-worker/main.o
                0x00000000000096b0                popl::GroffOptionPrinter::~GroffOptionPrinter()
                0x00000000000096b0                popl::GroffOptionPrinter::~GroffOptionPrinter()
 *fill*         0x00000000000096b1        0xf 
 .text._ZN7outpost5posix11SystemClockD2Ev
                0x00000000000096c0        0x1 /home/haron/Desktop/sip-example/build/sip_worker/sip-worker/main.o
                0x00000000000096c0                outpost::posix::SystemClock::~SystemClock()
                0x00000000000096c0                outpost::posix::SystemClock::~SystemClock()
 *fill*         0x00000000000096c1        0xf 
 .text._ZN7outpost3sip22PacketTransportWrapperD1Ev
                0x00000000000096d0       0x31 /home/haron/Desktop/sip-example/build/sip_worker/sip-worker/main.o
                0x00000000000096d0                outpost::sip::PacketTransportWrapper::~PacketTransportWrapper()
                0x00000000000096e0                non-virtual thunk to outpost::sip::PacketTransportWrapper::~PacketTransportWrapper()
                0x00000000000096f0                non-virtual thunk to outpost::sip::PacketTransportWrapper::~PacketTransportWrapper()
                0x0000000000009700                virtual thunk to outpost::sip::PacketTransportWrapper::~PacketTransportWrapper()
 *fill*         0x0000000000009701        0xf 
 .text._ZNSt23_Sp_counted_ptr_inplaceIN4popl5ValueIcEESaIvELN9__gnu_cxx12_Lock_policyE2EED2Ev
                0x0000000000009710        0x1 /home/haron/Desktop/sip-example/build/sip_worker/sip-worker/main.o
                0x0000000000009710                std::_Sp_counted_ptr_inplace<popl::Value<char>, std::allocator<void>, (__gnu_cxx::_Lock_policy)2>::~_Sp_counted_ptr_inplace()
                0x0000000000009710                std::_Sp_counted_ptr_inplace<popl::Value<char>, std::allocator<void>, (__gnu_cxx::_Lock_policy)2>::~_Sp_counted_ptr_inplace()
 *fill*         0x0000000000009711        0xf 
 .text._ZNSt23_Sp_counted_ptr_inplaceIN4popl5ValueIcEESaIvELN9__gnu_cxx12_Lock_policyE2EE10_M_disposeEv
                0x0000000000009720       0x10 /home/haron/Desktop/sip-example/build/sip_worker/sip-worker/main.o
                0x0000000000009720                std::_Sp_counted_ptr_inplace<popl::Value<char>, std::allocator<void>, (__gnu_cxx::_Lock_policy)2>::_M_dispose()
 .text._ZNSt23_Sp_counted_ptr_inplaceIN4popl5ValueIjEESaIvELN9__gnu_cxx12_Lock_policyE2EED2Ev
                0x0000000000009730        0x1 /home/haron/Desktop/sip-example/build/sip_worker/sip-worker/main.o
                0x0000000000009730                std::_Sp_counted_ptr_inplace<popl::Value<unsigned int>, std::allocator<void>, (__gnu_cxx::_Lock_policy)2>::~_Sp_counted_ptr_inplace()
                0x0000000000009730                std::_Sp_counted_ptr_inplace<popl::Value<unsigned int>, std::allocator<void>, (__gnu_cxx::_Lock_policy)2>::~_Sp_counted_ptr_inplace()
 *fill*         0x0000000000009731        0xf 
 .text._ZNSt23_Sp_counted_ptr_inplaceIN4popl5ValueIjEESaIvELN9__gnu_cxx12_Lock_policyE2EE10_M_disposeEv
                0x0000000000009740       0x10 /home/haron/Desktop/sip-example/build/sip_worker/sip-worker/main.o
                0x0000000000009740                std::_Sp_counted_ptr_inplace<popl::Value<unsigned int>, std::allocator<void>, (__gnu_cxx::_Lock_policy)2>::_M_dispose()
 .text._ZNSt23_Sp_counted_ptr_inplaceIN4popl5ValueINSt7__cxx1112basic_stringIcSt11char_traitsIcESaIcEEEEESaIvELN9__gnu_cxx12_Lock_policyE2EED2Ev
                0x0000000000009750        0x1 /home/haron/Desktop/sip-example/build/sip_worker/sip-worker/main.o
                0x0000000000009750                std::_Sp_counted_ptr_inplace<popl::Value<std::__cxx11::basic_string<char, std::char_traits<char>, std::allocator<char> > >, std::allocator<void>, (__gnu_cxx::_Lock_policy)2>::~_Sp_counted_ptr_inplace()
                0x0000000000009750                std::_Sp_counted_ptr_inplace<popl::Value<std::__cxx11::basic_string<char, std::char_traits<char>, std::allocator<char> > >, std::allocator<void>, (__gnu_cxx::_Lock_policy)2>::~_Sp_counted_ptr_inplace()
 *fill*         0x0000000000009751        0xf 
 .text._ZNSt23_Sp_counted_ptr_inplaceIN4popl5ValueINSt7__cxx1112basic_stringIcSt11char_traitsIcESaIcEEEEESaIvELN9__gnu_cxx12_Lock_policyE2EE10_M_disposeEv
                0x0000000000009760       0x10 /home/haron/Desktop/sip-example/build/sip_worker/sip-worker/main.o
                0x0000000000009760                std::_Sp_counted_ptr_inplace<popl::Value<std::__cxx11::basic_string<char, std::char_traits<char>, std::allocator<char> > >, std::allocator<void>, (__gnu_cxx::_Lock_policy)2>::_M_dispose()
 .text._ZNSt23_Sp_counted_ptr_inplaceIN4popl6SwitchESaIvELN9__gnu_cxx12_Lock_policyE2EED2Ev
                0x0000000000009770        0x1 /home/haron/Desktop/sip-example/build/sip_worker/sip-worker/main.o
                0x0000000000009770                std::_Sp_counted_ptr_inplace<popl::Switch, std::allocator<void>, (__gnu_cxx::_Lock_policy)2>::~_Sp_counted_ptr_inplace()
                0x0000000000009770                std::_Sp_counted_ptr_inplace<popl::Switch, std::allocator<void>, (__gnu_cxx::_Lock_policy)2>::~_Sp_counted_ptr_inplace()
 *fill*         0x0000000000009771        0xf 
 .text._ZNSt23_Sp_counted_ptr_inplaceIN4popl6SwitchESaIvELN9__gnu_cxx12_Lock_policyE2EE10_M_disposeEv
                0x0000000000009780       0x10 /home/haron/Desktop/sip-example/build/sip_worker/sip-worker/main.o
                0x0000000000009780                std::_Sp_counted_ptr_inplace<popl::Switch, std::allocator<void>, (__gnu_cxx::_Lock_policy)2>::_M_dispose()
 .text._ZNK4popl5ValueIcE13argument_typeEv
                0x0000000000009790        0x6 /home/haron/Desktop/sip-example/build/sip_worker/sip-worker/main.o
                0x0000000000009790                popl::Value<char>::argument_type() const
 *fill*         0x0000000000009796        0xa 
 .text._ZNK4popl5ValueIjE13argument_typeEv
                0x00000000000097a0        0x6 /home/haron/Desktop/sip-example/build/sip_worker/sip-worker/main.o
                0x00000000000097a0                popl::Value<unsigned int>::argument_type() const
 *fill*         0x00000000000097a6        0xa 
 .text._ZNK4popl5ValueINSt7__cxx1112basic_stringIcSt11char_traitsIcESaIcEEEE13argument_typeEv
                0x00000000000097b0        0x6 /home/haron/Desktop/sip-example/build/sip_worker/sip-worker/main.o
                0x00000000000097b0                popl::Value<std::__cxx11::basic_string<char, std::char_traits<char>, std::allocator<char> > >::argument_type() const
 *fill*         0x00000000000097b6        0xa 
 .text._ZNK4popl5ValueIbE13argument_typeEv
                0x00000000000097c0        0x6 /home/haron/Desktop/sip-example/build/sip_worker/sip-worker/main.o
                0x00000000000097c0                popl::Value<bool>::argument_type() const
 *fill*         0x00000000000097c6        0xa 
 .text._ZNK4popl5ValueIbE5countEv
                0x00000000000097d0       0x19 /home/haron/Desktop/sip-example/build/sip_worker/sip-worker/main.o
                0x00000000000097d0                popl::Value<bool>::count() const
 *fill*         0x00000000000097e9        0x7 
 .text._ZNK4popl5ValueIbE6is_setEv
                0x00000000000097f0       0x22 /home/haron/Desktop/sip-example/build/sip_worker/sip-worker/main.o
                0x00000000000097f0                popl::Value<bool>::is_set() const
 *fill*         0x0000000000009812        0xe 
 .text._ZN4popl20ConsoleOptionPrinterD0Ev
                0x0000000000009820        0xa /home/haron/Desktop/sip-example/build/sip_worker/sip-worker/main.o
                0x0000000000009820                popl::ConsoleOptionPrinter::~ConsoleOptionPrinter()
 *fill*         0x000000000000982a        0x6 
 .text._ZN4popl18GroffOptionPrinterD0Ev
                0x0000000000009830        0xa /home/haron/Desktop/sip-example/build/sip_worker/sip-worker/main.o
                0x0000000000009830                popl::GroffOptionPrinter::~GroffOptionPrinter()
 *fill*         0x000000000000983a        0x6 
 .text._ZNSt23_Sp_counted_ptr_inplaceIN4popl5ValueIcEESaIvELN9__gnu_cxx12_Lock_policyE2EED0Ev
                0x0000000000009840        0xa /home/haron/Desktop/sip-example/build/sip_worker/sip-worker/main.o
                0x0000000000009840                std::_Sp_counted_ptr_inplace<popl::Value<char>, std::allocator<void>, (__gnu_cxx::_Lock_policy)2>::~_Sp_counted_ptr_inplace()
 *fill*         0x000000000000984a        0x6 
 .text._ZNSt23_Sp_counted_ptr_inplaceIN4popl5ValueIjEESaIvELN9__gnu_cxx12_Lock_policyE2EED0Ev
                0x0000000000009850        0xa /home/haron/Desktop/sip-example/build/sip_worker/sip-worker/main.o
                0x0000000000009850                std::_Sp_counted_ptr_inplace<popl::Value<unsigned int>, std::allocator<void>, (__gnu_cxx::_Lock_policy)2>::~_Sp_counted_ptr_inplace()
 *fill*         0x000000000000985a        0x6 
 .text._ZNSt23_Sp_counted_ptr_inplaceIN4popl5ValueINSt7__cxx1112basic_stringIcSt11char_traitsIcESaIcEEEEESaIvELN9__gnu_cxx12_Lock_policyE2EED0Ev
                0x0000000000009860        0xa /home/haron/Desktop/sip-example/build/sip_worker/sip-worker/main.o
                0x0000000000009860                std::_Sp_counted_ptr_inplace<popl::Value<std::__cxx11::basic_string<char, std::char_traits<char>, std::allocator<char> > >, std::allocator<void>, (__gnu_cxx::_Lock_policy)2>::~_Sp_counted_ptr_inplace()
 *fill*         0x000000000000986a        0x6 
 .text._ZNSt23_Sp_counted_ptr_inplaceIN4popl6SwitchESaIvELN9__gnu_cxx12_Lock_policyE2EED0Ev
                0x0000000000009870        0xa /home/haron/Desktop/sip-example/build/sip_worker/sip-worker/main.o
                0x0000000000009870                std::_Sp_counted_ptr_inplace<popl::Switch, std::allocator<void>, (__gnu_cxx::_Lock_policy)2>::~_Sp_counted_ptr_inplace()
 *fill*         0x000000000000987a        0x6 
 .text._ZN7outpost3sip22PacketTransportWrapperD0Ev
                0x0000000000009880       0x41 /home/haron/Desktop/sip-example/build/sip_worker/sip-worker/main.o
                0x0000000000009880                outpost::sip::PacketTransportWrapper::~PacketTransportWrapper()
                0x0000000000009890                non-virtual thunk to outpost::sip::PacketTransportWrapper::~PacketTransportWrapper()
                0x00000000000098a0                non-virtual thunk to outpost::sip::PacketTransportWrapper::~PacketTransportWrapper()
                0x00000000000098b0                virtual thunk to outpost::sip::PacketTransportWrapper::~PacketTransportWrapper()
 *fill*         0x00000000000098c1        0xf 
 .text._ZNK4popl5ValueINSt7__cxx1112basic_stringIcSt11char_traitsIcESaIcEEEE11get_defaultERSo
                0x00000000000098d0       0x33 /home/haron/Desktop/sip-example/build/sip_worker/sip-worker/main.o
                0x00000000000098d0                popl::Value<std::__cxx11::basic_string<char, std::char_traits<char>, std::allocator<char> > >::get_default(std::ostream&) const
 *fill*         0x0000000000009903        0xd 
 .text._ZNK4popl5ValueIjE11get_defaultERSo
                0x0000000000009910       0x2b /home/haron/Desktop/sip-example/build/sip_worker/sip-worker/main.o
                0x0000000000009910                popl::Value<unsigned int>::get_default(std::ostream&) const
 *fill*         0x000000000000993b        0x5 
 .text._ZNK4popl5ValueIbE11get_defaultERSo
                0x0000000000009940       0x2b /home/haron/Desktop/sip-example/build/sip_worker/sip-worker/main.o
                0x0000000000009940                popl::Value<bool>::get_default(std::ostream&) const
 *fill*         0x000000000000996b        0x5 
 .text._ZN7outpost9transport20FrameTransportSerialD1Ev
                0x0000000000009970      0x128 /home/haron/Desktop/sip-example/build/sip_worker/sip-worker/main.o
                0x0000000000009970                outpost::transport::FrameTransportSerial::~FrameTransportSerial()
                0x00000000000099c0                non-virtual thunk to outpost::transport::FrameTransportSerial::~FrameTransportSerial()
                0x0000000000009a00                non-virtual thunk to outpost::transport::FrameTransportSerial::~FrameTransportSerial()
                0x0000000000009a50                virtual thunk to outpost::transport::FrameTransportSerial::~FrameTransportSerial()
 *fill*         0x0000000000009a98        0x8 
 .text._ZNSt23_Sp_counted_ptr_inplaceIN4popl5ValueIcEESaIvELN9__gnu_cxx12_Lock_policyE2EE14_M_get_deleterERKSt9type_info
                0x0000000000009aa0       0x47 /home/haron/Desktop/sip-example/build/sip_worker/sip-worker/main.o
                0x0000000000009aa0                std::_Sp_counted_ptr_inplace<popl::Value<char>, std::allocator<void>, (__gnu_cxx::_Lock_policy)2>::_M_get_deleter(std::type_info const&)
 *fill*         0x0000000000009ae7        0x9 
 .text._ZN4popl5ValueIcE16update_referenceEv
                0x0000000000009af0       0xa4 /home/haron/Desktop/sip-example/build/sip_worker/sip-worker/main.o
                0x0000000000009af0                popl::Value<char>::update_reference()
 *fill*         0x0000000000009b94        0xc 
 .text._ZN4popl5ValueIjE16update_referenceEv
                0x0000000000009ba0       0x9c /home/haron/Desktop/sip-example/build/sip_worker/sip-worker/main.o
                0x0000000000009ba0                popl::Value<unsigned int>::update_reference()
 *fill*         0x0000000000009c3c        0x4 
 .text._ZN4popl5ValueINSt7__cxx1112basic_stringIcSt11char_traitsIcESaIcEEEE16update_referenceEv
                0x0000000000009c40       0xa1 /home/haron/Desktop/sip-example/build/sip_worker/sip-worker/main.o
                0x0000000000009c40                popl::Value<std::__cxx11::basic_string<char, std::char_traits<char>, std::allocator<char> > >::update_reference()
 *fill*         0x0000000000009ce1        0xf 
 .text._ZNSt23_Sp_counted_ptr_inplaceIN4popl5ValueIcEESaIvELN9__gnu_cxx12_Lock_policyE2EE10_M_destroyEv
                0x0000000000009cf0        0xa /home/haron/Desktop/sip-example/build/sip_worker/sip-worker/main.o
                0x0000000000009cf0                std::_Sp_counted_ptr_inplace<popl::Value<char>, std::allocator<void>, (__gnu_cxx::_Lock_policy)2>::_M_destroy()
 *fill*         0x0000000000009cfa        0x6 
 .text._ZNSt23_Sp_counted_ptr_inplaceIN4popl5ValueIjEESaIvELN9__gnu_cxx12_Lock_policyE2EE10_M_destroyEv
                0x0000000000009d00        0xa /home/haron/Desktop/sip-example/build/sip_worker/sip-worker/main.o
                0x0000000000009d00                std::_Sp_counted_ptr_inplace<popl::Value<unsigned int>, std::allocator<void>, (__gnu_cxx::_Lock_policy)2>::_M_destroy()
 *fill*         0x0000000000009d0a        0x6 
 .text._ZNSt23_Sp_counted_ptr_inplaceIN4popl5ValueINSt7__cxx1112basic_stringIcSt11char_traitsIcESaIcEEEEESaIvELN9__gnu_cxx12_Lock_policyE2EE10_M_destroyEv
                0x0000000000009d10        0xa /home/haron/Desktop/sip-example/build/sip_worker/sip-worker/main.o
                0x0000000000009d10                std::_Sp_counted_ptr_inplace<popl::Value<std::__cxx11::basic_string<char, std::char_traits<char>, std::allocator<char> > >, std::allocator<void>, (__gnu_cxx::_Lock_policy)2>::_M_destroy()
 *fill*         0x0000000000009d1a        0x6 
 .text._ZNSt23_Sp_counted_ptr_inplaceIN4popl6SwitchESaIvELN9__gnu_cxx12_Lock_policyE2EE10_M_destroyEv
                0x0000000000009d20        0xa /home/haron/Desktop/sip-example/build/sip_worker/sip-worker/main.o
                0x0000000000009d20                std::_Sp_counted_ptr_inplace<popl::Switch, std::allocator<void>, (__gnu_cxx::_Lock_policy)2>::_M_destroy()
 *fill*         0x0000000000009d2a        0x6 
 .text._ZN4popl5ValueIbE16update_referenceEv
                0x0000000000009d30       0xfd /home/haron/Desktop/sip-example/build/sip_worker/sip-worker/main.o
                0x0000000000009d30                popl::Value<bool>::update_reference()
 *fill*         0x0000000000009e2d        0x3 
 .text._ZNSt23_Sp_counted_ptr_inplaceIN4popl6SwitchESaIvELN9__gnu_cxx12_Lock_policyE2EE14_M_get_deleterERKSt9type_info
                0x0000000000009e30       0x47 /home/haron/Desktop/sip-example/build/sip_worker/sip-worker/main.o
                0x0000000000009e30                std::_Sp_counted_ptr_inplace<popl::Switch, std::allocator<void>, (__gnu_cxx::_Lock_policy)2>::_M_get_deleter(std::type_info const&)
 *fill*         0x0000000000009e77        0x9 
 .text._ZNSt23_Sp_counted_ptr_inplaceIN4popl5ValueINSt7__cxx1112basic_stringIcSt11char_traitsIcESaIcEEEEESaIvELN9__gnu_cxx12_Lock_policyE2EE14_M_get_deleterERKSt9type_info
                0x0000000000009e80       0x47 /home/haron/Desktop/sip-example/build/sip_worker/sip-worker/main.o
                0x0000000000009e80                std::_Sp_counted_ptr_inplace<popl::Value<std::__cxx11::basic_string<char, std::char_traits<char>, std::allocator<char> > >, std::allocator<void>, (__gnu_cxx::_Lock_policy)2>::_M_get_deleter(std::type_info const&)
 *fill*         0x0000000000009ec7        0x9 
 .text._ZNSt23_Sp_counted_ptr_inplaceIN4popl5ValueIjEESaIvELN9__gnu_cxx12_Lock_policyE2EE14_M_get_deleterERKSt9type_info
                0x0000000000009ed0       0x47 /home/haron/Desktop/sip-example/build/sip_worker/sip-worker/main.o
                0x0000000000009ed0                std::_Sp_counted_ptr_inplace<popl::Value<unsigned int>, std::allocator<void>, (__gnu_cxx::_Lock_policy)2>::_M_get_deleter(std::type_info const&)
 *fill*         0x0000000000009f17        0x9 
 .text._ZN7outpost9transport20FrameTransportSerialD0Ev
                0x0000000000009f20      0x145 /home/haron/Desktop/sip-example/build/sip_worker/sip-worker/main.o
                0x0000000000009f20                outpost::transport::FrameTransportSerial::~FrameTransportSerial()
                0x0000000000009f70                non-virtual thunk to outpost::transport::FrameTransportSerial::~FrameTransportSerial()
                0x0000000000009fc0                non-virtual thunk to outpost::transport::FrameTransportSerial::~FrameTransportSerial()
                0x000000000000a010                virtual thunk to outpost::transport::FrameTransportSerial::~FrameTransportSerial()
 *fill*         0x000000000000a065        0xb 
 .text._ZNK4popl5ValueIcE11get_defaultERSo
                0x000000000000a070       0x76 /home/haron/Desktop/sip-example/build/sip_worker/sip-worker/main.o
                0x000000000000a070                popl::Value<char>::get_default(std::ostream&) const
 *fill*         0x000000000000a0e6        0xa 
 .text._ZN4popl27BashCompletionOptionPrinterD2Ev
                0x000000000000a0f0       0x31 /home/haron/Desktop/sip-example/build/sip_worker/sip-worker/main.o
                0x000000000000a0f0                popl::BashCompletionOptionPrinter::~BashCompletionOptionPrinter()
                0x000000000000a0f0                popl::BashCompletionOptionPrinter::~BashCompletionOptionPrinter()
 *fill*         0x000000000000a121        0xf 
 .text._ZN4popl14invalid_optionD2Ev
                0x000000000000a130       0x31 /home/haron/Desktop/sip-example/build/sip_worker/sip-worker/main.o
                0x000000000000a130                popl::invalid_option::~invalid_option()
                0x000000000000a130                popl::invalid_option::~invalid_option()
 *fill*         0x000000000000a161        0xf 
 .text._ZN4popl27BashCompletionOptionPrinterD0Ev
                0x000000000000a170       0x36 /home/haron/Desktop/sip-example/build/sip_worker/sip-worker/main.o
                0x000000000000a170                popl::BashCompletionOptionPrinter::~BashCompletionOptionPrinter()
 *fill*         0x000000000000a1a6        0xa 
 .text._ZN4popl14invalid_optionD0Ev
                0x000000000000a1b0       0x3e /home/haron/Desktop/sip-example/build/sip_worker/sip-worker/main.o
                0x000000000000a1b0                popl::invalid_option::~invalid_option()
 *fill*         0x000000000000a1ee        0x2 
 .text._ZN4popl5ValueIjE5clearEv
                0x000000000000a1f0       0xd5 /home/haron/Desktop/sip-example/build/sip_worker/sip-worker/main.o
                0x000000000000a1f0                popl::Value<unsigned int>::clear()
 *fill*         0x000000000000a2c5        0xb 
 .text._ZN4popl5ValueIcE5clearEv
                0x000000000000a2d0       0xd5 /home/haron/Desktop/sip-example/build/sip_worker/sip-worker/main.o
                0x000000000000a2d0                popl::Value<char>::clear()
 *fill*         0x000000000000a3a5        0xb 
 .text._ZN4popl5ValueIcED2Ev
                0x000000000000a3b0       0x9a /home/haron/Desktop/sip-example/build/sip_worker/sip-worker/main.o
                0x000000000000a3b0                popl::Value<char>::~Value()
                0x000000000000a3b0                popl::Value<char>::~Value()
 *fill*         0x000000000000a44a        0x6 
 .text._ZN4popl5ValueIjED2Ev
                0x000000000000a450       0x9a /home/haron/Desktop/sip-example/build/sip_worker/sip-worker/main.o
                0x000000000000a450                popl::Value<unsigned int>::~Value()
                0x000000000000a450                popl::Value<unsigned int>::~Value()
 *fill*         0x000000000000a4ea        0x6 
 .text._ZN4popl5ValueINSt7__cxx1112basic_stringIcSt11char_traitsIcESaIcEEEE5clearEv
                0x000000000000a4f0      0x116 /home/haron/Desktop/sip-example/build/sip_worker/sip-worker/main.o
                0x000000000000a4f0                popl::Value<std::__cxx11::basic_string<char, std::char_traits<char>, std::allocator<char> > >::clear()
 *fill*         0x000000000000a606        0xa 
 .text._ZN4popl5ValueIcED0Ev
                0x000000000000a610       0xa2 /home/haron/Desktop/sip-example/build/sip_worker/sip-worker/main.o
                0x000000000000a610                popl::Value<char>::~Value()
 *fill*         0x000000000000a6b2        0xe 
 .text._ZN4popl5ValueIbED2Ev
                0x000000000000a6c0       0x9a /home/haron/Desktop/sip-example/build/sip_worker/sip-worker/main.o
                0x000000000000a6c0                popl::Value<bool>::~Value()
                0x000000000000a6c0                popl::Value<bool>::~Value()
 *fill*         0x000000000000a75a        0x6 
 .text._ZN4popl5ValueIjED0Ev
                0x000000000000a760       0xa2 /home/haron/Desktop/sip-example/build/sip_worker/sip-worker/main.o
                0x000000000000a760                popl::Value<unsigned int>::~Value()
 *fill*         0x000000000000a802        0xe 
 .text._ZN4popl6SwitchD2Ev
                0x000000000000a810       0x9a /home/haron/Desktop/sip-example/build/sip_worker/sip-worker/main.o
                0x000000000000a810                popl::Switch::~Switch()
                0x000000000000a810                popl::Switch::~Switch()
 *fill*         0x000000000000a8aa        0x6 
 .text._ZN4popl5ValueIbED0Ev
                0x000000000000a8b0       0xa2 /home/haron/Desktop/sip-example/build/sip_worker/sip-worker/main.o
                0x000000000000a8b0                popl::Value<bool>::~Value()
 *fill*         0x000000000000a952        0xe 
 .text._ZN4popl6SwitchD0Ev
                0x000000000000a960       0xa2 /home/haron/Desktop/sip-example/build/sip_worker/sip-worker/main.o
                0x000000000000a960                popl::Switch::~Switch()
 *fill*         0x000000000000aa02        0xe 
 .text._ZN4popl5ValueIbE5clearEv
                0x000000000000aa10      0x121 /home/haron/Desktop/sip-example/build/sip_worker/sip-worker/main.o
                0x000000000000aa10                popl::Value<bool>::clear()
 *fill*         0x000000000000ab31        0xf 
 .text._ZN4popl5ValueINSt7__cxx1112basic_stringIcSt11char_traitsIcESaIcEEEED2Ev
                0x000000000000ab40      0x105 /home/haron/Desktop/sip-example/build/sip_worker/sip-worker/main.o
                0x000000000000ab40                popl::Value<std::__cxx11::basic_string<char, std::char_traits<char>, std::allocator<char> > >::~Value()
                0x000000000000ab40                popl::Value<std::__cxx11::basic_string<char, std::char_traits<char>, std::allocator<char> > >::~Value()
 *fill*         0x000000000000ac45        0xb 
 .text._ZN4popl5ValueINSt7__cxx1112basic_stringIcSt11char_traitsIcESaIcEEEED0Ev
                0x000000000000ac50      0x109 /home/haron/Desktop/sip-example/build/sip_worker/sip-worker/main.o
                0x000000000000ac50                popl::Value<std::__cxx11::basic_string<char, std::char_traits<char>, std::allocator<char> > >::~Value()
 *fill*         0x000000000000ad59        0x7 
 .text._ZN4popl6OptionC2ERKNSt7__cxx1112basic_stringIcSt11char_traitsIcESaIcEEES8_S6_
                0x000000000000ad60      0x39b /home/haron/Desktop/sip-example/build/sip_worker/sip-worker/main.o
                0x000000000000ad60                popl::Option::Option(std::__cxx11::basic_string<char, std::char_traits<char>, std::allocator<char> > const&, std::__cxx11::basic_string<char, std::char_traits<char>, std::allocator<char> > const&, std::__cxx11::basic_string<char, std::char_traits<char>, std::allocator<char> >)
                0x000000000000ad60                popl::Option::Option(std::__cxx11::basic_string<char, std::char_traits<char>, std::allocator<char> > const&, std::__cxx11::basic_string<char, std::char_traits<char>, std::allocator<char> > const&, std::__cxx11::basic_string<char, std::char_traits<char>, std::allocator<char> >)
 *fill*         0x000000000000b0fb        0x5 
 .text._ZNK4popl6Option4nameB5cxx11ENS_10OptionNameEb
                0x000000000000b100      0x1ed /home/haron/Desktop/sip-example/build/sip_worker/sip-worker/main.o
                0x000000000000b100                popl::Option::name[abi:cxx11](popl::OptionName, bool) const
 *fill*         0x000000000000b2ed        0x3 
 .text._ZStplIcSt11char_traitsIcESaIcEENSt7__cxx1112basic_stringIT_T0_T1_EEPKS5_OS8_
                0x000000000000b2f0      0x108 /home/haron/Desktop/sip-example/build/sip_worker/sip-worker/main.o
                0x000000000000b2f0                std::__cxx11::basic_string<char, std::char_traits<char>, std::allocator<char> > std::operator+<char, std::char_traits<char>, std::allocator<char> >(char const*, std::__cxx11::basic_string<char, std::char_traits<char>, std::allocator<char> >&&)
 *fill*         0x000000000000b3f8        0x8 
 .text._ZNSt16_Sp_counted_baseILN9__gnu_cxx12_Lock_policyE2EE24_M_release_last_use_coldEv
                0x000000000000b400       0x44 /home/haron/Desktop/sip-example/build/sip_worker/sip-worker/main.o
                0x000000000000b400                std::_Sp_counted_base<(__gnu_cxx::_Lock_policy)2>::_M_release_last_use_cold()
 *fill*         0x000000000000b444        0xc 
 .text._ZNSt16_Sp_counted_baseILN9__gnu_cxx12_Lock_policyE2EE10_M_releaseEv
                0x000000000000b450       0x75 /home/haron/Desktop/sip-example/build/sip_worker/sip-worker/main.o
                0x000000000000b450                std::_Sp_counted_base<(__gnu_cxx::_Lock_policy)2>::_M_release()
 *fill*         0x000000000000b4c5        0xb 
 .text._ZN4popl12OptionParserD2Ev
                0x000000000000b4d0      0x1a9 /home/haron/Desktop/sip-example/build/sip_worker/sip-worker/main.o
                0x000000000000b4d0                popl::OptionParser::~OptionParser()
                0x000000000000b4d0                popl::OptionParser::~OptionParser()
 *fill*         0x000000000000b679        0x7 
 .text._ZN4popl12OptionParserD0Ev
                0x000000000000b680      0x1a1 /home/haron/Desktop/sip-example/build/sip_worker/sip-worker/main.o
                0x000000000000b680                popl::OptionParser::~OptionParser()
 *fill*         0x000000000000b821        0xf 
 .text._ZNSt7__cxx1115basic_stringbufIcSt11char_traitsIcESaIcEED2Ev
                0x000000000000b830       0x3c /home/haron/Desktop/sip-example/build/sip_worker/sip-worker/main.o
                0x000000000000b830                std::__cxx11::basic_stringbuf<char, std::char_traits<char>, std::allocator<char> >::~basic_stringbuf()
                0x000000000000b830                std::__cxx11::basic_stringbuf<char, std::char_traits<char>, std::allocator<char> >::~basic_stringbuf()
 *fill*         0x000000000000b86c        0x4 
 .text._ZNSt7__cxx1115basic_stringbufIcSt11char_traitsIcESaIcEED0Ev
                0x000000000000b870       0x49 /home/haron/Desktop/sip-example/build/sip_worker/sip-worker/main.o
                0x000000000000b870                std::__cxx11::basic_stringbuf<char, std::char_traits<char>, std::allocator<char> >::~basic_stringbuf()
 *fill*         0x000000000000b8b9        0x7 
 .text._ZNK4popl27BashCompletionOptionPrinter5printB5cxx11ERKNS_9AttributeE
                0x000000000000b8c0      0x67f /home/haron/Desktop/sip-example/build/sip_worker/sip-worker/main.o
                0x000000000000b8c0                popl::BashCompletionOptionPrinter::print[abi:cxx11](popl::Attribute const&) const
 *fill*         0x000000000000bf3f        0x1 
 .text._ZNK4popl18GroffOptionPrinter5printB5cxx11ERKNS_9AttributeE
                0x000000000000bf40     0x15e9 /home/haron/Desktop/sip-example/build/sip_worker/sip-worker/main.o
                0x000000000000bf40                popl::GroffOptionPrinter::print[abi:cxx11](popl::Attribute const&) const
 *fill*         0x000000000000d529        0x7 
 .text._ZNK4popl20ConsoleOptionPrinter9to_stringB5cxx11ESt10shared_ptrINS_6OptionEE.isra.0
                0x000000000000d530      0xe4a /home/haron/Desktop/sip-example/build/sip_worker/sip-worker/main.o
 *fill*         0x000000000000e37a        0x6 
 .text._ZNK4popl5ValueINSt7__cxx1112basic_stringIcSt11char_traitsIcESaIcEEEE5valueEm
                0x000000000000e380      0x552 /home/haron/Desktop/sip-example/build/sip_worker/sip-worker/main.o
                0x000000000000e380                popl::Value<std::__cxx11::basic_string<char, std::char_traits<char>, std::allocator<char> > >::value(unsigned long) const
 *fill*         0x000000000000e8d2        0xe 
 .text._ZNK4popl5ValueIjE5valueEm
                0x000000000000e8e0      0x514 /home/haron/Desktop/sip-example/build/sip_worker/sip-worker/main.o
                0x000000000000e8e0                popl::Value<unsigned int>::value(unsigned long) const
 *fill*         0x000000000000edf4        0xc 
 .text._ZNK4popl5ValueIcE5valueEm
                0x000000000000ee00      0x514 /home/haron/Desktop/sip-example/build/sip_worker/sip-worker/main.o
                0x000000000000ee00                popl::Value<char>::value(unsigned long) const
 *fill*         0x000000000000f314       0x2c 
 .text._ZNSt6vectorINSt7__cxx1112basic_stringIcSt11char_traitsIcESaIcEEESaIS5_EE17_M_realloc_appendIJRKS5_EEEvDpOT_
                0x000000000000f340      0x220 /home/haron/Desktop/sip-example/build/sip_worker/sip-worker/main.o
                0x000000000000f340                void std::vector<std::__cxx11::basic_string<char, std::char_traits<char>, std::allocator<char> >, std::allocator<std::__cxx11::basic_string<char, std::char_traits<char>, std::allocator<char> > > >::_M_realloc_append<std::__cxx11::basic_string<char, std::char_traits<char>, std::allocator<char> > const&>(std::__cxx11::basic_string<char, std::char_traits<char>, std::allocator<char> > const&)
 .text._ZNK4popl20ConsoleOptionPrinter5printB5cxx11ERKNS_9AttributeE
                0x000000000000f560     0x1283 /home/haron/Desktop/sip-example/build/sip_worker/sip-worker/main.o
                0x000000000000f560                popl::ConsoleOptionPrinter::print[abi:cxx11](popl::Attribute const&) const
 *fill*         0x00000000000107e3        0xd 
 .text._ZN4popl5ValueINSt7__cxx1112basic_stringIcSt11char_traitsIcESaIcEEEE9add_valueERKS6_
                0x00000000000107f0      0x108 /home/haron/Desktop/sip-example/build/sip_worker/sip-worker/main.o
                0x00000000000107f0                popl::Value<std::__cxx11::basic_string<char, std::char_traits<char>, std::allocator<char> > >::add_value(std::__cxx11::basic_string<char, std::char_traits<char>, std::allocator<char> > const&)
 *fill*         0x00000000000108f8        0x8 
 .text._ZN4popl5ValueINSt7__cxx1112basic_stringIcSt11char_traitsIcESaIcEEEE5parseENS_10OptionNameEPKc
                0x0000000000010900      0x3c0 /home/haron/Desktop/sip-example/build/sip_worker/sip-worker/main.o
                0x0000000000010900                popl::Value<std::__cxx11::basic_string<char, std::char_traits<char>, std::allocator<char> > >::parse(popl::OptionName, char const*)
 .text._ZNSt6vectorINSt7__cxx1112basic_stringIcSt11char_traitsIcESaIcEEESaIS5_EE17_M_realloc_appendIJRKPKcEEEvDpOT_
                0x0000000000010cc0      0x302 /home/haron/Desktop/sip-example/build/sip_worker/sip-worker/main.o
                0x0000000000010cc0                void std::vector<std::__cxx11::basic_string<char, std::char_traits<char>, std::allocator<char> >, std::allocator<std::__cxx11::basic_string<char, std::char_traits<char>, std::allocator<char> > > >::_M_realloc_append<char const* const&>(char const* const&)
 *fill*         0x0000000000010fc2       0x1e 
 .text._ZN4popl12OptionParser5parseEiPKPKc
                0x0000000000010fe0     0x198f /home/haron/Desktop/sip-example/build/sip_worker/sip-worker/main.o
                0x0000000000010fe0                popl::OptionParser::parse(int, char const* const*)
 *fill*         0x000000000001296f       0x11 
 .text._ZNSt6vectorIbSaIbEE13_M_insert_auxESt13_Bit_iteratorb
                0x0000000000012980      0x3f8 /home/haron/Desktop/sip-example/build/sip_worker/sip-worker/main.o
                0x0000000000012980                std::vector<bool, std::allocator<bool> >::_M_insert_aux(std::_Bit_iterator, bool)
 *fill*         0x0000000000012d78        0x8 
 .text._ZN4popl5ValueIbE9add_valueERKb
                0x0000000000012d80      0x1cd /home/haron/Desktop/sip-example/build/sip_worker/sip-worker/main.o
                0x0000000000012d80                popl::Value<bool>::add_value(bool const&)
 *fill*         0x0000000000012f4d        0x3 
 .text._ZN4popl6Switch5parseENS_10OptionNameEPKc
                0x0000000000012f50      0x21a /home/haron/Desktop/sip-example/build/sip_worker/sip-worker/main.o
                0x0000000000012f50                popl::Switch::parse(popl::OptionName, char const*)
 *fill*         0x000000000001316a        0x6 
 .text._ZN4popl5ValueIbE5parseENS_10OptionNameEPKc
                0x0000000000013170      0x29a /home/haron/Desktop/sip-example/build/sip_worker/sip-worker/main.o
                0x0000000000013170                popl::Value<bool>::parse(popl::OptionName, char const*)
 *fill*         0x000000000001340a       0x16 
 .text._ZNSt6vectorISt10shared_ptrIN4popl6OptionEESaIS3_EE17_M_realloc_appendIJS3_EEEvDpOT_
                0x0000000000013420      0x136 /home/haron/Desktop/sip-example/build/sip_worker/sip-worker/main.o
                0x0000000000013420                void std::vector<std::shared_ptr<popl::Option>, std::allocator<std::shared_ptr<popl::Option> > >::_M_realloc_append<std::shared_ptr<popl::Option> >(std::shared_ptr<popl::Option>&&)
 *fill*         0x0000000000013556        0xa 
 .text._ZN4popl12OptionParser3addINS_6SwitchELNS_9AttributeE3EJRA2_KcRA5_S4_RA21_S4_EEESt10shared_ptrIT_EDpOT1_
                0x0000000000013560      0xae9 /home/haron/Desktop/sip-example/build/sip_worker/sip-worker/main.o
                0x0000000000013560                std::shared_ptr<popl::Switch> popl::OptionParser::add<popl::Switch, (popl::Attribute)3, char const (&) [2], char const (&) [5], char const (&) [21]>(char const (&) [2], char const (&) [5], char const (&) [21])
 *fill*         0x0000000000014049        0x7 
 .text._ZN4popl12OptionParser3addINS_5ValueIcEELNS_9AttributeE3EJRA2_KcRA7_S5_RA23_S5_cEEESt10shared_ptrIT_EDpOT1_
                0x0000000000014050      0xa8e /home/haron/Desktop/sip-example/build/sip_worker/sip-worker/main.o
                0x0000000000014050                std::shared_ptr<popl::Value<char> > popl::OptionParser::add<popl::Value<char>, (popl::Attribute)3, char const (&) [2], char const (&) [7], char const (&) [23], char>(char const (&) [2], char const (&) [7], char const (&) [23], char&&)
 *fill*         0x0000000000014ade        0x2 
 .text._ZN4popl12OptionParser3addINS_5ValueIjEELNS_9AttributeE3EJRA2_KcRA5_S5_RA25_S5_iEEESt10shared_ptrIT_EDpOT1_
                0x0000000000014ae0      0xa58 /home/haron/Desktop/sip-example/build/sip_worker/sip-worker/main.o
                0x0000000000014ae0                std::shared_ptr<popl::Value<unsigned int> > popl::OptionParser::add<popl::Value<unsigned int>, (popl::Attribute)3, char const (&) [2], char const (&) [5], char const (&) [25], int>(char const (&) [2], char const (&) [5], char const (&) [25], int&&)
 *fill*         0x0000000000015538        0x8 
 .text._ZSt10_ConstructIN4popl5ValueINSt7__cxx1112basic_stringIcSt11char_traitsIcESaIcEEEEEJRA2_KcRA5_S9_RA27_S9_RA11_S9_EEvPT_DpOT0_
                0x0000000000015540      0x5ec /home/haron/Desktop/sip-example/build/sip_worker/sip-worker/main.o
                0x0000000000015540                void std::_Construct<popl::Value<std::__cxx11::basic_string<char, std::char_traits<char>, std::allocator<char> > >, char const (&) [2], char const (&) [5], char const (&) [27], char const (&) [11]>(popl::Value<std::__cxx11::basic_string<char, std::char_traits<char>, std::allocator<char> > >*, char const (&) [2], char const (&) [5], char const (&) [27], char const (&) [11])
 *fill*         0x0000000000015b2c        0x4 
 .text._ZN4popl12OptionParser3addINS_5ValueINSt7__cxx1112basic_stringIcSt11char_traitsIcESaIcEEEEELNS_9AttributeE3EJRA2_KcRA5_SB_RA27_SB_RA11_SB_EEESt10shared_ptrIT_EDpOT1_
                0x0000000000015b30      0x61f /home/haron/Desktop/sip-example/build/sip_worker/sip-worker/main.o
                0x0000000000015b30                std::shared_ptr<popl::Value<std::__cxx11::basic_string<char, std::char_traits<char>, std::allocator<char> > > > popl::OptionParser::add<popl::Value<std::__cxx11::basic_string<char, std::char_traits<char>, std::allocator<char> > >, (popl::Attribute)3, char const (&) [2], char const (&) [5], char const (&) [27], char const (&) [11]>(char const (&) [2], char const (&) [5], char const (&) [27], char const (&) [11])
 *fill*         0x000000000001614f        0x1 
 .text._ZN7outpost5posix11SystemClockD0Ev
                0x0000000000016150        0xa /home/haron/Desktop/sip-example/build/sip_worker/sip-worker/main.o
                0x0000000000016150                outpost::posix::SystemClock::~SystemClock()
 *fill*         0x000000000001615a        0x6 
 .text._ZNSt6vectorIcSaIcEE17_M_realloc_appendIJRKcEEEvDpOT_
                0x0000000000016160       0xda /home/haron/Desktop/sip-example/build/sip_worker/sip-worker/main.o
                0x0000000000016160                void std::vector<char, std::allocator<char> >::_M_realloc_append<char const&>(char const&)
 *fill*         0x000000000001623a        0x6 
 .text._ZN4popl5ValueIcE9add_valueERKc
                0x0000000000016240       0xf1 /home/haron/Desktop/sip-example/build/sip_worker/sip-worker/main.o
                0x0000000000016240                popl::Value<char>::add_value(char const&)
 *fill*         0x0000000000016331        0xf 
 .text._ZN4popl5ValueIcE5parseENS_10OptionNameEPKc
                0x0000000000016340      0xa96 /home/haron/Desktop/sip-example/build/sip_worker/sip-worker/main.o
                0x0000000000016340                popl::Value<char>::parse(popl::OptionName, char const*)
 *fill*         0x0000000000016dd6        0xa 
 .text._ZNSt6vectorIjSaIjEE17_M_realloc_appendIJRKjEEEvDpOT_
                0x0000000000016de0       0xf2 /home/haron/Desktop/sip-example/build/sip_worker/sip-worker/main.o
                0x0000000000016de0                void std::vector<unsigned int, std::allocator<unsigned int> >::_M_realloc_append<unsigned int const&>(unsigned int const&)
 *fill*         0x0000000000016ed2        0xe 
 .text._ZN4popl5ValueIjE9add_valueERKj
                0x0000000000016ee0       0xf1 /home/haron/Desktop/sip-example/build/sip_worker/sip-worker/main.o